Archive member included to satisfy reference by file (symbol)

/opt/libopencm3/lib/libopencm3_stm32f1.a(gpio.o)
                              bin/uart/uart.o (gpio_set_mode)
/opt/libopencm3/lib/libopencm3_stm32f1.a(gpio_common_all.o)
                              bin/source/main.o (gpio_set)
/opt/libopencm3/lib/libopencm3_stm32f1.a(iwdg_common_all.o)
                              bin/watchdog/iwdg.o (iwdg_start)
/opt/libopencm3/lib/libopencm3_stm32f1.a(rcc.o)
                              bin/source/main.o (rcc_clock_setup_in_hse_8mhz_out_72mhz)
/opt/libopencm3/lib/libopencm3_stm32f1.a(rcc_common_all.o)
                              bin/uart/uart.o (rcc_periph_clock_enable)
/opt/libopencm3/lib/libopencm3_stm32f1.a(usart_common_all.o)
                              bin/uart/uart.o (usart_set_baudrate)
/opt/libopencm3/lib/libopencm3_stm32f1.a(usart_common_f124.o)
                              /opt/libopencm3/lib/libopencm3_stm32f1.a(usart_common_all.o) (usart_send)
/opt/libopencm3/lib/libopencm3_stm32f1.a(vector.o)
                              (reset_handler)
/opt/libopencm3/lib/libopencm3_stm32f1.a(assert.o)
                              /opt/libopencm3/lib/libopencm3_stm32f1.a(rcc.o) (cm3_assert_failed)
/opt/libopencm3/lib/libopencm3_stm32f1.a(flash_common_all.o)
                              /opt/libopencm3/lib/libopencm3_stm32f1.a(rcc.o) (flash_set_ws)
/opt/gcc-arm/bin/../lib/gcc/arm-none-eabi/9.2.1/../../../../arm-none-eabi/lib/thumb/v7-m/nofp/libc_nano.a(lib_a-errno.o)
                              bin/uart/retarget.o (__errno)
/opt/gcc-arm/bin/../lib/gcc/arm-none-eabi/9.2.1/../../../../arm-none-eabi/lib/thumb/v7-m/nofp/libc_nano.a(lib_a-impure.o)
                              /opt/gcc-arm/bin/../lib/gcc/arm-none-eabi/9.2.1/../../../../arm-none-eabi/lib/thumb/v7-m/nofp/libc_nano.a(lib_a-errno.o) (_impure_ptr)
/opt/gcc-arm/bin/../lib/gcc/arm-none-eabi/9.2.1/../../../../arm-none-eabi/lib/thumb/v7-m/nofp/libc_nano.a(lib_a-memcpy-stub.o)
                              bin/rtos/queue.o (memcpy)
/opt/gcc-arm/bin/../lib/gcc/arm-none-eabi/9.2.1/../../../../arm-none-eabi/lib/thumb/v7-m/nofp/libc_nano.a(lib_a-memset.o)
                              bin/u8g2/u8log.o (memset)
/opt/gcc-arm/bin/../lib/gcc/arm-none-eabi/9.2.1/../../../../arm-none-eabi/lib/thumb/v7-m/nofp/libc_nano.a(lib_a-nano-vfprintf_float.o)
                              (_printf_float)
/opt/gcc-arm/bin/../lib/gcc/arm-none-eabi/9.2.1/../../../../arm-none-eabi/lib/thumb/v7-m/nofp/libc_nano.a(lib_a-nano-vfprintf_i.o)
                              /opt/gcc-arm/bin/../lib/gcc/arm-none-eabi/9.2.1/../../../../arm-none-eabi/lib/thumb/v7-m/nofp/libc_nano.a(lib_a-nano-vfprintf_float.o) (_printf_common)
/opt/gcc-arm/bin/../lib/gcc/arm-none-eabi/9.2.1/../../../../arm-none-eabi/lib/thumb/v7-m/nofp/libc_nano.a(lib_a-putchar.o)
                              bin/u8g2/u8x8_d_stdio.o (putchar)
/opt/gcc-arm/bin/../lib/gcc/arm-none-eabi/9.2.1/../../../../arm-none-eabi/lib/thumb/v7-m/nofp/libc_nano.a(lib_a-puts.o)
                              bin/source/main.o (puts)
/opt/gcc-arm/bin/../lib/gcc/arm-none-eabi/9.2.1/../../../../arm-none-eabi/lib/thumb/v7-m/nofp/libc_nano.a(lib_a-strlen.o)
                              /opt/gcc-arm/bin/../lib/gcc/arm-none-eabi/9.2.1/../../../../arm-none-eabi/lib/thumb/v7-m/nofp/libc_nano.a(lib_a-nano-vfprintf_float.o) (strlen)
/opt/gcc-arm/bin/../lib/gcc/arm-none-eabi/9.2.1/../../../../arm-none-eabi/lib/thumb/v7-m/nofp/libc_nano.a(lib_a-wbuf.o)
                              /opt/gcc-arm/bin/../lib/gcc/arm-none-eabi/9.2.1/../../../../arm-none-eabi/lib/thumb/v7-m/nofp/libc_nano.a(lib_a-puts.o) (__swbuf_r)
/opt/gcc-arm/bin/../lib/gcc/arm-none-eabi/9.2.1/../../../../arm-none-eabi/lib/thumb/v7-m/nofp/libc_nano.a(lib_a-wsetup.o)
                              /opt/gcc-arm/bin/../lib/gcc/arm-none-eabi/9.2.1/../../../../arm-none-eabi/lib/thumb/v7-m/nofp/libc_nano.a(lib_a-puts.o) (__swsetup_r)
/opt/gcc-arm/bin/../lib/gcc/arm-none-eabi/9.2.1/../../../../arm-none-eabi/lib/thumb/v7-m/nofp/libc_nano.a(lib_a-dtoa.o)
                              /opt/gcc-arm/bin/../lib/gcc/arm-none-eabi/9.2.1/../../../../arm-none-eabi/lib/thumb/v7-m/nofp/libc_nano.a(lib_a-nano-vfprintf_float.o) (_dtoa_r)
/opt/gcc-arm/bin/../lib/gcc/arm-none-eabi/9.2.1/../../../../arm-none-eabi/lib/thumb/v7-m/nofp/libc_nano.a(lib_a-fflush.o)
                              /opt/gcc-arm/bin/../lib/gcc/arm-none-eabi/9.2.1/../../../../arm-none-eabi/lib/thumb/v7-m/nofp/libc_nano.a(lib_a-wbuf.o) (_fflush_r)
/opt/gcc-arm/bin/../lib/gcc/arm-none-eabi/9.2.1/../../../../arm-none-eabi/lib/thumb/v7-m/nofp/libc_nano.a(lib_a-findfp.o)
                              /opt/gcc-arm/bin/../lib/gcc/arm-none-eabi/9.2.1/../../../../arm-none-eabi/lib/thumb/v7-m/nofp/libc_nano.a(lib_a-putchar.o) (__sinit)
/opt/gcc-arm/bin/../lib/gcc/arm-none-eabi/9.2.1/../../../../arm-none-eabi/lib/thumb/v7-m/nofp/libc_nano.a(lib_a-fwalk.o)
[...]
Memory Configuration

Name             Origin             Length             Attributes
ram              0x0000000020000000 0x0000000000005000 xrw
rom              0x0000000008000000 0x0000000000010000 xr
*default*        0x0000000000000000 0xffffffffffffffff

Linker script and memory map

LOAD bin/uart/retarget.o
LOAD bin/uart/uart.o
LOAD bin/u8g2/u8x8_d_ssd1327.o
LOAD bin/u8g2/u8x8_d_uc1601.o
LOAD bin/u8g2/u8x8_d_ssd1322.o
LOAD bin/u8g2/u8g2_kerning.o
LOAD bin/u8g2/u8x8_d_pcd8544_84x48.o
LOAD bin/u8g2/u8x8_byte.o
LOAD bin/u8g2/u8log.o
LOAD bin/u8g2/u8x8_d_uc1617.o
LOAD bin/u8g2/u8g2_line.o
LOAD bin/u8g2/u8x8_d_sh1106_72x40.o
LOAD bin/u8g2/u8x8_d_stdio.o
LOAD bin/u8g2/u8x8_d_uc1611.o
LOAD bin/u8g2/u8x8_d_uc1638.o
LOAD bin/u8g2/u8x8_d_ist3020.o
LOAD bin/u8g2/u8x8_d_uc1610.o
LOAD bin/u8g2/u8x8_d_max7219.o
LOAD bin/u8g2/u8x8_8x8.o
LOAD bin/u8g2/u8x8_fonts.o
LOAD bin/u8g2/u8x8_string.o
LOAD bin/u8g2/u8g2_d_memory.o
LOAD bin/u8g2/u8x8_d_ssd1317.o
LOAD bin/u8g2/u8g2_bitmap.o
LOAD bin/u8g2/u8x8_d_ssd1326.o
LOAD bin/u8g2/u8x8_d_ssd1329.o
LOAD bin/u8g2/u8x8_d_sh1107.o
LOAD bin/u8g2/u8x8_d_uc1608.o
LOAD bin/u8g2/u8x8_selection_list.o
LOAD bin/u8g2/u8x8_message.o
LOAD bin/u8g2/u8x8_setup.o
LOAD bin/u8g2/u8x8_d_pcf8814_hx1230.o
LOAD bin/u8g2/u8x8_d_st7586s_s028hn118a.o
LOAD bin/u8g2/u8g2_polygon.o
LOAD bin/u8g2/u8x8_d_ssd1606_172x72.o
LOAD bin/u8g2/u8g2_cleardisplay.o
LOAD bin/u8g2/u8x8_input_value.o
LOAD bin/u8g2/u8x8_d_ks0108.o
LOAD bin/u8g2/u8x8_d_uc1701_mini12864.o
LOAD bin/u8g2/u8x8_d_ssd1306_128x32.o
LOAD bin/u8g2/u8x8_d_lc7981.o
LOAD bin/u8g2/u8x8_d_ssd1309.o
LOAD bin/u8g2/u8g2_d_setup.o
LOAD bin/u8g2/u8g2_input_value.o
LOAD bin/u8g2/u8g2_box.o
LOAD bin/u8g2/u8log_u8g2.o
LOAD bin/u8g2/u8x8_d_st7588.o
LOAD bin/u8g2/u8x8_debounce.o
LOAD bin/u8g2/u8x8_d_ssd1306_64x32.o
LOAD bin/u8g2/u8g2_intersection.o
LOAD bin/u8g2/u8x8_d_uc1701_dogs102.o
LOAD bin/u8g2/u8x8_cad.o
LOAD bin/u8g2/u8x8_d_pcf8812.o
LOAD bin/u8g2/u8x8_d_sbn1661.o
LOAD bin/u8g2/u8x8_d_ld7032_60x32.o
LOAD bin/u8g2/u8x8_d_uc1604.o
LOAD bin/u8g2/u8x8_d_ls013b7dh03.o
LOAD bin/u8g2/u8x8_d_ssd1306_96x16.o
LOAD bin/u8g2/u8x8_d_ssd1306_128x64_noname.o
LOAD bin/u8g2/u8x8_d_ssd1306_48x64.o
LOAD bin/u8g2/u8x8_d_st75256.o
LOAD bin/u8g2/u8x8_d_sh1108.o
LOAD bin/u8g2/u8x8_u16toa.o
LOAD bin/u8g2/u8x8_u8toa.o
LOAD bin/u8g2/u8x8_d_st7567.o
LOAD bin/u8g2/u8x8_d_st7920.o
LOAD bin/u8g2/u8x8_d_a2printer.o
LOAD bin/u8g2/u8g2_hvline.o
LOAD bin/u8g2/u8x8_display.o
LOAD bin/u8g2/u8x8_d_ssd1325.o
LOAD bin/u8g2/u8x8_d_sh1106_64x32.o
LOAD bin/u8g2/u8x8_d_ssd1306_64x48.o
LOAD bin/u8g2/u8x8_d_il3820_296x128.o
LOAD bin/u8g2/u8x8_d_t6963.o
LOAD bin/u8g2/u8x8_d_ssd1607_200x200.o
LOAD bin/u8g2/u8g2_buffer.o
LOAD bin/u8g2/u8x8_d_st7586s_erc240160.o
LOAD bin/u8g2/u8log_u8x8.o
LOAD bin/u8g2/u8x8_d_sed1330.o
LOAD bin/u8g2/u8g2_ll_hvline.o
LOAD bin/u8g2/u8g2_selection_list.o
LOAD bin/u8g2/u8g2_message.o
LOAD bin/u8g2/u8g2_font.o
LOAD bin/u8g2/u8g2_setup.o
LOAD bin/u8g2/u8x8_d_sh1122.o
LOAD bin/u8g2/u8x8_d_ssd1305.o
LOAD bin/u8g2/u8x8_d_st7565.o
LOAD bin/u8g2/u8g2_circle.o
LOAD bin/u8g2/u8x8_gpio.o
LOAD bin/u8g2/u8g2_fonts.o
LOAD bin/rtos/queue.o
LOAD bin/rtos/croutine.o
LOAD bin/rtos/list.o
LOAD bin/rtos/event_groups.o
LOAD bin/rtos/stream_buffer.o
LOAD bin/rtos/tasks.o
LOAD bin/rtos/opencm3.o
LOAD bin/rtos/timers.o
LOAD bin/watchdog/iwdg.o
LOAD bin/rtos/portable/ARM_CM3/port.o
LOAD bin/rtos/portable/MemMang/heap_4.o
LOAD bin/source/main.o
LOAD /opt/libopencm3/lib/libopencm3_stm32f1.a
START GROUP
LOAD /opt/gcc-arm/bin/../lib/gcc/arm-none-eabi/9.2.1/../../../../arm-none-eabi/lib/thumb/v7-m/nofp/libc_nano.a
LOAD /opt/gcc-arm/bin/../lib/gcc/arm-none-eabi/9.2.1/thumb/v7-m/nofp/libgcc.a
LOAD /opt/gcc-arm/bin/../lib/gcc/arm-none-eabi/9.2.1/../../../../arm-none-eabi/lib/thumb/v7-m/nofp/libnosys.a
END GROUP
START GROUP
LOAD /opt/gcc-arm/bin/../lib/gcc/arm-none-eabi/9.2.1/thumb/v7-m/nofp/libgcc.a
LOAD /opt/gcc-arm/bin/../lib/gcc/arm-none-eabi/9.2.1/../../../../arm-none-eabi/lib/thumb/v7-m/nofp/libc_nano.a
END GROUP
START GROUP
LOAD /opt/gcc-arm/bin/../lib/gcc/arm-none-eabi/9.2.1/thumb/v7-m/nofp/libgcc.a
LOAD /opt/gcc-arm/bin/../lib/gcc/arm-none-eabi/9.2.1/../../../../arm-none-eabi/lib/thumb/v7-m/nofp/libc_nano.a
END GROUP

.text           0x0000000008000000     0x8ee0
 *(.vectors)
 .vectors       0x0000000008000000      0x150 /opt/libopencm3/lib/libopencm3_stm32f1.a(vector.o)
                0x0000000008000000                vector_table
 *(.text*)
 .text._write   0x0000000008000150       0x48 bin/uart/retarget.o
                0x0000000008000150                _write
 .text.init_uart
                0x0000000008000198       0x68 bin/uart/uart.o
                0x0000000008000198                init_uart
 .text.u8x8_byte_SendBytes
                0x0000000008000200       0x10 bin/u8g2/u8x8_byte.o
                0x0000000008000200                u8x8_byte_SendBytes
 .text.u8x8_byte_SendByte
                0x0000000008000210       0x16 bin/u8g2/u8x8_byte.o
                0x0000000008000210                u8x8_byte_SendByte
 .text.u8x8_byte_4wire_sw_spi
                0x0000000008000226       0xe2 bin/u8g2/u8x8_byte.o
                0x0000000008000226                u8x8_byte_4wire_sw_spi
 .text.u8x8_utf8_next
                0x0000000008000308       0x92 bin/u8g2/u8x8_8x8.o
                0x0000000008000308                u8x8_utf8_next
 .text.u8x8_utf8_init
                0x000000000800039a        0x8 bin/u8g2/u8x8_8x8.o
                0x000000000800039a                u8x8_utf8_init
 *fill*         0x00000000080003a2        0x2 
 .text.u8g2_m_16_8_f
                0x00000000080003a4        0xc bin/u8g2/u8g2_d_memory.o
                0x00000000080003a4                u8g2_m_16_8_f
 .text.u8x8_dummy_cb
                0x00000000080003b0        0x4 bin/u8g2/u8x8_setup.o
                0x00000000080003b0                u8x8_dummy_cb
 .text.u8x8_SetupDefaults
                0x00000000080003b4       0x24 bin/u8g2/u8x8_setup.o
                0x00000000080003b4                u8x8_SetupDefaults
 .text.u8x8_Setup
                0x00000000080003d8       0x1c bin/u8g2/u8x8_setup.o
                0x00000000080003d8                u8x8_Setup
 .text.u8g2_Setup_st7920_s_128x64_f
                0x00000000080003f4       0x3c bin/u8g2/u8g2_d_setup.o
                0x00000000080003f4                u8g2_Setup_st7920_s_128x64_f
 .text.u8g2_DrawFrame
                0x0000000008000430       0x78 bin/u8g2/u8g2_box.o
                0x0000000008000430                u8g2_DrawFrame
 .text.u8g2_is_intersection_decision_tree
                0x00000000080004a8       0x1e bin/u8g2/u8g2_intersection.o
                0x00000000080004a8                u8g2_is_intersection_decision_tree
 .text.u8g2_IsIntersection
                0x00000000080004c6       0x30 bin/u8g2/u8g2_intersection.o
                0x00000000080004c6                u8g2_IsIntersection
 .text.u8x8_cad_SendCmd
                0x00000000080004f6       0x10 bin/u8g2/u8x8_cad.o
                0x00000000080004f6                u8x8_cad_SendCmd
 .text.u8x8_cad_SendData
                0x0000000008000506       0x10 bin/u8g2/u8x8_cad.o
                0x0000000008000506                u8x8_cad_SendData
 .text.u8x8_cad_StartTransfer
                0x0000000008000516       0x10 bin/u8g2/u8x8_cad.o
                0x0000000008000516                u8x8_cad_StartTransfer
 .text.u8x8_cad_EndTransfer
                0x0000000008000526       0x10 bin/u8g2/u8x8_cad.o
                0x0000000008000526                u8x8_cad_EndTransfer
 .text.u8x8_cad_SendSequence
                0x0000000008000536       0x62 bin/u8g2/u8x8_cad.o
                0x0000000008000536                u8x8_cad_SendSequence
 .text.u8x8_cad_st7920_spi
                0x0000000008000598      0x114 bin/u8g2/u8x8_cad.o
                0x0000000008000598                u8x8_cad_st7920_spi
 .text.u8x8_d_st7920_common
                0x00000000080006ac       0xb4 bin/u8g2/u8x8_d_st7920.o
                0x00000000080006ac                u8x8_d_st7920_common
 .text.u8x8_d_st7920_128x64
                0x0000000008000760       0x1c bin/u8g2/u8x8_d_st7920.o
                0x0000000008000760                u8x8_d_st7920_128x64
 .text.u8g2_draw_hv_line_2dir
                0x000000000800077c       0x18 bin/u8g2/u8g2_hvline.o
                0x000000000800077c                u8g2_draw_hv_line_2dir
 .text.u8g2_DrawHVLine
                0x0000000008000794       0xd0 bin/u8g2/u8g2_hvline.o
                0x0000000008000794                u8g2_DrawHVLine
 .text.u8x8_d_helper_display_setup_memory
                0x0000000008000864        0xa bin/u8g2/u8x8_display.o
                0x0000000008000864                u8x8_d_helper_display_setup_memory
 .text.u8x8_d_helper_display_init
                0x000000000800086e       0x60 bin/u8g2/u8x8_display.o
                0x000000000800086e                u8x8_d_helper_display_init
 .text.u8x8_DrawTile
                0x00000000080008ce       0x20 bin/u8g2/u8x8_display.o
                0x00000000080008ce                u8x8_DrawTile
 .text.u8x8_SetupMemory
                0x00000000080008ee       0x10 bin/u8g2/u8x8_display.o
                0x00000000080008ee                u8x8_SetupMemory
 .text.u8x8_InitDisplay
                0x00000000080008fe       0x10 bin/u8g2/u8x8_display.o
                0x00000000080008fe                u8x8_InitDisplay
 .text.u8x8_RefreshDisplay
                0x000000000800090e       0x10 bin/u8g2/u8x8_display.o
                0x000000000800090e                u8x8_RefreshDisplay
 .text.u8g2_send_buffer
                0x000000000800091e       0x50 bin/u8g2/u8g2_buffer.o
 .text.u8g2_ClearBuffer
                0x000000000800096e       0x14 bin/u8g2/u8g2_buffer.o
                0x000000000800096e                u8g2_ClearBuffer
 .text.u8g2_SendBuffer
                0x0000000008000982       0x12 bin/u8g2/u8g2_buffer.o
                0x0000000008000982                u8g2_SendBuffer
 .text.u8g2_ll_hvline_horizontal_right_lsb
                0x0000000008000994       0x80 bin/u8g2/u8g2_ll_hvline.o
                0x0000000008000994                u8g2_ll_hvline_horizontal_right_lsb
 .text.u8g2_font_get_word
                0x0000000008000a14        0xe bin/u8g2/u8g2_font.o
 .text.u8g2_add_vector_y
                0x0000000008000a22       0x1c bin/u8g2/u8g2_font.o
 .text.u8g2_add_vector_x
                0x0000000008000a3e       0x1c bin/u8g2/u8g2_font.o
 .text.u8g2_font_calc_vref_font
                0x0000000008000a5a        0x4 bin/u8g2/u8g2_font.o
                0x0000000008000a5a                u8g2_font_calc_vref_font
 .text.u8g2_read_font_info
                0x0000000008000a5e       0x6a bin/u8g2/u8g2_font.o
                0x0000000008000a5e                u8g2_read_font_info
 .text.u8g2_font_decode_get_unsigned_bits
                0x0000000008000ac8       0x3c bin/u8g2/u8g2_font.o
                0x0000000008000ac8                u8g2_font_decode_get_unsigned_bits
 .text.u8g2_font_setup_decode
                0x0000000008000b04       0x40 bin/u8g2/u8g2_font.o
 .text.u8g2_font_decode_get_signed_bits
                0x0000000008000b44       0x16 bin/u8g2/u8g2_font.o
                0x0000000008000b44                u8g2_font_decode_get_signed_bits
 .text.u8g2_font_decode_len
                0x0000000008000b5a       0x98 bin/u8g2/u8g2_font.o
                0x0000000008000b5a                u8g2_font_decode_len
 .text.u8g2_font_decode_glyph
                0x0000000008000bf2      0x130 bin/u8g2/u8g2_font.o
                0x0000000008000bf2                u8g2_font_decode_glyph
 .text.u8g2_font_get_glyph_data
                0x0000000008000d22       0x6e bin/u8g2/u8g2_font.o
                0x0000000008000d22                u8g2_font_get_glyph_data
 .text.u8g2_SetFontMode
                0x0000000008000d90        0x6 bin/u8g2/u8g2_font.o
                0x0000000008000d90                u8g2_SetFontMode
 .text.u8g2_DrawGlyph
                0x0000000008000d96       0x5a bin/u8g2/u8g2_font.o
                0x0000000008000d96                u8g2_DrawGlyph
 .text.u8g2_draw_string
                0x0000000008000df0       0x6c bin/u8g2/u8g2_font.o
 .text.u8g2_DrawUTF8
                0x0000000008000e5c       0x10 bin/u8g2/u8g2_font.o
                0x0000000008000e5c                u8g2_DrawUTF8
 .text.u8g2_UpdateRefHeight
                0x0000000008000e6c       0x56 bin/u8g2/u8g2_font.o
                0x0000000008000e6c                u8g2_UpdateRefHeight
 *fill*         0x0000000008000ec2        0x2 
 .text.u8g2_SetFontPosBaseline
                0x0000000008000ec4        0xc bin/u8g2/u8g2_font.o
                0x0000000008000ec4                u8g2_SetFontPosBaseline
 .text.u8g2_SetFont
                0x0000000008000ed0       0x1e bin/u8g2/u8g2_font.o
                0x0000000008000ed0                u8g2_SetFont
 .text.u8g2_SetFontDirection
                0x0000000008000eee        0x6 bin/u8g2/u8g2_font.o
                0x0000000008000eee                u8g2_SetFontDirection
 .text.u8g2_update_dimension_common
                0x0000000008000ef4       0x5e bin/u8g2/u8g2_setup.o
 .text.u8g2_update_dimension_r0
                0x0000000008000f52        0x4 bin/u8g2/u8g2_setup.o
                0x0000000008000f52                u8g2_update_dimension_r0
 .text.u8g2_draw_l90_r0
                0x0000000008000f56        0xe bin/u8g2/u8g2_setup.o
                0x0000000008000f56                u8g2_draw_l90_r0
 .text.u8g2_apply_clip_window
                0x0000000008000f64       0x6c bin/u8g2/u8g2_setup.o
 .text.u8g2_update_page_win_r0
                0x0000000008000fd0       0x22 bin/u8g2/u8g2_setup.o
                0x0000000008000fd0                u8g2_update_page_win_r0
 .text.u8g2_SetMaxClipWindow
                0x0000000008000ff2       0x16 bin/u8g2/u8g2_setup.o
                0x0000000008000ff2                u8g2_SetMaxClipWindow
 .text.u8g2_SetupBuffer
                0x0000000008001008       0x3e bin/u8g2/u8g2_setup.o
                0x0000000008001008                u8g2_SetupBuffer
 .text.u8x8_gpio_call
                0x0000000008001046        0xc bin/u8g2/u8x8_gpio.o
                0x0000000008001046                u8x8_gpio_call
 .text.vListInitialise
                0x0000000008001052       0x16 bin/rtos/list.o
                0x0000000008001052                vListInitialise
 .text.vListInitialiseItem
                0x0000000008001068        0x6 bin/rtos/list.o
                0x0000000008001068                vListInitialiseItem
 .text.vListInsertEnd
                0x000000000800106e       0x18 bin/rtos/list.o
                0x000000000800106e                vListInsertEnd
 .text.vListInsert
                0x0000000008001086       0x2e bin/rtos/list.o
                0x0000000008001086                vListInsert
 .text.uxListRemove
                0x00000000080010b4       0x20 bin/rtos/list.o
                0x00000000080010b4                uxListRemove
 .text.prvResetNextTaskUnblockTime
                0x00000000080010d4       0x24 bin/rtos/tasks.o
 .text.prvAddCurrentTaskToDelayedList
                0x00000000080010f8       0x8c bin/rtos/tasks.o
 .text.prvIdleTask
                0x0000000008001184       0x6c bin/rtos/tasks.o
 .text.xTaskCreate
                0x00000000080011f0      0x1b8 bin/rtos/tasks.o
                0x00000000080011f0                xTaskCreate
 .text.vTaskStartScheduler
                0x00000000080013a8       0x60 bin/rtos/tasks.o
                0x00000000080013a8                vTaskStartScheduler
 .text.vTaskSuspendAll
                0x0000000008001408       0x10 bin/rtos/tasks.o
                0x0000000008001408                vTaskSuspendAll
 .text.xTaskIncrementTick
                0x0000000008001418      0x10c bin/rtos/tasks.o
                0x0000000008001418                xTaskIncrementTick
 .text.xTaskResumeAll
                0x0000000008001524       0xd8 bin/rtos/tasks.o
                0x0000000008001524                xTaskResumeAll
 .text.vTaskDelay
                0x00000000080015fc       0x30 bin/rtos/tasks.o
                0x00000000080015fc                vTaskDelay
 .text.vTaskSwitchContext
                0x000000000800162c       0x60 bin/rtos/tasks.o
                0x000000000800162c                vTaskSwitchContext
 .text.sv_call_handler
                0x000000000800168c        0x4 bin/rtos/opencm3.o
                0x000000000800168c                sv_call_handler
 .text.pend_sv_handler
                0x0000000008001690        0x4 bin/rtos/opencm3.o
                0x0000000008001690                pend_sv_handler
 .text.sys_tick_handler
                0x0000000008001694        0x4 bin/rtos/opencm3.o
                0x0000000008001694                sys_tick_handler
 .text.iwd_init
                0x0000000008001698       0x16 bin/watchdog/iwdg.o
                0x0000000008001698                iwd_init
 .text.prvTaskExitError
                0x00000000080016ae       0x20 bin/rtos/portable/ARM_CM3/port.o
 *fill*         0x00000000080016ce        0x2 
 .text.prvPortStartFirstTask
                0x00000000080016d0       0x20 bin/rtos/portable/ARM_CM3/port.o
 .text.pxPortInitialiseStack
                0x00000000080016f0       0x24 bin/rtos/portable/ARM_CM3/port.o
                0x00000000080016f0                pxPortInitialiseStack
 *fill*         0x0000000008001714        0xc 
 .text.vPortSVCHandler
                0x0000000008001720       0x24 bin/rtos/portable/ARM_CM3/port.o
                0x0000000008001720                vPortSVCHandler
 .text.vPortEnterCritical
                0x0000000008001744       0x20 bin/rtos/portable/ARM_CM3/port.o
                0x0000000008001744                vPortEnterCritical
 .text.vPortExitCritical
                0x0000000008001764       0x14 bin/rtos/portable/ARM_CM3/port.o
                0x0000000008001764                vPortExitCritical
 *fill*         0x0000000008001778        0x8 
 .text.xPortPendSVHandler
                0x0000000008001780       0x44 bin/rtos/portable/ARM_CM3/port.o
                0x0000000008001780                xPortPendSVHandler
 .text.xPortSysTickHandler
                0x00000000080017c4       0x2c bin/rtos/portable/ARM_CM3/port.o
                0x00000000080017c4                xPortSysTickHandler
 .text.vPortSetupTimerInterrupt
                0x00000000080017f0       0x28 bin/rtos/portable/ARM_CM3/port.o
                0x00000000080017f0                vPortSetupTimerInterrupt
 .text.xPortStartScheduler
                0x0000000008001818       0x38 bin/rtos/portable/ARM_CM3/port.o
                0x0000000008001818                xPortStartScheduler
 .text.prvInsertBlockIntoFreeList
                0x0000000008001850       0x48 bin/rtos/portable/MemMang/heap_4.o
 .text.pvPortMalloc
                0x0000000008001898       0xf4 bin/rtos/portable/MemMang/heap_4.o
                0x0000000008001898                pvPortMalloc
 .text.vPortFree
                0x000000000800198c       0x58 bin/rtos/portable/MemMang/heap_4.o
                0x000000000800198c                vPortFree
 .text.Time_RTC
                0x00000000080019e4       0xf0 bin/source/main.o
 .text.u8g2_gpio_and_delay_stm32
                0x0000000008001ad4       0xe0 bin/source/main.o
                0x0000000008001ad4                u8g2_gpio_and_delay_stm32
 .text.startup.main
                0x0000000008001bb4       0x64 bin/source/main.o
                0x0000000008001bb4                main
 .text.gpio_set_mode
                0x0000000008001c18       0x5e /opt/libopencm3/lib/libopencm3_stm32f1.a(gpio.o)
                0x0000000008001c18                gpio_set_mode
 .text.gpio_set
                0x0000000008001c76        0x4 /opt/libopencm3/lib/libopencm3_stm32f1.a(gpio_common_all.o)
                0x0000000008001c76                gpio_set
 .text.gpio_clear
                0x0000000008001c7a        0x6 /opt/libopencm3/lib/libopencm3_stm32f1.a(gpio_common_all.o)
                0x0000000008001c7a                gpio_clear
 .text.iwdg_start
                0x0000000008001c80       0x10 /opt/libopencm3/lib/libopencm3_stm32f1.a(iwdg_common_all.o)
                0x0000000008001c80                iwdg_start
 .text.iwdg_reload_busy
                0x0000000008001c90       0x10 /opt/libopencm3/lib/libopencm3_stm32f1.a(iwdg_common_all.o)
                0x0000000008001c90                iwdg_reload_busy
 .text.iwdg_set_period_ms
                0x0000000008001ca0       0x64 /opt/libopencm3/lib/libopencm3_stm32f1.a(iwdg_common_all.o)
                0x0000000008001ca0                iwdg_set_period_ms
 .text.iwdg_reset
                0x0000000008001d04       0x10 /opt/libopencm3/lib/libopencm3_stm32f1.a(iwdg_common_all.o)
                0x0000000008001d04                iwdg_reset
 .text.rcc_osc_on.part.0
                0x0000000008001d14       0x10 /opt/libopencm3/lib/libopencm3_stm32f1.a(rcc.o)
 .text.rcc_is_osc_ready
                0x0000000008001d24       0x5c /opt/libopencm3/lib/libopencm3_stm32f1.a(rcc.o)
                0x0000000008001d24                rcc_is_osc_ready
 .text.rcc_wait_for_osc_ready
                0x0000000008001d80       0x10 /opt/libopencm3/lib/libopencm3_stm32f1.a(rcc.o)
                0x0000000008001d80                rcc_wait_for_osc_ready
 .text.rcc_osc_on
                0x0000000008001d90       0x54 /opt/libopencm3/lib/libopencm3_stm32f1.a(rcc.o)
                0x0000000008001d90                rcc_osc_on
 .text.rcc_set_sysclk_source
                0x0000000008001de4       0x14 /opt/libopencm3/lib/libopencm3_stm32f1.a(rcc.o)
                0x0000000008001de4                rcc_set_sysclk_source
 .text.rcc_set_pll_multiplication_factor
                0x0000000008001df8       0x14 /opt/libopencm3/lib/libopencm3_stm32f1.a(rcc.o)
                0x0000000008001df8                rcc_set_pll_multiplication_factor
 .text.rcc_set_pll_source
                0x0000000008001e0c       0x14 /opt/libopencm3/lib/libopencm3_stm32f1.a(rcc.o)
                0x0000000008001e0c                rcc_set_pll_source
 .text.rcc_set_pllxtpre
                0x0000000008001e20       0x14 /opt/libopencm3/lib/libopencm3_stm32f1.a(rcc.o)
                0x0000000008001e20                rcc_set_pllxtpre
 .text.rcc_set_adcpre
                0x0000000008001e34       0x14 /opt/libopencm3/lib/libopencm3_stm32f1.a(rcc.o)
                0x0000000008001e34                rcc_set_adcpre
 .text.rcc_set_ppre2
                0x0000000008001e48       0x14 /opt/libopencm3/lib/libopencm3_stm32f1.a(rcc.o)
                0x0000000008001e48                rcc_set_ppre2
 .text.rcc_set_ppre1
                0x0000000008001e5c       0x14 /opt/libopencm3/lib/libopencm3_stm32f1.a(rcc.o)
                0x0000000008001e5c                rcc_set_ppre1
 .text.rcc_set_hpre
                0x0000000008001e70       0x14 /opt/libopencm3/lib/libopencm3_stm32f1.a(rcc.o)
                0x0000000008001e70                rcc_set_hpre
 .text.rcc_clock_setup_in_hse_8mhz_out_72mhz
                0x0000000008001e84       0x8c /opt/libopencm3/lib/libopencm3_stm32f1.a(rcc.o)
                0x0000000008001e84                rcc_clock_setup_in_hse_8mhz_out_72mhz
 .text.rcc_periph_clock_enable
                0x0000000008001f10       0x1c /opt/libopencm3/lib/libopencm3_stm32f1.a(rcc_common_all.o)
                0x0000000008001f10                rcc_periph_clock_enable
 .text.usart_set_baudrate
                0x0000000008001f2c       0x28 /opt/libopencm3/lib/libopencm3_stm32f1.a(usart_common_all.o)
                0x0000000008001f2c                usart_set_baudrate
 .text.usart_set_databits
                0x0000000008001f54       0x12 /opt/libopencm3/lib/libopencm3_stm32f1.a(usart_common_all.o)
                0x0000000008001f54                usart_set_databits
 .text.usart_set_stopbits
                0x0000000008001f66        0xc /opt/libopencm3/lib/libopencm3_stm32f1.a(usart_common_all.o)
                0x0000000008001f66                usart_set_stopbits
 .text.usart_set_parity
                0x0000000008001f72        0xc /opt/libopencm3/lib/libopencm3_stm32f1.a(usart_common_all.o)
                0x0000000008001f72                usart_set_parity
 .text.usart_set_mode
                0x0000000008001f7e        0xc /opt/libopencm3/lib/libopencm3_stm32f1.a(usart_common_all.o)
                0x0000000008001f7e                usart_set_mode
 .text.usart_set_flow_control
                0x0000000008001f8a        0xc /opt/libopencm3/lib/libopencm3_stm32f1.a(usart_common_all.o)
                0x0000000008001f8a                usart_set_flow_control
 .text.usart_enable
                0x0000000008001f96        0xa /opt/libopencm3/lib/libopencm3_stm32f1.a(usart_common_all.o)
                0x0000000008001f96                usart_enable
 .text.usart_send_blocking
                0x0000000008001fa0       0x16 /opt/libopencm3/lib/libopencm3_stm32f1.a(usart_common_all.o)
                0x0000000008001fa0                usart_send_blocking
 .text.usart_send
                0x0000000008001fb6        0x8 /opt/libopencm3/lib/libopencm3_stm32f1.a(usart_common_f124.o)
                0x0000000008001fb6                usart_send
 .text.usart_wait_send_ready
                0x0000000008001fbe        0x8 /opt/libopencm3/lib/libopencm3_stm32f1.a(usart_common_f124.o)
                0x0000000008001fbe                usart_wait_send_ready
 .text.blocking_handler
                0x0000000008001fc6        0x2 /opt/libopencm3/lib/libopencm3_stm32f1.a(vector.o)
                0x0000000008001fc6                usart3_isr
                0x0000000008001fc6                rtc_isr
                0x0000000008001fc6                tim7_isr
                0x0000000008001fc6                adc1_2_isr
                0x0000000008001fc6                tim1_trg_com_isr
                0x0000000008001fc6                usb_hp_can_tx_isr
                0x0000000008001fc6                tim6_isr
                0x0000000008001fc6                usb_wakeup_isr
                0x0000000008001fc6                blocking_handler
                0x0000000008001fc6                tim5_isr
                0x0000000008001fc6                otg_fs_isr
                0x0000000008001fc6                spi1_isr
                0x0000000008001fc6                exti2_isr
                0x0000000008001fc6                dma1_channel6_isr
                0x0000000008001fc6                can_rx1_isr
                0x0000000008001fc6                dma1_channel5_isr
                0x0000000008001fc6                dma2_channel5_isr
                0x0000000008001fc6                usart1_isr
                0x0000000008001fc6                usage_fault_handler
                0x0000000008001fc6                tim8_trg_com_isr
                0x0000000008001fc6                can2_rx0_isr
                0x0000000008001fc6                tim1_brk_isr
                0x0000000008001fc6                can2_rx1_isr
                0x0000000008001fc6                tim1_cc_isr
                0x0000000008001fc6                sdio_isr
                0x0000000008001fc6                eth_isr
                0x0000000008001fc6                dma1_channel4_isr
                0x0000000008001fc6                tim8_brk_isr
                0x0000000008001fc6                dma2_channel4_5_isr
                0x0000000008001fc6                pvd_isr
                0x0000000008001fc6                rcc_isr
                0x0000000008001fc6                flash_isr
                0x0000000008001fc6                uart4_isr
                0x0000000008001fc6                rtc_alarm_isr
                0x0000000008001fc6                exti15_10_isr
                0x0000000008001fc6                hard_fault_handler
                0x0000000008001fc6                exti1_isr
                0x0000000008001fc6                i2c1_ev_isr
                0x0000000008001fc6                dma2_channel1_isr
                0x0000000008001fc6                spi2_isr
                0x0000000008001fc6                tim8_up_isr
                0x0000000008001fc6                dma2_channel2_isr
                0x0000000008001fc6                exti3_isr
                0x0000000008001fc6                adc3_isr
                0x0000000008001fc6                tim3_isr
                0x0000000008001fc6                usart2_isr
                0x0000000008001fc6                usb_lp_can_rx0_isr
                0x0000000008001fc6                i2c2_er_isr
                0x0000000008001fc6                i2c2_ev_isr
                0x0000000008001fc6                uart5_isr
                0x0000000008001fc6                fsmc_isr
                0x0000000008001fc6                dma1_channel1_isr
                0x0000000008001fc6                exti4_isr
                0x0000000008001fc6                mem_manage_handler
                0x0000000008001fc6                can2_tx_isr
                0x0000000008001fc6                exti9_5_isr
                0x0000000008001fc6                dma2_channel3_isr
                0x0000000008001fc6                dma1_channel7_isr
                0x0000000008001fc6                tim1_up_isr
                0x0000000008001fc6                can2_sce_isr
                0x0000000008001fc6                tim4_isr
                0x0000000008001fc6                dma1_channel2_isr
                0x0000000008001fc6                i2c1_er_isr
                0x0000000008001fc6                can_sce_isr
                0x0000000008001fc6                tim8_cc_isr
                0x0000000008001fc6                tamper_isr
                0x0000000008001fc6                eth_wkup_isr
                0x0000000008001fc6                bus_fault_handler
                0x0000000008001fc6                wwdg_isr
                0x0000000008001fc6                dma1_channel3_isr
                0x0000000008001fc6                spi3_isr
                0x0000000008001fc6                tim2_isr
                0x0000000008001fc6                exti0_isr
 .text.null_handler
                0x0000000008001fc8        0x2 /opt/libopencm3/lib/libopencm3_stm32f1.a(vector.o)
                0x0000000008001fc8                null_handler
                0x0000000008001fc8                debug_monitor_handler
                0x0000000008001fc8                nmi_handler
 *fill*         0x0000000008001fca        0x2 
 .text.reset_handler
                0x0000000008001fcc       0x90 /opt/libopencm3/lib/libopencm3_stm32f1.a(vector.o)
                0x0000000008001fcc                reset_handler
 .text.flash_set_ws
                0x000000000800205c       0x14 /opt/libopencm3/lib/libopencm3_stm32f1.a(flash_common_all.o)
                0x000000000800205c                flash_set_ws
 .text.__errno  0x0000000008002070        0xc /opt/gcc-arm/bin/../lib/gcc/arm-none-eabi/9.2.1/../../../../arm-none-eabi/lib/thumb/v7-m/nofp/libc_nano.a(lib_a-errno.o)
                0x0000000008002070                __errno
 .text.memcpy   0x000000000800207c       0x1c /opt/gcc-arm/bin/../lib/gcc/arm-none-eabi/9.2.1/../../../../arm-none-eabi/lib/thumb/v7-m/nofp/libc_nano.a(lib_a-memcpy-stub.o)
                0x000000000800207c                memcpy
 .text.memset   0x0000000008002098       0x10 /opt/gcc-arm/bin/../lib/gcc/arm-none-eabi/9.2.1/../../../../arm-none-eabi/lib/thumb/v7-m/nofp/libc_nano.a(lib_a-memset.o)
                0x0000000008002098                memset
 .text.__cvt    0x00000000080020a8       0xbe /opt/gcc-arm/bin/../lib/gcc/arm-none-eabi/9.2.1/../../../../arm-none-eabi/lib/thumb/v7-m/nofp/libc_nano.a(lib_a-nano-vfprintf_float.o)
                0x00000000080020a8                __cvt
 .text.__exponent
                0x0000000008002166       0x7c /opt/gcc-arm/bin/../lib/gcc/arm-none-eabi/9.2.1/../../../../arm-none-eabi/lib/thumb/v7-m/nofp/libc_nano.a(lib_a-nano-vfprintf_float.o)
                0x0000000008002166                __exponent
 *fill*         0x00000000080021e2        0x2 
 .text._printf_float
                0x00000000080021e4      0x458 /opt/gcc-arm/bin/../lib/gcc/arm-none-eabi/9.2.1/../../../../arm-none-eabi/lib/thumb/v7-m/nofp/libc_nano.a(lib_a-nano-vfprintf_float.o)
                0x00000000080021e4                _printf_float
 .text._printf_common
                0x000000000800263c       0xde /opt/gcc-arm/bin/../lib/gcc/arm-none-eabi/9.2.1/../../../../arm-none-eabi/lib/thumb/v7-m/nofp/libc_nano.a(lib_a-nano-vfprintf_i.o)
                0x000000000800263c                _printf_common
 *fill*         0x000000000800271a        0x2 
 .text._puts_r  0x000000000800271c       0xdc /opt/gcc-arm/bin/../lib/gcc/arm-none-eabi/9.2.1/../../../../arm-none-eabi/lib/thumb/v7-m/nofp/libc_nano.a(lib_a-puts.o)
                0x000000000800271c                _puts_r
 .text.puts     0x00000000080027f8       0x10 /opt/gcc-arm/bin/../lib/gcc/arm-none-eabi/9.2.1/../../../../arm-none-eabi/lib/thumb/v7-m/nofp/libc_nano.a(lib_a-puts.o)
                0x00000000080027f8                puts
 .text          0x0000000008002808       0x10 /opt/gcc-arm/bin/../lib/gcc/arm-none-eabi/9.2.1/../../../../arm-none-eabi/lib/thumb/v7-m/nofp/libc_nano.a(lib_a-strlen.o)
                0x0000000008002808                strlen
 .text.__swbuf_r
                0x0000000008002818       0xa4 /opt/gcc-arm/bin/../lib/gcc/arm-none-eabi/9.2.1/../../../../arm-none-eabi/lib/thumb/v7-m/nofp/libc_nano.a(lib_a-wbuf.o)
                0x0000000008002818                __swbuf_r
 .text.__swsetup_r
                0x00000000080028bc       0xdc /opt/gcc-arm/bin/../lib/gcc/arm-none-eabi/9.2.1/../../../../arm-none-eabi/lib/thumb/v7-m/nofp/libc_nano.a(lib_a-wsetup.o)
                0x00000000080028bc                __swsetup_r
 .text.quorem   0x0000000008002998      0x11a /opt/gcc-arm/bin/../lib/gcc/arm-none-eabi/9.2.1/../../../../arm-none-eabi/lib/thumb/v7-m/nofp/libc_nano.a(lib_a-dtoa.o)
 *fill*         0x0000000008002ab2        0x6 
 .text._dtoa_r  0x0000000008002ab8      0xba4 /opt/gcc-arm/bin/../lib/gcc/arm-none-eabi/9.2.1/../../../../arm-none-eabi/lib/thumb/v7-m/nofp/libc_nano.a(lib_a-dtoa.o)
                0x0000000008002ab8                _dtoa_r
 .text.__sflush_r
                0x000000000800365c      0x10c /opt/gcc-arm/bin/../lib/gcc/arm-none-eabi/9.2.1/../../../../arm-none-eabi/lib/thumb/v7-m/nofp/libc_nano.a(lib_a-fflush.o)
                0x000000000800365c                __sflush_r
 .text._fflush_r
                0x0000000008003768       0x78 /opt/gcc-arm/bin/../lib/gcc/arm-none-eabi/9.2.1/../../../../arm-none-eabi/lib/thumb/v7-m/nofp/libc_nano.a(lib_a-fflush.o)
                0x0000000008003768                _fflush_r
 .text.std      0x00000000080037e0       0x48 /opt/gcc-arm/bin/../lib/gcc/arm-none-eabi/9.2.1/../../../../arm-none-eabi/lib/thumb/v7-m/nofp/libc_nano.a(lib_a-findfp.o)
 .text._cleanup_r
                0x0000000008003828        0xc /opt/gcc-arm/bin/../lib/gcc/arm-none-eabi/9.2.1/../../../../arm-none-eabi/lib/thumb/v7-m/nofp/libc_nano.a(lib_a-findfp.o)
                0x0000000008003828                _cleanup_r
 .text.__sfmoreglue
                0x0000000008003834       0x2c /opt/gcc-arm/bin/../lib/gcc/arm-none-eabi/9.2.1/../../../../arm-none-eabi/lib/thumb/v7-m/nofp/libc_nano.a(lib_a-findfp.o)
                0x0000000008003834                __sfmoreglue
 .text.__sfp_lock_acquire
                0x0000000008003860        0xc /opt/gcc-arm/bin/../lib/gcc/arm-none-eabi/9.2.1/../../../../arm-none-eabi/lib/thumb/v7-m/nofp/libc_nano.a(lib_a-findfp.o)
                0x0000000008003860                __sfp_lock_acquire
 .text.__sfp_lock_release
                0x000000000800386c        0xc /opt/gcc-arm/bin/../lib/gcc/arm-none-eabi/9.2.1/../../../../arm-none-eabi/lib/thumb/v7-m/nofp/libc_nano.a(lib_a-findfp.o)
                0x000000000800386c                __sfp_lock_release
 .text.__sinit_lock_acquire
                0x0000000008003878        0xc /opt/gcc-arm/bin/../lib/gcc/arm-none-eabi/9.2.1/../../../../arm-none-eabi/lib/thumb/v7-m/nofp/libc_nano.a(lib_a-findfp.o)
                0x0000000008003878                __sinit_lock_acquire
 .text.__sinit_lock_release
                0x0000000008003884        0xc /opt/gcc-arm/bin/../lib/gcc/arm-none-eabi/9.2.1/../../../../arm-none-eabi/lib/thumb/v7-m/nofp/libc_nano.a(lib_a-findfp.o)
                0x0000000008003884                __sinit_lock_release
 .text.__sinit  0x0000000008003890       0x70 /opt/gcc-arm/bin/../lib/gcc/arm-none-eabi/9.2.1/../../../../arm-none-eabi/lib/thumb/v7-m/nofp/libc_nano.a(lib_a-findfp.o)
                0x0000000008003890                __sinit
 .text.__sfp    0x0000000008003900       0x8c /opt/gcc-arm/bin/../lib/gcc/arm-none-eabi/9.2.1/../../../../arm-none-eabi/lib/thumb/v7-m/nofp/libc_nano.a(lib_a-findfp.o)
                0x0000000008003900                __sfp
 .text._fwalk_reent
                0x000000000800398c       0x3e /opt/gcc-arm/bin/../lib/gcc/arm-none-eabi/9.2.1/../../../../arm-none-eabi/lib/thumb/v7-m/nofp/libc_nano.a(lib_a-fwalk.o)
                0x000000000800398c                _fwalk_reent
 *fill*         0x00000000080039ca        0x2 
 .text._localeconv_r
                0x00000000080039cc        0x8 /opt/gcc-arm/bin/../lib/gcc/arm-none-eabi/9.2.1/../../../../arm-none-eabi/lib/thumb/v7-m/nofp/libc_nano.a(lib_a-localeconv.o)
                0x00000000080039cc                _localeconv_r
 .text.__retarget_lock_init_recursive
                0x00000000080039d4        0x2 /opt/gcc-arm/bin/../lib/gcc/arm-none-eabi/9.2.1/../../../../arm-none-eabi/lib/thumb/v7-m/nofp/libc_nano.a(lib_a-lock.o)
                0x00000000080039d4                __retarget_lock_init_recursive
 .text.__retarget_lock_acquire_recursive
                0x00000000080039d6        0x2 /opt/gcc-arm/bin/../lib/gcc/arm-none-eabi/9.2.1/../../../../arm-none-eabi/lib/thumb/v7-m/nofp/libc_nano.a(lib_a-lock.o)
                0x00000000080039d6                __retarget_lock_acquire_recursive
 .text.__retarget_lock_release_recursive
                0x00000000080039d8        0x2 /opt/gcc-arm/bin/../lib/gcc/arm-none-eabi/9.2.1/../../../../arm-none-eabi/lib/thumb/v7-m/nofp/libc_nano.a(lib_a-lock.o)
                0x00000000080039d8                __retarget_lock_release_recursive
 .text.__swhatbuf_r
                0x00000000080039da       0x48 /opt/gcc-arm/bin/../lib/gcc/arm-none-eabi/9.2.1/../../../../arm-none-eabi/lib/thumb/v7-m/nofp/libc_nano.a(lib_a-makebuf.o)
                0x00000000080039da                __swhatbuf_r
 *fill*         0x0000000008003a22        0x2 
 .text.__smakebuf_r
                0x0000000008003a24       0x80 /opt/gcc-arm/bin/../lib/gcc/arm-none-eabi/9.2.1/../../../../arm-none-eabi/lib/thumb/v7-m/nofp/libc_nano.a(lib_a-makebuf.o)
                0x0000000008003a24                __smakebuf_r
 .text.malloc   0x0000000008003aa4       0x10 /opt/gcc-arm/bin/../lib/gcc/arm-none-eabi/9.2.1/../../../../arm-none-eabi/lib/thumb/v7-m/nofp/libc_nano.a(lib_a-malloc.o)
                0x0000000008003aa4                malloc
 .text._Balloc  0x0000000008003ab4       0x68 /opt/gcc-arm/bin/../lib/gcc/arm-none-eabi/9.2.1/../../../../arm-none-eabi/lib/thumb/v7-m/nofp/libc_nano.a(lib_a-mprec.o)
                0x0000000008003ab4                _Balloc
 .text._Bfree   0x0000000008003b1c       0x2e /opt/gcc-arm/bin/../lib/gcc/arm-none-eabi/9.2.1/../../../../arm-none-eabi/lib/thumb/v7-m/nofp/libc_nano.a(lib_a-mprec.o)
                0x0000000008003b1c                _Bfree
 .text.__multadd
                0x0000000008003b4a       0x7c /opt/gcc-arm/bin/../lib/gcc/arm-none-eabi/9.2.1/../../../../arm-none-eabi/lib/thumb/v7-m/nofp/libc_nano.a(lib_a-mprec.o)
                0x0000000008003b4a                __multadd
 .text.__hi0bits
                0x0000000008003bc6       0x40 /opt/gcc-arm/bin/../lib/gcc/arm-none-eabi/9.2.1/../../../../arm-none-eabi/lib/thumb/v7-m/nofp/libc_nano.a(lib_a-mprec.o)
                0x0000000008003bc6                __hi0bits
 .text.__lo0bits
                0x0000000008003c06       0x5c /opt/gcc-arm/bin/../lib/gcc/arm-none-eabi/9.2.1/../../../../arm-none-eabi/lib/thumb/v7-m/nofp/libc_nano.a(lib_a-mprec.o)
                0x0000000008003c06                __lo0bits
 .text.__i2b    0x0000000008003c62       0x12 /opt/gcc-arm/bin/../lib/gcc/arm-none-eabi/9.2.1/../../../../arm-none-eabi/lib/thumb/v7-m/nofp/libc_nano.a(lib_a-mprec.o)
                0x0000000008003c62                __i2b
 .text.__multiply
                0x0000000008003c74      0x136 /opt/gcc-arm/bin/../lib/gcc/arm-none-eabi/9.2.1/../../../../arm-none-eabi/lib/thumb/v7-m/nofp/libc_nano.a(lib_a-mprec.o)
                0x0000000008003c74                __multiply
 *fill*         0x0000000008003daa        0x2 
 .text.__pow5mult
                0x0000000008003dac       0x9c /opt/gcc-arm/bin/../lib/gcc/arm-none-eabi/9.2.1/../../../../arm-none-eabi/lib/thumb/v7-m/nofp/libc_nano.a(lib_a-mprec.o)
                0x0000000008003dac                __pow5mult
 .text.__lshift
                0x0000000008003e48       0xbe /opt/gcc-arm/bin/../lib/gcc/arm-none-eabi/9.2.1/../../../../arm-none-eabi/lib/thumb/v7-m/nofp/libc_nano.a(lib_a-mprec.o)
                0x0000000008003e48                __lshift
 .text.__mcmp   0x0000000008003f06       0x36 /opt/gcc-arm/bin/../lib/gcc/arm-none-eabi/9.2.1/../../../../arm-none-eabi/lib/thumb/v7-m/nofp/libc_nano.a(lib_a-mprec.o)
                0x0000000008003f06                __mcmp
 .text.__mdiff  0x0000000008003f3c       0xf8 /opt/gcc-arm/bin/../lib/gcc/arm-none-eabi/9.2.1/../../../../arm-none-eabi/lib/thumb/v7-m/nofp/libc_nano.a(lib_a-mprec.o)
                0x0000000008003f3c                __mdiff
 .text.__d2b    0x0000000008004034       0x9e /opt/gcc-arm/bin/../lib/gcc/arm-none-eabi/9.2.1/../../../../arm-none-eabi/lib/thumb/v7-m/nofp/libc_nano.a(lib_a-mprec.o)
                0x0000000008004034                __d2b
 .text._calloc_r
                0x00000000080040d2       0x1c /opt/gcc-arm/bin/../lib/gcc/arm-none-eabi/9.2.1/../../../../arm-none-eabi/lib/thumb/v7-m/nofp/libc_nano.a(lib_a-nano-callocr.o)
                0x00000000080040d2                _calloc_r
 *fill*         0x00000000080040ee        0x2 
 .text._free_r  0x00000000080040f0       0x98 /opt/gcc-arm/bin/../lib/gcc/arm-none-eabi/9.2.1/../../../../arm-none-eabi/lib/thumb/v7-m/nofp/libc_nano.a(lib_a-nano-freer.o)
                0x00000000080040f0                _free_r
 .text._malloc_r
                0x0000000008004188       0xb4 /opt/gcc-arm/bin/../lib/gcc/arm-none-eabi/9.2.1/../../../../arm-none-eabi/lib/thumb/v7-m/nofp/libc_nano.a(lib_a-nano-mallocr.o)
                0x0000000008004188                _malloc_r
 .text._sbrk_r  0x000000000800423c       0x20 /opt/gcc-arm/bin/../lib/gcc/arm-none-eabi/9.2.1/../../../../arm-none-eabi/lib/thumb/v7-m/nofp/libc_nano.a(lib_a-sbrkr.o)
                0x000000000800423c                _sbrk_r
 .text.__sread  0x000000000800425c       0x22 /opt/gcc-arm/bin/../lib/gcc/arm-none-eabi/9.2.1/../../../../arm-none-eabi/lib/thumb/v7-m/nofp/libc_nano.a(lib_a-stdio.o)
                0x000000000800425c                __sread
 .text.__swrite
                0x000000000800427e       0x38 /opt/gcc-arm/bin/../lib/gcc/arm-none-eabi/9.2.1/../../../../arm-none-eabi/lib/thumb/v7-m/nofp/libc_nano.a(lib_a-stdio.o)
                0x000000000800427e                __swrite
 .text.__sseek  0x00000000080042b6       0x24 /opt/gcc-arm/bin/../lib/gcc/arm-none-eabi/9.2.1/../../../../arm-none-eabi/lib/thumb/v7-m/nofp/libc_nano.a(lib_a-stdio.o)
                0x00000000080042b6                __sseek
 .text.__sclose
                0x00000000080042da        0x8 /opt/gcc-arm/bin/../lib/gcc/arm-none-eabi/9.2.1/../../../../arm-none-eabi/lib/thumb/v7-m/nofp/libc_nano.a(lib_a-stdio.o)
                0x00000000080042da                __sclose
 *fill*         0x00000000080042e2        0x2 
 .text._write_r
                0x00000000080042e4       0x24 /opt/gcc-arm/bin/../lib/gcc/arm-none-eabi/9.2.1/../../../../arm-none-eabi/lib/thumb/v7-m/nofp/libc_nano.a(lib_a-writer.o)
                0x00000000080042e4                _write_r
 .text._close_r
                0x0000000008004308       0x20 /opt/gcc-arm/bin/../lib/gcc/arm-none-eabi/9.2.1/../../../../arm-none-eabi/lib/thumb/v7-m/nofp/libc_nano.a(lib_a-closer.o)
                0x0000000008004308                _close_r
 .text._fstat_r
                0x0000000008004328       0x24 /opt/gcc-arm/bin/../lib/gcc/arm-none-eabi/9.2.1/../../../../arm-none-eabi/lib/thumb/v7-m/nofp/libc_nano.a(lib_a-fstatr.o)
                0x0000000008004328                _fstat_r
 .text._isatty_r
                0x000000000800434c       0x20 /opt/gcc-arm/bin/../lib/gcc/arm-none-eabi/9.2.1/../../../../arm-none-eabi/lib/thumb/v7-m/nofp/libc_nano.a(lib_a-isattyr.o)
                0x000000000800434c                _isatty_r
 .text._lseek_r
                0x000000000800436c       0x24 /opt/gcc-arm/bin/../lib/gcc/arm-none-eabi/9.2.1/../../../../arm-none-eabi/lib/thumb/v7-m/nofp/libc_nano.a(lib_a-lseekr.o)
                0x000000000800436c                _lseek_r
 .text.__ascii_mbtowc
                0x0000000008004390       0x24 /opt/gcc-arm/bin/../lib/gcc/arm-none-eabi/9.2.1/../../../../arm-none-eabi/lib/thumb/v7-m/nofp/libc_nano.a(lib_a-mbtowc_r.o)
                0x0000000008004390                __ascii_mbtowc
 .text.__malloc_lock
                0x00000000080043b4        0xc /opt/gcc-arm/bin/../lib/gcc/arm-none-eabi/9.2.1/../../../../arm-none-eabi/lib/thumb/v7-m/nofp/libc_nano.a(lib_a-mlock.o)
                0x00000000080043b4                __malloc_lock
 .text.__malloc_unlock
                0x00000000080043c0        0xc /opt/gcc-arm/bin/../lib/gcc/arm-none-eabi/9.2.1/../../../../arm-none-eabi/lib/thumb/v7-m/nofp/libc_nano.a(lib_a-mlock.o)
                0x00000000080043c0                __malloc_unlock
 .text._read_r  0x00000000080043cc       0x24 /opt/gcc-arm/bin/../lib/gcc/arm-none-eabi/9.2.1/../../../../arm-none-eabi/lib/thumb/v7-m/nofp/libc_nano.a(lib_a-readr.o)
                0x00000000080043cc                _read_r
 .text.__ascii_wctomb
                0x00000000080043f0       0x1a /opt/gcc-arm/bin/../lib/gcc/arm-none-eabi/9.2.1/../../../../arm-none-eabi/lib/thumb/v7-m/nofp/libc_nano.a(lib_a-wctomb_r.o)
                0x00000000080043f0                __ascii_wctomb
 *fill*         0x000000000800440a        0x2 
 .text          0x000000000800440c      0x378 /opt/gcc-arm/bin/../lib/gcc/arm-none-eabi/9.2.1/thumb/v7-m/nofp/libgcc.a(_arm_addsubdf3.o)
                0x000000000800440c                __aeabi_drsub
                0x0000000008004414                __aeabi_dsub
                0x0000000008004414                __subdf3
                0x0000000008004418                __adddf3
                0x0000000008004418                __aeabi_dadd
                0x0000000008004690                __aeabi_ui2d
                0x0000000008004690                __floatunsidf
                0x00000000080046b0                __floatsidf
                0x00000000080046b0                __aeabi_i2d
                0x00000000080046d4                __extendsfdf2
                0x00000000080046d4                __aeabi_f2d
                0x0000000008004718                __aeabi_ul2d
                0x0000000008004718                __floatundidf
                0x0000000008004728                __floatdidf
                0x0000000008004728                __aeabi_l2d
 .text          0x0000000008004784      0x424 /opt/gcc-arm/bin/../lib/gcc/arm-none-eabi/9.2.1/thumb/v7-m/nofp/libgcc.a(_arm_muldivdf3.o)
                0x0000000008004784                __aeabi_dmul
                0x0000000008004784                __muldf3
                0x00000000080049d8                __aeabi_ddiv
                0x00000000080049d8                __divdf3
 .text          0x0000000008004ba8      0x110 /opt/gcc-arm/bin/../lib/gcc/arm-none-eabi/9.2.1/thumb/v7-m/nofp/libgcc.a(_arm_cmpdf2.o)
                0x0000000008004ba8                __gtdf2
                0x0000000008004ba8                __gedf2
                0x0000000008004bb0                __ltdf2
                0x0000000008004bb0                __ledf2
                0x0000000008004bb8                __cmpdf2
                0x0000000008004bb8                __eqdf2
                0x0000000008004bb8                __nedf2
                0x0000000008004c34                __aeabi_cdrcmple
                0x0000000008004c44                __aeabi_cdcmple
                0x0000000008004c44                __aeabi_cdcmpeq
                0x0000000008004c54                __aeabi_dcmpeq
                0x0000000008004c68                __aeabi_dcmplt
                0x0000000008004c7c                __aeabi_dcmple
                0x0000000008004c90                __aeabi_dcmpge
                0x0000000008004ca4                __aeabi_dcmpgt
 .text          0x0000000008004cb8       0x2c /opt/gcc-arm/bin/../lib/gcc/arm-none-eabi/9.2.1/thumb/v7-m/nofp/libgcc.a(_arm_unorddf2.o)
                0x0000000008004cb8                __aeabi_dcmpun
                0x0000000008004cb8                __unorddf2
 .text          0x0000000008004ce4       0x50 /opt/gcc-arm/bin/../lib/gcc/arm-none-eabi/9.2.1/thumb/v7-m/nofp/libgcc.a(_arm_fixdfsi.o)
                0x0000000008004ce4                __fixdfsi
                0x0000000008004ce4                __aeabi_d2iz
 .text._close   0x0000000008004d34       0x10 /opt/gcc-arm/bin/../lib/gcc/arm-none-eabi/9.2.1/../../../../arm-none-eabi/lib/thumb/v7-m/nofp/libnosys.a(close.o)
                0x0000000008004d34                _close
 .text._fstat   0x0000000008004d44       0x10 /opt/gcc-arm/bin/../lib/gcc/arm-none-eabi/9.2.1/../../../../arm-none-eabi/lib/thumb/v7-m/nofp/libnosys.a(fstat.o)
                0x0000000008004d44                _fstat
 .text._isatty  0x0000000008004d54       0x10 /opt/gcc-arm/bin/../lib/gcc/arm-none-eabi/9.2.1/../../../../arm-none-eabi/lib/thumb/v7-m/nofp/libnosys.a(isatty.o)
                0x0000000008004d54                _isatty
 .text._lseek   0x0000000008004d64       0x10 /opt/gcc-arm/bin/../lib/gcc/arm-none-eabi/9.2.1/../../../../arm-none-eabi/lib/thumb/v7-m/nofp/libnosys.a(lseek.o)
                0x0000000008004d64                _lseek
 .text._read    0x0000000008004d74       0x10 /opt/gcc-arm/bin/../lib/gcc/arm-none-eabi/9.2.1/../../../../arm-none-eabi/lib/thumb/v7-m/nofp/libnosys.a(read.o)
                0x0000000008004d74                _read
 .text._sbrk    0x0000000008004d84       0x1c /opt/gcc-arm/bin/../lib/gcc/arm-none-eabi/9.2.1/../../../../arm-none-eabi/lib/thumb/v7-m/nofp/libnosys.a(sbrk.o)
                0x0000000008004d84                _sbrk
                0x0000000008004da0                . = ALIGN (0x4)
 *(.rodata*)
 .rodata.u8x8_d_st7920_init_seq
                0x0000000008004da0       0x13 bin/u8g2/u8x8_d_st7920.o
 .rodata.u8x8_d_st7920_powersave0_seq
                0x0000000008004db3        0x7 bin/u8g2/u8x8_d_st7920.o
 .rodata.u8x8_d_st7920_powersave1_seq
                0x0000000008004dba        0xb bin/u8g2/u8x8_d_st7920.o
 *fill*         0x0000000008004dc5        0x3 
 .rodata.u8x8_st7920_128x64_display_info
                0x0000000008004dc8       0x18 bin/u8g2/u8x8_d_st7920.o
 .rodata.u8g2_cb_r0
                0x0000000008004de0        0xc bin/u8g2/u8g2_setup.o
                0x0000000008004de0                u8g2_cb_r0
 .rodata.u8g2_font_open_iconic_weather_6x_t
                0x0000000008004dec      0x253 bin/u8g2/u8g2_fonts.o
                0x0000000008004dec                u8g2_font_open_iconic_weather_6x_t
 .rodata.u8g2_font_unifont_t_vietnamese2
                0x000000000800503f     0x3be0 bin/u8g2/u8g2_fonts.o
                0x000000000800503f                u8g2_font_unifont_t_vietnamese2
 .rodata.vTaskStartScheduler.str1.1
                0x0000000008008c1f        0x5 bin/rtos/tasks.o
 .rodata.Time_RTC.str1.1
                0x0000000008008c24       0x24 bin/source/main.o
 .rodata.main.str1.1
                0x0000000008008c48        0x7 bin/source/main.o
 *fill*         0x0000000008008c4f        0x1 
 .rodata._global_impure_ptr
                0x0000000008008c50        0x4 /opt/gcc-arm/bin/../lib/gcc/arm-none-eabi/9.2.1/../../../../arm-none-eabi/lib/thumb/v7-m/nofp/libc_nano.a(lib_a-impure.o)
                0x0000000008008c50                _global_impure_ptr
 .rodata._printf_float.str1.1
                0x0000000008008c54       0x12 /opt/gcc-arm/bin/../lib/gcc/arm-none-eabi/9.2.1/../../../../arm-none-eabi/lib/thumb/v7-m/nofp/libc_nano.a(lib_a-nano-vfprintf_float.o)
 .rodata._dtoa_r.str1.1
                0x0000000008008c66        0xd /opt/gcc-arm/bin/../lib/gcc/arm-none-eabi/9.2.1/../../../../arm-none-eabi/lib/thumb/v7-m/nofp/libc_nano.a(lib_a-dtoa.o)
                                          0xf (size before relaxing)
 *fill*         0x0000000008008c73        0x1 
 .rodata.__sf_fake_stderr
                0x0000000008008c74       0x20 /opt/gcc-arm/bin/../lib/gcc/arm-none-eabi/9.2.1/../../../../arm-none-eabi/lib/thumb/v7-m/nofp/libc_nano.a(lib_a-findfp.o)
                0x0000000008008c74                __sf_fake_stderr
 .rodata.__sf_fake_stdin
                0x0000000008008c94       0x20 /opt/gcc-arm/bin/../lib/gcc/arm-none-eabi/9.2.1/../../../../arm-none-eabi/lib/thumb/v7-m/nofp/libc_nano.a(lib_a-findfp.o)
                0x0000000008008c94                __sf_fake_stdin
 .rodata.__sf_fake_stdout
                0x0000000008008cb4       0x20 /opt/gcc-arm/bin/../lib/gcc/arm-none-eabi/9.2.1/../../../../arm-none-eabi/lib/thumb/v7-m/nofp/libc_nano.a(lib_a-findfp.o)
                0x0000000008008cb4                __sf_fake_stdout
 *fill*         0x0000000008008cd4        0x4 
 .rodata.__mprec_bigtens
                0x0000000008008cd8       0x28 /opt/gcc-arm/bin/../lib/gcc/arm-none-eabi/9.2.1/../../../../arm-none-eabi/lib/thumb/v7-m/nofp/libc_nano.a(lib_a-mprec.o)
                0x0000000008008cd8                __mprec_bigtens
 .rodata.__mprec_tens
                0x0000000008008d00       0xc8 /opt/gcc-arm/bin/../lib/gcc/arm-none-eabi/9.2.1/../../../../arm-none-eabi/lib/thumb/v7-m/nofp/libc_nano.a(lib_a-mprec.o)
                0x0000000008008d00                __mprec_tens
 .rodata.p05.6127
                0x0000000008008dc8        0xc /opt/gcc-arm/bin/../lib/gcc/arm-none-eabi/9.2.1/../../../../arm-none-eabi/lib/thumb/v7-m/nofp/libc_nano.a(lib_a-mprec.o)
 .rodata._setlocale_r.str1.1
                0x0000000008008dd4        0x8 /opt/gcc-arm/bin/../lib/gcc/arm-none-eabi/9.2.1/../../../../arm-none-eabi/lib/thumb/v7-m/nofp/libc_nano.a(lib_a-locale.o)
                                          0x9 (size before relaxing)
 .rodata.str1.1
                0x0000000008008ddc        0x2 /opt/gcc-arm/bin/../lib/gcc/arm-none-eabi/9.2.1/../../../../arm-none-eabi/lib/thumb/v7-m/nofp/libc_nano.a(lib_a-locale.o)
 .rodata._ctype_
                0x0000000008008dde      0x101 /opt/gcc-arm/bin/../lib/gcc/arm-none-eabi/9.2.1/../../../../arm-none-eabi/lib/thumb/v7-m/nofp/libc_nano.a(lib_a-ctype_.o)
                0x0000000008008dde                _ctype_
                0x0000000008008ee0                . = ALIGN (0x4)
 *fill*         0x0000000008008edf        0x1 

.glue_7         0x0000000008008ee0        0x0
 .glue_7        0x0000000008008ee0        0x0 linker stubs

.glue_7t        0x0000000008008ee0        0x0
 .glue_7t       0x0000000008008ee0        0x0 linker stubs

.vfp11_veneer   0x0000000008008ee0        0x0
 .vfp11_veneer  0x0000000008008ee0        0x0 linker stubs

.v4_bx          0x0000000008008ee0        0x0
 .v4_bx         0x0000000008008ee0        0x0 linker stubs

.iplt           0x0000000008008ee0        0x0
 .iplt          0x0000000008008ee0        0x0 bin/uart/retarget.o

.rel.dyn        0x0000000008008ee0        0x0
 .rel.iplt      0x0000000008008ee0        0x0 bin/uart/retarget.o

.preinit_array  0x0000000008008ee0        0x0
                0x0000000008008ee0                . = ALIGN (0x4)
                0x0000000008008ee0                __preinit_array_start = .
 *(.preinit_array)
                0x0000000008008ee0                __preinit_array_end = .

.init_array     0x0000000008008ee0        0x0
                0x0000000008008ee0                . = ALIGN (0x4)
                0x0000000008008ee0                __init_array_start = .
 *(SORT_BY_NAME(.init_array.*))
 *(.init_array)
                0x0000000008008ee0                __init_array_end = .

.fini_array     0x0000000008008ee0        0x0
                0x0000000008008ee0                . = ALIGN (0x4)
                0x0000000008008ee0                __fini_array_start = .
 *(.fini_array)
 *(SORT_BY_NAME(.fini_array.*))
                0x0000000008008ee0                __fini_array_end = .

.ARM.extab
 *(.ARM.extab*)

.ARM.exidx      0x0000000008008ee0        0x0
                0x0000000008008ee0                __exidx_start = .
 *(.ARM.exidx*)
                0x0000000008008ee0                __exidx_end = .
                0x0000000008008ee0                . = ALIGN (0x4)
                0x0000000008008ee0                _etext = .

.data           0x0000000020000000      0x1e0 load address 0x0000000008008ee0
                0x0000000020000000                _data = .
 *(.data*)
 .data.uxCriticalNesting
                0x0000000020000000        0x4 bin/rtos/portable/ARM_CM3/port.o
 .data.rcc_ahb_frequency
                0x0000000020000004        0x4 /opt/libopencm3/lib/libopencm3_stm32f1.a(rcc.o)
                0x0000000020000004                rcc_ahb_frequency
 .data.rcc_apb1_frequency
                0x0000000020000008        0x4 /opt/libopencm3/lib/libopencm3_stm32f1.a(rcc.o)
                0x0000000020000008                rcc_apb1_frequency
 .data.rcc_apb2_frequency
                0x000000002000000c        0x4 /opt/libopencm3/lib/libopencm3_stm32f1.a(rcc.o)
                0x000000002000000c                rcc_apb2_frequency
 .data._impure_ptr
                0x0000000020000010        0x4 /opt/gcc-arm/bin/../lib/gcc/arm-none-eabi/9.2.1/../../../../arm-none-eabi/lib/thumb/v7-m/nofp/libc_nano.a(lib_a-impure.o)
                0x0000000020000010                _impure_ptr
 .data.impure_data
                0x0000000020000014       0x60 /opt/gcc-arm/bin/../lib/gcc/arm-none-eabi/9.2.1/../../../../arm-none-eabi/lib/thumb/v7-m/nofp/libc_nano.a(lib_a-impure.o)
 .data.__global_locale
                0x0000000020000074      0x16c /opt/gcc-arm/bin/../lib/gcc/arm-none-eabi/9.2.1/../../../../arm-none-eabi/lib/thumb/v7-m/nofp/libc_nano.a(lib_a-locale.o)
                0x0000000020000074                __global_locale
                0x00000000200001e0                . = ALIGN (0x4)
                0x00000000200001e0                _edata = .
                0x0000000008008ee0                _data_loadaddr = LOADADDR (.data)

.igot.plt       0x00000000200001e0        0x0 load address 0x00000000080090c0
 .igot.plt      0x00000000200001e0        0x0 bin/uart/retarget.o

.bss            0x00000000200001e0     0x49d8 load address 0x00000000080090c0
 *(.bss*)
 .bss.buf.9389  0x00000000200001e0      0x400 bin/u8g2/u8g2_d_memory.o
 .bss.buf.5194  0x00000000200005e0       0x10 bin/u8g2/u8x8_cad.o
 .bss.pxCurrentTCB
                0x00000000200005f0        0x4 bin/rtos/tasks.o
                0x00000000200005f0                pxCurrentTCB
 .bss.pxDelayedTaskList
                0x00000000200005f4        0x4 bin/rtos/tasks.o
 .bss.pxOverflowDelayedTaskList
                0x00000000200005f8        0x4 bin/rtos/tasks.o
 .bss.pxReadyTasksLists
                0x00000000200005fc       0x64 bin/rtos/tasks.o
 .bss.uxCurrentNumberOfTasks
                0x0000000020000660        0x4 bin/rtos/tasks.o
 .bss.uxDeletedTasksWaitingCleanUp
                0x0000000020000664        0x4 bin/rtos/tasks.o
 .bss.uxSchedulerSuspended
                0x0000000020000668        0x4 bin/rtos/tasks.o
 .bss.uxTaskNumber
                0x000000002000066c        0x4 bin/rtos/tasks.o
 .bss.uxTopReadyPriority
                0x0000000020000670        0x4 bin/rtos/tasks.o
 .bss.xDelayedTaskList1
                0x0000000020000674       0x14 bin/rtos/tasks.o
 .bss.xDelayedTaskList2
                0x0000000020000688       0x14 bin/rtos/tasks.o
 .bss.xIdleTaskHandle
                0x000000002000069c        0x4 bin/rtos/tasks.o
 .bss.xNextTaskUnblockTime
                0x00000000200006a0        0x4 bin/rtos/tasks.o
 .bss.xNumOfOverflows
                0x00000000200006a4        0x4 bin/rtos/tasks.o
 .bss.xPendedTicks
                0x00000000200006a8        0x4 bin/rtos/tasks.o
 .bss.xPendingReadyList
                0x00000000200006ac       0x14 bin/rtos/tasks.o
 .bss.xSchedulerRunning
                0x00000000200006c0        0x4 bin/rtos/tasks.o
 .bss.xSuspendedTaskList
                0x00000000200006c4       0x14 bin/rtos/tasks.o
 .bss.xTasksWaitingTermination
                0x00000000200006d8       0x14 bin/rtos/tasks.o
 .bss.xTickCount
                0x00000000200006ec        0x4 bin/rtos/tasks.o
 .bss.xYieldPending
                0x00000000200006f0        0x4 bin/rtos/tasks.o
 .bss.pxEnd     0x00000000200006f4        0x4 bin/rtos/portable/MemMang/heap_4.o
 .bss.ucHeap    0x00000000200006f8     0x4400 bin/rtos/portable/MemMang/heap_4.o
 .bss.xBlockAllocatedBit
                0x0000000020004af8        0x4 bin/rtos/portable/MemMang/heap_4.o
 .bss.xFreeBytesRemaining
                0x0000000020004afc        0x4 bin/rtos/portable/MemMang/heap_4.o
 .bss.xMinimumEverFreeBytesRemaining
                0x0000000020004b00        0x4 bin/rtos/portable/MemMang/heap_4.o
 .bss.xNumberOfSuccessfulAllocations
                0x0000000020004b04        0x4 bin/rtos/portable/MemMang/heap_4.o
 .bss.xNumberOfSuccessfulFrees
                0x0000000020004b08        0x4 bin/rtos/portable/MemMang/heap_4.o
 .bss.xStart    0x0000000020004b0c        0x8 bin/rtos/portable/MemMang/heap_4.o
 .bss.u8g2      0x0000000020004b14       0x88 bin/source/main.o
 .bss.__malloc_free_list
                0x0000000020004b9c        0x4 /opt/gcc-arm/bin/../lib/gcc/arm-none-eabi/9.2.1/../../../../arm-none-eabi/lib/thumb/v7-m/nofp/libc_nano.a(lib_a-nano-mallocr.o)
                0x0000000020004b9c                __malloc_free_list
 .bss.__malloc_sbrk_start
                0x0000000020004ba0        0x4 /opt/gcc-arm/bin/../lib/gcc/arm-none-eabi/9.2.1/../../../../arm-none-eabi/lib/thumb/v7-m/nofp/libc_nano.a(lib_a-nano-mallocr.o)
                0x0000000020004ba0                __malloc_sbrk_start
 .bss.heap_end.4144
                0x0000000020004ba4        0x4 /opt/gcc-arm/bin/../lib/gcc/arm-none-eabi/9.2.1/../../../../arm-none-eabi/lib/thumb/v7-m/nofp/libnosys.a(sbrk.o)
 *(COMMON)
 COMMON         0x0000000020004ba8        0x9 /opt/gcc-arm/bin/../lib/gcc/arm-none-eabi/9.2.1/../../../../arm-none-eabi/lib/thumb/v7-m/nofp/libc_nano.a(lib_a-lock.o)
                0x0000000020004ba8                __lock___atexit_recursive_mutex
                0x0000000020004ba9                __lock___arc4random_mutex
                0x0000000020004baa                __lock___env_recursive_mutex
                0x0000000020004bab                __lock___sinit_recursive_mutex
                0x0000000020004bac                __lock___malloc_recursive_mutex
                0x0000000020004bad                __lock___at_quick_exit_mutex
                0x0000000020004bae                __lock___dd_hash_mutex
                0x0000000020004baf                __lock___tz_mutex
                0x0000000020004bb0                __lock___sfp_recursive_mutex
 *fill*         0x0000000020004bb1        0x3 
 COMMON         0x0000000020004bb4        0x4 /opt/gcc-arm/bin/../lib/gcc/arm-none-eabi/9.2.1/../../../../arm-none-eabi/lib/thumb/v7-m/nofp/libc_nano.a(lib_a-reent.o)
                0x0000000020004bb4                errno
                0x0000000020004bb8                . = ALIGN (0x4)
                0x0000000020004bb8                _ebss = .

/DISCARD/
 *(.eh_frame)
                0x0000000020004bb8                . = ALIGN (0x4)
                0x0000000020004bb8                end = .
                0x0000000020005000                PROVIDE (_stack = (ORIGIN (ram) + LENGTH (ram)))
OUTPUT(uart-test.elf elf32-littlearm)

.debug_info     0x0000000000000000    0x6885d
 .debug_info    0x0000000000000000      0xa83 bin/uart/retarget.o
 .debug_info    0x0000000000000a83      0x3db bin/uart/uart.o
 .debug_info    0x0000000000000e5e     0x1af6 bin/u8g2/u8x8_byte.o
 .debug_info    0x0000000000002954     0x12b2 bin/u8g2/u8x8_8x8.o
 .debug_info    0x0000000000003c06     0x6e9d bin/u8g2/u8g2_d_memory.o
 .debug_info    0x000000000000aaa3      0x7f5 bin/u8g2/u8x8_setup.o
 .debug_info    0x000000000000b298    0x1e760 bin/u8g2/u8g2_d_setup.o
 .debug_info    0x00000000000299f8     0x5257 bin/u8g2/u8g2_box.o
 .debug_info    0x000000000002ec4f     0x4b9d bin/u8g2/u8g2_intersection.o
 .debug_info    0x00000000000337ec     0x1579 bin/u8g2/u8x8_cad.o
 .debug_info    0x0000000000034d65      0xab9 bin/u8g2/u8x8_d_st7920.o
 .debug_info    0x000000000003581e     0x4e62 bin/u8g2/u8g2_hvline.o
 .debug_info    0x000000000003a680      0xbdc bin/u8g2/u8x8_display.o
 .debug_info    0x000000000003b25c     0x569e bin/u8g2/u8g2_buffer.o
 .debug_info    0x00000000000408fa     0x4c4d bin/u8g2/u8g2_ll_hvline.o
 .debug_info    0x0000000000045547     0x67a3 bin/u8g2/u8g2_font.o
 .debug_info    0x000000000004bcea     0x5bf6 bin/u8g2/u8g2_setup.o
 .debug_info    0x00000000000518e0      0x674 bin/u8g2/u8x8_gpio.o
 .debug_info    0x0000000000051f54     0x9863 bin/u8g2/u8g2_fonts.o
 .debug_info    0x000000000005b7b7      0xb76 bin/rtos/list.o
 .debug_info    0x000000000005c32d     0x2cb9 bin/rtos/tasks.o
 .debug_info    0x000000000005efe6      0x13a bin/rtos/opencm3.o
 .debug_info    0x000000000005f120       0xd2 bin/watchdog/iwdg.o
 .debug_info    0x000000000005f1f2      0x353 bin/rtos/portable/ARM_CM3/port.o
 .debug_info    0x000000000005f545      0xe28 bin/rtos/portable/MemMang/heap_4.o
 .debug_info    0x000000000006036d     0x5bbf bin/source/main.o
 .debug_info    0x0000000000065f2c      0x20a /opt/libopencm3/lib/libopencm3_stm32f1.a(gpio.o)
 .debug_info    0x0000000000066136      0x266 /opt/libopencm3/lib/libopencm3_stm32f1.a(gpio_common_all.o)
 .debug_info    0x000000000006639c      0x17c /opt/libopencm3/lib/libopencm3_stm32f1.a(iwdg_common_all.o)
 .debug_info    0x0000000000066518     0x128f /opt/libopencm3/lib/libopencm3_stm32f1.a(rcc.o)
 .debug_info    0x00000000000677a7      0x603 /opt/libopencm3/lib/libopencm3_stm32f1.a(rcc_common_all.o)
 .debug_info    0x0000000000067daa      0x51b /opt/libopencm3/lib/libopencm3_stm32f1.a(usart_common_all.o)
 .debug_info    0x00000000000682c5      0x1c5 /opt/libopencm3/lib/libopencm3_stm32f1.a(usart_common_f124.o)
 .debug_info    0x000000000006848a      0x2dd /opt/libopencm3/lib/libopencm3_stm32f1.a(vector.o)
 .debug_info    0x0000000000068767       0xf6 /opt/libopencm3/lib/libopencm3_stm32f1.a(flash_common_all.o)

.debug_abbrev   0x0000000000000000     0x4650
 .debug_abbrev  0x0000000000000000      0x24e bin/uart/retarget.o
 .debug_abbrev  0x000000000000024e       0xd6 bin/uart/uart.o
 .debug_abbrev  0x0000000000000324      0x2d6 bin/u8g2/u8x8_byte.o
 .debug_abbrev  0x00000000000005fa      0x329 bin/u8g2/u8x8_8x8.o
 .debug_abbrev  0x0000000000000923      0x1b8 bin/u8g2/u8g2_d_memory.o
 .debug_abbrev  0x0000000000000adb      0x1a4 bin/u8g2/u8x8_setup.o
 .debug_abbrev  0x0000000000000c7f      0x225 bin/u8g2/u8g2_d_setup.o
 .debug_abbrev  0x0000000000000ea4      0x227 bin/u8g2/u8g2_box.o
 .debug_abbrev  0x00000000000010cb      0x19e bin/u8g2/u8g2_intersection.o
 .debug_abbrev  0x0000000000001269      0x2a4 bin/u8g2/u8x8_cad.o
 .debug_abbrev  0x000000000000150d      0x21a bin/u8g2/u8x8_d_st7920.o
 .debug_abbrev  0x0000000000001727      0x1e4 bin/u8g2/u8g2_hvline.o
 .debug_abbrev  0x000000000000190b      0x1f8 bin/u8g2/u8x8_display.o
 .debug_abbrev  0x0000000000001b03      0x346 bin/u8g2/u8g2_buffer.o
 .debug_abbrev  0x0000000000001e49      0x196 bin/u8g2/u8g2_ll_hvline.o
 .debug_abbrev  0x0000000000001fdf      0x42c bin/u8g2/u8g2_font.o
 .debug_abbrev  0x000000000000240b      0x3df bin/u8g2/u8g2_setup.o
 .debug_abbrev  0x00000000000027ea      0x124 bin/u8g2/u8x8_gpio.o
 .debug_abbrev  0x000000000000290e      0x12d bin/u8g2/u8g2_fonts.o
 .debug_abbrev  0x0000000000002a3b      0x239 bin/rtos/list.o
 .debug_abbrev  0x0000000000002c74      0x50a bin/rtos/tasks.o
 .debug_abbrev  0x000000000000317e       0x8c bin/rtos/opencm3.o
 .debug_abbrev  0x000000000000320a       0x8e bin/watchdog/iwdg.o
 .debug_abbrev  0x0000000000003298      0x21a bin/rtos/portable/ARM_CM3/port.o
 .debug_abbrev  0x00000000000034b2      0x377 bin/rtos/portable/MemMang/heap_4.o
 .debug_abbrev  0x0000000000003829      0x324 bin/source/main.o
 .debug_abbrev  0x0000000000003b4d       0xd0 /opt/libopencm3/lib/libopencm3_stm32f1.a(gpio.o)
 .debug_abbrev  0x0000000000003c1d      0x116 /opt/libopencm3/lib/libopencm3_stm32f1.a(gpio_common_all.o)
 .debug_abbrev  0x0000000000003d33      0x112 /opt/libopencm3/lib/libopencm3_stm32f1.a(iwdg_common_all.o)
 .debug_abbrev  0x0000000000003e45      0x2e1 /opt/libopencm3/lib/libopencm3_stm32f1.a(rcc.o)
 .debug_abbrev  0x0000000000004126      0x15d /opt/libopencm3/lib/libopencm3_stm32f1.a(rcc_common_all.o)
 .debug_abbrev  0x0000000000004283      0x129 /opt/libopencm3/lib/libopencm3_stm32f1.a(usart_common_all.o)
 .debug_abbrev  0x00000000000043ac       0xc8 /opt/libopencm3/lib/libopencm3_stm32f1.a(usart_common_f124.o)
 .debug_abbrev  0x0000000000004474      0x145 /opt/libopencm3/lib/libopencm3_stm32f1.a(vector.o)
 .debug_abbrev  0x00000000000045b9       0x97 /opt/libopencm3/lib/libopencm3_stm32f1.a(flash_common_all.o)

.debug_loc      0x0000000000000000    0x26f50
 .debug_loc     0x0000000000000000      0x12e bin/uart/retarget.o
 .debug_loc     0x000000000000012e     0x1484 bin/u8g2/u8x8_byte.o
 .debug_loc     0x00000000000015b2      0xf5c bin/u8g2/u8x8_8x8.o
 .debug_loc     0x000000000000250e     0x11c7 bin/u8g2/u8g2_d_memory.o
 .debug_loc     0x00000000000036d5      0x28f bin/u8g2/u8x8_setup.o
 .debug_loc     0x0000000000003964    0x1aadb bin/u8g2/u8g2_d_setup.o
 .debug_loc     0x000000000001e43f      0x97a bin/u8g2/u8g2_box.o
 .debug_loc     0x000000000001edb9      0x14c bin/u8g2/u8g2_intersection.o
 .debug_loc     0x000000000001ef05     0x145a bin/u8g2/u8x8_cad.o
 .debug_loc     0x000000000002035f      0x4d6 bin/u8g2/u8x8_d_st7920.o
 .debug_loc     0x0000000000020835      0x676 bin/u8g2/u8g2_hvline.o
 .debug_loc     0x0000000000020eab      0x361 bin/u8g2/u8x8_display.o
 .debug_loc     0x000000000002120c      0x332 bin/u8g2/u8g2_buffer.o
 .debug_loc     0x000000000002153e      0x475 bin/u8g2/u8g2_ll_hvline.o
 .debug_loc     0x00000000000219b3     0x1ef0 bin/u8g2/u8g2_font.o
 .debug_loc     0x00000000000238a3      0xa59 bin/u8g2/u8g2_setup.o
 .debug_loc     0x00000000000242fc       0x6f bin/u8g2/u8x8_gpio.o
 .debug_loc     0x000000000002436b       0xaf bin/rtos/list.o
 .debug_loc     0x000000000002441a     0x1a82 bin/rtos/tasks.o
 .debug_loc     0x0000000000025e9c       0xbe bin/rtos/portable/ARM_CM3/port.o
 .debug_loc     0x0000000000025f5a      0x47e bin/rtos/portable/MemMang/heap_4.o
 .debug_loc     0x00000000000263d8      0x174 bin/source/main.o
 .debug_loc     0x000000000002654c      0x134 /opt/libopencm3/lib/libopencm3_stm32f1.a(gpio.o)
 .debug_loc     0x0000000000026680       0xbe /opt/libopencm3/lib/libopencm3_stm32f1.a(gpio_common_all.o)
 .debug_loc     0x000000000002673e       0xbf /opt/libopencm3/lib/libopencm3_stm32f1.a(iwdg_common_all.o)
 .debug_loc     0x00000000000267fd      0x39c /opt/libopencm3/lib/libopencm3_stm32f1.a(rcc.o)
 .debug_loc     0x0000000000026b99       0x6f /opt/libopencm3/lib/libopencm3_stm32f1.a(rcc_common_all.o)
 .debug_loc     0x0000000000026c08      0x172 /opt/libopencm3/lib/libopencm3_stm32f1.a(usart_common_all.o)
 .debug_loc     0x0000000000026d7a       0x99 /opt/libopencm3/lib/libopencm3_stm32f1.a(usart_common_f124.o)
 .debug_loc     0x0000000000026e13      0x128 /opt/libopencm3/lib/libopencm3_stm32f1.a(vector.o)
 .debug_loc     0x0000000000026f3b       0x15 /opt/libopencm3/lib/libopencm3_stm32f1.a(flash_common_all.o)

.debug_aranges  0x0000000000000000     0x2010
 .debug_aranges
                0x0000000000000000       0x20 bin/uart/retarget.o
 .debug_aranges
                0x0000000000000020       0x20 bin/uart/uart.o
 .debug_aranges
                0x0000000000000040       0xb0 bin/u8g2/u8x8_byte.o
 .debug_aranges
                0x00000000000000f0       0xb8 bin/u8g2/u8x8_8x8.o
 .debug_aranges
                0x00000000000001a8      0x3f0 bin/u8g2/u8g2_d_memory.o
 .debug_aranges
                0x0000000000000598       0x38 bin/u8g2/u8x8_setup.o
 .debug_aranges
                0x00000000000005d0      0xea0 bin/u8g2/u8g2_d_setup.o
 .debug_aranges
                0x0000000000001470       0x38 bin/u8g2/u8g2_box.o
 .debug_aranges
                0x00000000000014a8       0x28 bin/u8g2/u8g2_intersection.o
 .debug_aranges
                0x00000000000014d0       0xa8 bin/u8g2/u8x8_cad.o
 .debug_aranges
                0x0000000000001578       0x30 bin/u8g2/u8x8_d_st7920.o
 .debug_aranges
                0x00000000000015a8       0x48 bin/u8g2/u8g2_hvline.o
 .debug_aranges
                0x00000000000015f0       0x80 bin/u8g2/u8x8_display.o
 .debug_aranges
                0x0000000000001670       0x48 bin/u8g2/u8g2_buffer.o
 .debug_aranges
                0x00000000000016b8       0x28 bin/u8g2/u8g2_ll_hvline.o
 .debug_aranges
                0x00000000000016e0      0x180 bin/u8g2/u8g2_font.o
 .debug_aranges
                0x0000000000001860       0xa8 bin/u8g2/u8g2_setup.o
 .debug_aranges
                0x0000000000001908       0x20 bin/u8g2/u8x8_gpio.o
 .debug_aranges
                0x0000000000001928       0x18 bin/u8g2/u8g2_fonts.o
 .debug_aranges
                0x0000000000001940       0x40 bin/rtos/list.o
 .debug_aranges
                0x0000000000001980      0x178 bin/rtos/tasks.o
 .debug_aranges
                0x0000000000001af8       0x30 bin/rtos/opencm3.o
 .debug_aranges
                0x0000000000001b28       0x20 bin/watchdog/iwdg.o
 .debug_aranges
                0x0000000000001b48       0x70 bin/rtos/portable/ARM_CM3/port.o
 .debug_aranges
                0x0000000000001bb8       0x50 bin/rtos/portable/MemMang/heap_4.o
 .debug_aranges
                0x0000000000001c08       0x30 bin/source/main.o
 .debug_aranges
                0x0000000000001c38       0x38 /opt/libopencm3/lib/libopencm3_stm32f1.a(gpio.o)
 .debug_aranges
                0x0000000000001c70       0x50 /opt/libopencm3/lib/libopencm3_stm32f1.a(gpio_common_all.o)
 .debug_aranges
                0x0000000000001cc0       0x40 /opt/libopencm3/lib/libopencm3_stm32f1.a(iwdg_common_all.o)
 .debug_aranges
                0x0000000000001d00      0x158 /opt/libopencm3/lib/libopencm3_stm32f1.a(rcc.o)
 .debug_aranges
                0x0000000000001e58       0x58 /opt/libopencm3/lib/libopencm3_stm32f1.a(rcc_common_all.o)
 .debug_aranges
                0x0000000000001eb0       0xb8 /opt/libopencm3/lib/libopencm3_stm32f1.a(usart_common_all.o)
 .debug_aranges
                0x0000000000001f68       0x40 /opt/libopencm3/lib/libopencm3_stm32f1.a(usart_common_f124.o)
 .debug_aranges
                0x0000000000001fa8       0x30 /opt/libopencm3/lib/libopencm3_stm32f1.a(vector.o)
 .debug_aranges
                0x0000000000001fd8       0x38 /opt/libopencm3/lib/libopencm3_stm32f1.a(flash_common_all.o)

.debug_ranges   0x0000000000000000     0x2250
 .debug_ranges  0x0000000000000000       0x10 bin/uart/retarget.o
 .debug_ranges  0x0000000000000010       0x10 bin/uart/uart.o
 .debug_ranges  0x0000000000000020      0x100 bin/u8g2/u8x8_byte.o
 .debug_ranges  0x0000000000000120      0x128 bin/u8g2/u8x8_8x8.o
 .debug_ranges  0x0000000000000248      0x3e0 bin/u8g2/u8g2_d_memory.o
 .debug_ranges  0x0000000000000628       0x28 bin/u8g2/u8x8_setup.o
 .debug_ranges  0x0000000000000650      0xe90 bin/u8g2/u8g2_d_setup.o
 .debug_ranges  0x00000000000014e0       0x88 bin/u8g2/u8g2_box.o
 .debug_ranges  0x0000000000001568       0x18 bin/u8g2/u8g2_intersection.o
 .debug_ranges  0x0000000000001580       0x98 bin/u8g2/u8x8_cad.o
 .debug_ranges  0x0000000000001618       0x20 bin/u8g2/u8x8_d_st7920.o
 .debug_ranges  0x0000000000001638       0x80 bin/u8g2/u8g2_hvline.o
 .debug_ranges  0x00000000000016b8       0x70 bin/u8g2/u8x8_display.o
 .debug_ranges  0x0000000000001728       0x60 bin/u8g2/u8g2_buffer.o
 .debug_ranges  0x0000000000001788       0x18 bin/u8g2/u8g2_ll_hvline.o
 .debug_ranges  0x00000000000017a0      0x1c0 bin/u8g2/u8g2_font.o
 .debug_ranges  0x0000000000001960       0x98 bin/u8g2/u8g2_setup.o
 .debug_ranges  0x00000000000019f8       0x10 bin/u8g2/u8x8_gpio.o
 .debug_ranges  0x0000000000001a08       0x30 bin/rtos/list.o
 .debug_ranges  0x0000000000001a38      0x328 bin/rtos/tasks.o
 .debug_ranges  0x0000000000001d60       0x20 bin/rtos/opencm3.o
 .debug_ranges  0x0000000000001d80       0x10 bin/watchdog/iwdg.o
 .debug_ranges  0x0000000000001d90       0x78 bin/rtos/portable/ARM_CM3/port.o
 .debug_ranges  0x0000000000001e08       0x40 bin/rtos/portable/MemMang/heap_4.o
 .debug_ranges  0x0000000000001e48       0x38 bin/source/main.o
 .debug_ranges  0x0000000000001e80       0x28 /opt/libopencm3/lib/libopencm3_stm32f1.a(gpio.o)
 .debug_ranges  0x0000000000001ea8       0x40 /opt/libopencm3/lib/libopencm3_stm32f1.a(gpio_common_all.o)
 .debug_ranges  0x0000000000001ee8       0x48 /opt/libopencm3/lib/libopencm3_stm32f1.a(iwdg_common_all.o)
 .debug_ranges  0x0000000000001f30      0x1b8 /opt/libopencm3/lib/libopencm3_stm32f1.a(rcc.o)
 .debug_ranges  0x00000000000020e8       0x48 /opt/libopencm3/lib/libopencm3_stm32f1.a(rcc_common_all.o)
 .debug_ranges  0x0000000000002130       0xa8 /opt/libopencm3/lib/libopencm3_stm32f1.a(usart_common_all.o)
 .debug_ranges  0x00000000000021d8       0x30 /opt/libopencm3/lib/libopencm3_stm32f1.a(usart_common_f124.o)
 .debug_ranges  0x0000000000002208       0x20 /opt/libopencm3/lib/libopencm3_stm32f1.a(vector.o)
 .debug_ranges  0x0000000000002228       0x28 /opt/libopencm3/lib/libopencm3_stm32f1.a(flash_common_all.o)

.debug_macro    0x0000000000000000     0x7c03
 .debug_macro   0x0000000000000000      0x259 bin/uart/retarget.o
 .debug_macro   0x0000000000000259      0xa96 bin/uart/retarget.o
 .debug_macro   0x0000000000000cef       0x1c bin/uart/retarget.o
 .debug_macro   0x0000000000000d0b       0x22 bin/uart/retarget.o
 .debug_macro   0x0000000000000d2d       0x56 bin/uart/retarget.o
 .debug_macro   0x0000000000000d83       0x51 bin/uart/retarget.o
 .debug_macro   0x0000000000000dd4       0xef bin/uart/retarget.o
 .debug_macro   0x0000000000000ec3       0x6a bin/uart/retarget.o
 .debug_macro   0x0000000000000f2d      0x1df bin/uart/retarget.o
 .debug_macro   0x000000000000110c       0x22 bin/uart/retarget.o
 .debug_macro   0x000000000000112e       0xe8 bin/uart/retarget.o
 .debug_macro   0x0000000000001216       0x76 bin/uart/retarget.o
 .debug_macro   0x000000000000128c      0x1b4 bin/uart/retarget.o
 .debug_macro   0x0000000000001440      0x82c bin/uart/retarget.o
 .debug_macro   0x0000000000001c6c       0x76 bin/uart/retarget.o
 .debug_macro   0x0000000000001ce2      0xe04 bin/uart/retarget.o
 .debug_macro   0x0000000000002ae6       0x94 bin/uart/retarget.o
 .debug_macro   0x0000000000002b7a      0x29e bin/uart/retarget.o
 .debug_macro   0x0000000000002e18       0x18 bin/uart/retarget.o
 .debug_macro   0x0000000000002e30       0x5e bin/uart/retarget.o
 .debug_macro   0x0000000000002e8e       0x35 bin/uart/retarget.o
 .debug_macro   0x0000000000002ec3       0x34 bin/uart/retarget.o
 .debug_macro   0x0000000000002ef7       0x16 bin/uart/retarget.o
 .debug_macro   0x0000000000002f0d      0x10e bin/uart/retarget.o
 .debug_macro   0x000000000000301b       0x86 bin/uart/retarget.o
 .debug_macro   0x00000000000030a1       0x58 bin/uart/retarget.o
 .debug_macro   0x00000000000030f9       0x1f bin/uart/retarget.o
 .debug_macro   0x0000000000003118       0x43 bin/uart/retarget.o
 .debug_macro   0x000000000000315b       0x20 bin/uart/retarget.o
 .debug_macro   0x000000000000317b      0x18e bin/uart/retarget.o
 .debug_macro   0x0000000000003309      0x35c bin/uart/retarget.o
 .debug_macro   0x0000000000003665       0x22 bin/uart/retarget.o
 .debug_macro   0x0000000000003687       0x16 bin/uart/retarget.o
 .debug_macro   0x000000000000369d       0x35 bin/uart/retarget.o
 .debug_macro   0x00000000000036d2       0x10 bin/uart/retarget.o
 .debug_macro   0x00000000000036e2      0x241 bin/uart/retarget.o
 .debug_macro   0x0000000000003923       0x1c bin/uart/retarget.o
 .debug_macro   0x000000000000393f       0x10 bin/uart/retarget.o
 .debug_macro   0x000000000000394f       0x10 bin/uart/retarget.o
 .debug_macro   0x000000000000395f       0xb6 bin/uart/retarget.o
 .debug_macro   0x0000000000003a15       0x16 bin/uart/retarget.o
 .debug_macro   0x0000000000003a2b      0x129 bin/uart/retarget.o
 .debug_macro   0x0000000000003b54       0x16 bin/uart/retarget.o
 .debug_macro   0x0000000000003b6a      0x4fe bin/uart/retarget.o
 .debug_macro   0x0000000000004068      0x100 bin/uart/uart.o
 .debug_macro   0x0000000000004168       0xd2 bin/u8g2/u8x8_byte.o
 .debug_macro   0x000000000000423a       0xd2 bin/u8g2/u8x8_8x8.o
 .debug_macro   0x000000000000430c       0xe1 bin/u8g2/u8g2_d_memory.o
 .debug_macro   0x00000000000043ed       0xd2 bin/u8g2/u8x8_setup.o
 .debug_macro   0x00000000000044bf       0xe1 bin/u8g2/u8g2_d_setup.o
 .debug_macro   0x00000000000045a0       0xe1 bin/u8g2/u8g2_box.o
 .debug_macro   0x0000000000004681       0xe7 bin/u8g2/u8g2_intersection.o
 .debug_macro   0x0000000000004768       0xd2 bin/u8g2/u8x8_cad.o
 .debug_macro   0x000000000000483a       0xd2 bin/u8g2/u8x8_d_st7920.o
 .debug_macro   0x000000000000490c      0x10b bin/u8g2/u8g2_hvline.o
 .debug_macro   0x0000000000004a17       0x16 bin/u8g2/u8g2_hvline.o
 .debug_macro   0x0000000000004a2d       0xd2 bin/u8g2/u8x8_display.o
 .debug_macro   0x0000000000004aff      0x167 bin/u8g2/u8g2_buffer.o
 .debug_macro   0x0000000000004c66      0x10b bin/u8g2/u8g2_ll_hvline.o
 .debug_macro   0x0000000000004d71       0xe7 bin/u8g2/u8g2_font.o
 .debug_macro   0x0000000000004e58      0x170 bin/u8g2/u8g2_setup.o
 .debug_macro   0x0000000000004fc8       0xd2 bin/u8g2/u8x8_gpio.o
 .debug_macro   0x000000000000509a       0xe1 bin/u8g2/u8g2_fonts.o
 .debug_macro   0x000000000000517b      0x171 bin/rtos/list.o
 .debug_macro   0x00000000000052ec      0x24a bin/rtos/tasks.o
 .debug_macro   0x0000000000005536       0x10 bin/rtos/tasks.o
 .debug_macro   0x0000000000005546      0x15e bin/rtos/opencm3.o
 .debug_macro   0x00000000000056a4       0x6e bin/rtos/opencm3.o
 .debug_macro   0x0000000000005712      0x1a2 bin/rtos/opencm3.o
 .debug_macro   0x00000000000058b4       0xc9 bin/watchdog/iwdg.o
 .debug_macro   0x000000000000597d       0x70 bin/watchdog/iwdg.o
 .debug_macro   0x00000000000059ed      0x172 bin/rtos/portable/ARM_CM3/port.o
 .debug_macro   0x0000000000005b5f      0x198 bin/rtos/portable/MemMang/heap_4.o
 .debug_macro   0x0000000000005cf7      0x3c2 bin/source/main.o
 .debug_macro   0x00000000000060b9      0x2eb bin/source/main.o
 .debug_macro   0x00000000000063a4       0x16 bin/source/main.o
 .debug_macro   0x00000000000063ba      0x171 bin/source/main.o
 .debug_macro   0x000000000000652b       0xb8 /opt/libopencm3/lib/libopencm3_stm32f1.a(gpio.o)
 .debug_macro   0x00000000000065e3      0xa90 /opt/libopencm3/lib/libopencm3_stm32f1.a(gpio.o)
 .debug_macro   0x0000000000007073       0xb8 /opt/libopencm3/lib/libopencm3_stm32f1.a(gpio_common_all.o)
 .debug_macro   0x000000000000712b       0xc5 /opt/libopencm3/lib/libopencm3_stm32f1.a(iwdg_common_all.o)
 .debug_macro   0x00000000000071f0       0xe7 /opt/libopencm3/lib/libopencm3_stm32f1.a(rcc.o)
 .debug_macro   0x00000000000072d7       0x16 /opt/libopencm3/lib/libopencm3_stm32f1.a(rcc.o)
 .debug_macro   0x00000000000072ed       0xee /opt/libopencm3/lib/libopencm3_stm32f1.a(rcc.o)
 .debug_macro   0x00000000000073db       0x82 /opt/libopencm3/lib/libopencm3_stm32f1.a(rcc.o)
 .debug_macro   0x000000000000745d       0xce /opt/libopencm3/lib/libopencm3_stm32f1.a(rcc_common_all.o)
 .debug_macro   0x000000000000752b       0xda /opt/libopencm3/lib/libopencm3_stm32f1.a(usart_common_all.o)
 .debug_macro   0x0000000000007605       0xda /opt/libopencm3/lib/libopencm3_stm32f1.a(usart_common_f124.o)
 .debug_macro   0x00000000000076df       0xcf /opt/libopencm3/lib/libopencm3_stm32f1.a(vector.o)
 .debug_macro   0x00000000000077ae      0x395 /opt/libopencm3/lib/libopencm3_stm32f1.a(vector.o)
 .debug_macro   0x0000000000007b43       0xc0 /opt/libopencm3/lib/libopencm3_stm32f1.a(flash_common_all.o)

.debug_line     0x0000000000000000    0x144b5
 .debug_line    0x0000000000000000      0x44f bin/uart/retarget.o
 .debug_line    0x000000000000044f      0x2fb bin/uart/uart.o
 .debug_line    0x000000000000074a      0x900 bin/u8g2/u8x8_byte.o
 .debug_line    0x000000000000104a      0x995 bin/u8g2/u8x8_8x8.o
 .debug_line    0x00000000000019df     0x12ba bin/u8g2/u8g2_d_memory.o
 .debug_line    0x0000000000002c99      0x2b8 bin/u8g2/u8x8_setup.o
 .debug_line    0x0000000000002f51     0x70cd bin/u8g2/u8g2_d_setup.o
 .debug_line    0x000000000000a01e      0x468 bin/u8g2/u8g2_box.o
 .debug_line    0x000000000000a486      0x284 bin/u8g2/u8g2_intersection.o
 .debug_line    0x000000000000a70a      0x8a1 bin/u8g2/u8x8_cad.o
 .debug_line    0x000000000000afab      0x337 bin/u8g2/u8x8_d_st7920.o
 .debug_line    0x000000000000b2e2      0x47e bin/u8g2/u8g2_hvline.o
 .debug_line    0x000000000000b760      0x475 bin/u8g2/u8x8_display.o
 .debug_line    0x000000000000bbd5      0x493 bin/u8g2/u8g2_buffer.o
 .debug_line    0x000000000000c068      0x479 bin/u8g2/u8g2_ll_hvline.o
 .debug_line    0x000000000000c4e1     0x1238 bin/u8g2/u8g2_font.o
 .debug_line    0x000000000000d719      0x7f7 bin/u8g2/u8g2_setup.o
 .debug_line    0x000000000000df10      0x207 bin/u8g2/u8x8_gpio.o
 .debug_line    0x000000000000e117      0x1f2 bin/u8g2/u8g2_fonts.o
 .debug_line    0x000000000000e309      0x412 bin/rtos/list.o
 .debug_line    0x000000000000e71b     0x1ba2 bin/rtos/tasks.o
 .debug_line    0x00000000000102bd      0x3c3 bin/rtos/opencm3.o
 .debug_line    0x0000000000010680      0x287 bin/watchdog/iwdg.o
 .debug_line    0x0000000000010907      0x460 bin/rtos/portable/ARM_CM3/port.o
 .debug_line    0x0000000000010d67      0x69a bin/rtos/portable/MemMang/heap_4.o
 .debug_line    0x0000000000011401      0x713 bin/source/main.o
 .debug_line    0x0000000000011b14      0x33e /opt/libopencm3/lib/libopencm3_stm32f1.a(gpio.o)
 .debug_line    0x0000000000011e52      0x354 /opt/libopencm3/lib/libopencm3_stm32f1.a(gpio_common_all.o)
 .debug_line    0x00000000000121a6      0x384 /opt/libopencm3/lib/libopencm3_stm32f1.a(iwdg_common_all.o)
 .debug_line    0x000000000001252a      0xc89 /opt/libopencm3/lib/libopencm3_stm32f1.a(rcc.o)
 .debug_line    0x00000000000131b3      0x37e /opt/libopencm3/lib/libopencm3_stm32f1.a(rcc_common_all.o)
 .debug_line    0x0000000000013531      0x557 /opt/libopencm3/lib/libopencm3_stm32f1.a(usart_common_all.o)
 .debug_line    0x0000000000013a88      0x349 /opt/libopencm3/lib/libopencm3_stm32f1.a(usart_common_f124.o)
 .debug_line    0x0000000000013dd1      0x3df /opt/libopencm3/lib/libopencm3_stm32f1.a(vector.o)
 .debug_line    0x00000000000141b0      0x305 /opt/libopencm3/lib/libopencm3_stm32f1.a(flash_common_all.o)

.debug_str      0x0000000000000000    0x2b3cf
 .debug_str     0x0000000000000000    0x1003a bin/uart/retarget.o
                                      0x10424 (size before relaxing)
 .debug_str     0x000000000001003a      0x2fb bin/uart/uart.o
                                       0xbbd5 (size before relaxing)
 .debug_str     0x0000000000010335     0x20b2 bin/u8g2/u8x8_byte.o
                                       0x7664 (size before relaxing)
 .debug_str     0x00000000000123e7      0x192 bin/u8g2/u8x8_8x8.o
                                       0x75e6 (size before relaxing)
 .debug_str     0x0000000000012579     0x9068 bin/u8g2/u8g2_d_memory.o
                                      0x11415 (size before relaxing)
 .debug_str     0x000000000001b5e1       0xb3 bin/u8g2/u8x8_setup.o
                                       0x750b (size before relaxing)
 .debug_str     0x000000000001b694     0x3a95 bin/u8g2/u8g2_d_setup.o
                                      0x14e97 (size before relaxing)
 .debug_str     0x000000000001f129       0xaf bin/u8g2/u8g2_box.o
                                      0x10dcd (size before relaxing)
 .debug_str     0x000000000001f1d8       0x79 bin/u8g2/u8g2_intersection.o
                                      0x10dab (size before relaxing)
 .debug_str     0x000000000001f251      0x173 bin/u8g2/u8x8_cad.o
                                       0x7644 (size before relaxing)
 .debug_str     0x000000000001f3c4      0x117 bin/u8g2/u8x8_d_st7920.o
                                       0x7612 (size before relaxing)
 .debug_str     0x000000000001f4db       0xd9 bin/u8g2/u8g2_hvline.o
                                      0x10ff6 (size before relaxing)
 .debug_str     0x000000000001f5b4       0xc3 bin/u8g2/u8x8_display.o
                                       0x75be (size before relaxing)
 .debug_str     0x000000000001f677       0xdd bin/u8g2/u8g2_buffer.o
                                      0x1249f (size before relaxing)
 .debug_str     0x000000000001f754       0x63 bin/u8g2/u8g2_ll_hvline.o
                                      0x10fde (size before relaxing)
 .debug_str     0x000000000001f7b7      0x566 bin/u8g2/u8g2_font.o
                                      0x112ee (size before relaxing)
 .debug_str     0x000000000001fd1d      0x1c0 bin/u8g2/u8g2_setup.o
                                      0x12636 (size before relaxing)
 .debug_str     0x000000000001fedd       0x11 bin/u8g2/u8x8_gpio.o
                                       0x7468 (size before relaxing)
 .debug_str     0x000000000001feee       0x12 bin/u8g2/u8g2_fonts.o
                                      0x10d2b (size before relaxing)
 .debug_str     0x000000000001ff00     0x3832 bin/rtos/list.o
                                       0xa45f (size before relaxing)
 .debug_str     0x0000000000023732     0x2158 bin/rtos/tasks.o
                                       0xc61f (size before relaxing)
 .debug_str     0x000000000002588a      0x86a bin/rtos/opencm3.o
                                       0xf269 (size before relaxing)
 .debug_str     0x00000000000260f4      0x1fa bin/watchdog/iwdg.o
                                       0x4f4c (size before relaxing)
 .debug_str     0x00000000000262ee      0x597 bin/rtos/portable/ARM_CM3/port.o
                                       0x83a1 (size before relaxing)
 .debug_str     0x0000000000026885      0x307 bin/rtos/portable/MemMang/heap_4.o
                                       0xad77 (size before relaxing)
 .debug_str     0x0000000000026b8c     0x1814 bin/source/main.o
                                      0x216ee (size before relaxing)
 .debug_str     0x00000000000283a0       0x8f /opt/libopencm3/lib/libopencm3_stm32f1.a(gpio.o)
                                       0x859b (size before relaxing)
 .debug_str     0x000000000002842f       0x6c /opt/libopencm3/lib/libopencm3_stm32f1.a(gpio_common_all.o)
                                       0x858f (size before relaxing)
 .debug_str     0x000000000002849b       0xa6 /opt/libopencm3/lib/libopencm3_stm32f1.a(iwdg_common_all.o)
                                       0x4fd2 (size before relaxing)
 .debug_str     0x0000000000028541      0xc86 /opt/libopencm3/lib/libopencm3_stm32f1.a(rcc.o)
                                       0x7e8e (size before relaxing)
 .debug_str     0x00000000000291c7      0x35b /opt/libopencm3/lib/libopencm3_stm32f1.a(rcc_common_all.o)
                                       0x77a4 (size before relaxing)
 .debug_str     0x0000000000029522      0x18f /opt/libopencm3/lib/libopencm3_stm32f1.a(usart_common_all.o)
                                       0x8363 (size before relaxing)
 .debug_str     0x00000000000296b1       0x2d /opt/libopencm3/lib/libopencm3_stm32f1.a(usart_common_f124.o)
                                       0x819d (size before relaxing)
 .debug_str     0x00000000000296de     0x1c8d /opt/libopencm3/lib/libopencm3_stm32f1.a(vector.o)
                                       0x6664 (size before relaxing)
 .debug_str     0x000000000002b36b       0x64 /opt/libopencm3/lib/libopencm3_stm32f1.a(flash_common_all.o)
                                       0x5567 (size before relaxing)

.comment        0x0000000000000000       0x79
 .comment       0x0000000000000000       0x79 bin/uart/retarget.o
                                         0x7a (size before relaxing)
 .comment       0x0000000000000079       0x7a bin/uart/uart.o
 .comment       0x0000000000000079       0x7a bin/u8g2/u8x8_byte.o
 .comment       0x0000000000000079       0x7a bin/u8g2/u8x8_8x8.o
 .comment       0x0000000000000079       0x7a bin/u8g2/u8g2_d_memory.o
 .comment       0x0000000000000079       0x7a bin/u8g2/u8x8_setup.o
 .comment       0x0000000000000079       0x7a bin/u8g2/u8g2_d_setup.o
 .comment       0x0000000000000079       0x7a bin/u8g2/u8g2_box.o
 .comment       0x0000000000000079       0x7a bin/u8g2/u8g2_intersection.o
 .comment       0x0000000000000079       0x7a bin/u8g2/u8x8_cad.o
 .comment       0x0000000000000079       0x7a bin/u8g2/u8x8_d_st7920.o
 .comment       0x0000000000000079       0x7a bin/u8g2/u8g2_hvline.o
 .comment       0x0000000000000079       0x7a bin/u8g2/u8x8_display.o
 .comment       0x0000000000000079       0x7a bin/u8g2/u8g2_buffer.o
 .comment       0x0000000000000079       0x7a bin/u8g2/u8g2_ll_hvline.o
 .comment       0x0000000000000079       0x7a bin/u8g2/u8g2_font.o
 .comment       0x0000000000000079       0x7a bin/u8g2/u8g2_setup.o
 .comment       0x0000000000000079       0x7a bin/u8g2/u8x8_gpio.o
 .comment       0x0000000000000079       0x7a bin/u8g2/u8g2_fonts.o
 .comment       0x0000000000000079       0x7a bin/rtos/list.o
 .comment       0x0000000000000079       0x7a bin/rtos/tasks.o
 .comment       0x0000000000000079       0x7a bin/rtos/opencm3.o
 .comment       0x0000000000000079       0x7a bin/watchdog/iwdg.o
 .comment       0x0000000000000079       0x7a bin/rtos/portable/ARM_CM3/port.o
 .comment       0x0000000000000079       0x7a bin/rtos/portable/MemMang/heap_4.o
 .comment       0x0000000000000079       0x7a bin/source/main.o
 .comment       0x0000000000000079       0x7a /opt/libopencm3/lib/libopencm3_stm32f1.a(gpio.o)
 .comment       0x0000000000000079       0x7a /opt/libopencm3/lib/libopencm3_stm32f1.a(gpio_common_all.o)