Archive member included to satisfy reference by file (symbol)

/opt/libopencm3/lib/libopencm3_stm32f1.a(gpio.o)
                              bin/uart/serial.o (gpio_set_mode)
/opt/libopencm3/lib/libopencm3_stm32f1.a(gpio_common_all.o)
                              bin/i2c/sht3x.o (gpio_set)
/opt/libopencm3/lib/libopencm3_stm32f1.a(i2c_common_v1.o)
                              bin/i2c/i2c.o (i2c_reset)
/opt/libopencm3/lib/libopencm3_stm32f1.a(iwdg_common_all.o)
                              bin/watchdog/iwdg.o (iwdg_start)
/opt/libopencm3/lib/libopencm3_stm32f1.a(pwr_common_v1.o)
                              bin/rtc/rtc.o (pwr_disable_backup_domain_write_protect)
/opt/libopencm3/lib/libopencm3_stm32f1.a(rcc.o)
                              bin/source/main.o (rcc_clock_setup_in_hse_8mhz_out_72mhz)
/opt/libopencm3/lib/libopencm3_stm32f1.a(rcc_common_all.o)
                              bin/uart/serial.o (rcc_periph_clock_enable)
/opt/libopencm3/lib/libopencm3_stm32f1.a(rtc.o)
                              bin/rtc/rtc.o (rtc_get_counter_val)
/opt/libopencm3/lib/libopencm3_stm32f1.a(usart_common_all.o)
                              bin/uart/serial.o (usart_set_baudrate)
/opt/libopencm3/lib/libopencm3_stm32f1.a(usart_common_f124.o)
                              /opt/libopencm3/lib/libopencm3_stm32f1.a(usart_common_all.o) (usart_send)
/opt/libopencm3/lib/libopencm3_stm32f1.a(vector.o)
                              (reset_handler)
/opt/libopencm3/lib/libopencm3_stm32f1.a(nvic.o)
                              bin/uart/serial.o (nvic_enable_irq)
/opt/libopencm3/lib/libopencm3_stm32f1.a(assert.o)
                              /opt/libopencm3/lib/libopencm3_stm32f1.a(rcc.o) (cm3_assert_failed)
/opt/libopencm3/lib/libopencm3_stm32f1.a(flash_common_all.o)
                              /opt/libopencm3/lib/libopencm3_stm32f1.a(rcc.o) (flash_set_ws)
/opt/gcc-arm/bin/../lib/gcc/arm-none-eabi/9.2.1/../../../../arm-none-eabi/lib/thumb/v7-m/nofp/libc_nano.a(lib_a-errno.o)
                              bin/uart/retarget.o (__errno)
/opt/gcc-arm/bin/../lib/gcc/arm-none-eabi/9.2.1/../../../../arm-none-eabi/lib/thumb/v7-m/nofp/libc_nano.a(lib_a-impure.o)
                              /opt/gcc-arm/bin/../lib/gcc/arm-none-eabi/9.2.1/../../../../arm-none-eabi/lib/thumb/v7-m/nofp/libc_nano.a(lib_a-errno.o) (_impure_ptr)
/opt/gcc-arm/bin/../lib/gcc/arm-none-eabi/9.2.1/../../../../arm-none-eabi/lib/thumb/v7-m/nofp/libc_nano.a(lib_a-lcltime.o)
                              bin/rtc/rtc.o (localtime)
/opt/gcc-arm/bin/../lib/gcc/arm-none-eabi/9.2.1/../../../../arm-none-eabi/lib/thumb/v7-m/nofp/libc_nano.a(lib_a-lcltime_r.o)
                              /opt/gcc-arm/bin/../lib/gcc/arm-none-eabi/9.2.1/../../../../arm-none-eabi/lib/thumb/v7-m/nofp/libc_nano.a(lib_a-lcltime.o) (localtime_r)
/opt/gcc-arm/bin/../lib/gcc/arm-none-eabi/9.2.1/../../../../arm-none-eabi/lib/thumb/v7-m/nofp/libc_nano.a(lib_a-malloc.o)
                              /opt/gcc-arm/bin/../lib/gcc/arm-none-eabi/9.2.1/../../../../arm-none-eabi/lib/thumb/v7-m/nofp/libc_nano.a(lib_a-lcltime.o) (malloc)
/opt/gcc-arm/bin/../lib/gcc/arm-none-eabi/9.2.1/../../../../arm-none-eabi/lib/thumb/v7-m/nofp/libc_nano.a(lib_a-memcpy-stub.o)
                              bin/rtos/queue.o (memcpy)
/opt/gcc-arm/bin/../lib/gcc/arm-none-eabi/9.2.1/../../../../arm-none-eabi/lib/thumb/v7-m/nofp/libc_nano.a(lib_a-memset.o)
                              bin/rtos/stream_buffer.o (memset)
/opt/gcc-arm/bin/../lib/gcc/arm-none-eabi/9.2.1/../../../../arm-none-eabi/lib/thumb/v7-m/nofp/libc_nano.a(lib_a-mktime.o)
                              bin/rtc/rtc.o (mktime)
/opt/gcc-arm/bin/../lib/gcc/arm-none-eabi/9.2.1/../../../../arm-none-eabi/lib/thumb/v7-m/nofp/libc_nano.a(lib_a-month_lengths.o)
                              /opt/gcc-arm/bin/../lib/gcc/arm-none-eabi/9.2.1/../../../../arm-none-eabi/lib/thumb/v7-m/nofp/libc_nano.a(lib_a-lcltime_r.o) (__month_lengths)
/opt/gcc-arm/bin/../lib/gcc/arm-none-eabi/9.2.1/../../../../arm-none-eabi/lib/thumb/v7-m/nofp/libc_nano.a(lib_a-nano-freer.o)
                              /opt/gcc-arm/bin/../lib/gcc/arm-none-eabi/9.2.1/../../../../arm-none-eabi/lib/thumb/v7-m/nofp/libc_nano.a(lib_a-malloc.o) (_free_r)
/opt/gcc-arm/bin/../lib/gcc/arm-none-eabi/9.2.1/../../../../arm-none-eabi/lib/thumb/v7-m/nofp/libc_nano.a(lib_a-nano-mallocr.o)
                              /opt/gcc-arm/bin/../lib/gcc/arm-none-eabi/9.2.1/../../../../arm-none-eabi/lib/thumb/v7-m/nofp/libc_nano.a(lib_a-malloc.o) (_malloc_r)
/opt/gcc-arm/bin/../lib/gcc/arm-none-eabi/9.2.1/../../../../arm-none-eabi/lib/thumb/v7-m/nofp/libc_nano.a(lib_a-nano-vfprintf_float.o)
                              (_printf_float)
/opt/gcc-arm/bin/../lib/gcc/arm-none-eabi/9.2.1/../../../../arm-none-eabi/lib/thumb/v7-m/nofp/libc_nano.a(lib_a-nano-vfprintf_i.o)
[...]
Memory Configuration

Name             Origin             Length             Attributes
ram              0x0000000020000000 0x0000000000005000 xrw
rom              0x0000000008000000 0x0000000000010000 xr
*default*        0x0000000000000000 0xffffffffffffffff

Linker script and memory map

LOAD bin/uart/retarget.o
LOAD bin/uart/ringbuf.o
LOAD bin/uart/serial.o
LOAD bin/i2c/sht3x.o
LOAD bin/i2c/i2c.o
LOAD bin/rtc/rtc.o
LOAD bin/rtos/queue.o
LOAD bin/rtos/croutine.o
LOAD bin/rtos/list.o
LOAD bin/rtos/event_groups.o
LOAD bin/rtos/stream_buffer.o
LOAD bin/rtos/tasks.o
LOAD bin/rtos/opencm3.o
LOAD bin/rtos/timers.o
LOAD bin/watchdog/iwdg.o
LOAD bin/rtos/portable/ARM_CM3/port.o
LOAD bin/rtos/portable/MemMang/heap_4.o
LOAD bin/source/main.o
LOAD /opt/libopencm3/lib/libopencm3_stm32f1.a
START GROUP
LOAD /opt/gcc-arm/bin/../lib/gcc/arm-none-eabi/9.2.1/../../../../arm-none-eabi/lib/thumb/v7-m/nofp/libc_nano.a
LOAD /opt/gcc-arm/bin/../lib/gcc/arm-none-eabi/9.2.1/thumb/v7-m/nofp/libgcc.a
LOAD /opt/gcc-arm/bin/../lib/gcc/arm-none-eabi/9.2.1/../../../../arm-none-eabi/lib/thumb/v7-m/nofp/libnosys.a
END GROUP
START GROUP
LOAD /opt/gcc-arm/bin/../lib/gcc/arm-none-eabi/9.2.1/thumb/v7-m/nofp/libgcc.a
LOAD /opt/gcc-arm/bin/../lib/gcc/arm-none-eabi/9.2.1/../../../../arm-none-eabi/lib/thumb/v7-m/nofp/libc_nano.a
END GROUP
START GROUP
LOAD /opt/gcc-arm/bin/../lib/gcc/arm-none-eabi/9.2.1/thumb/v7-m/nofp/libgcc.a
LOAD /opt/gcc-arm/bin/../lib/gcc/arm-none-eabi/9.2.1/../../../../arm-none-eabi/lib/thumb/v7-m/nofp/libc_nano.a
END GROUP

.text           0x0000000008000000     0x5d70
 *(.vectors)
 .vectors       0x0000000008000000      0x150 /opt/libopencm3/lib/libopencm3_stm32f1.a(vector.o)
                0x0000000008000000                vector_table
 *(.text*)
 .text._write   0x0000000008000150       0x48 bin/uart/retarget.o
                0x0000000008000150                _write
 .text.ringbuf_init
                0x0000000008000198        0xc bin/uart/ringbuf.o
                0x0000000008000198                ringbuf_init
 .text.ringbuf_put
                0x00000000080001a4       0x24 bin/uart/ringbuf.o
                0x00000000080001a4                ringbuf_put
 .text.serial_init
                0x00000000080001c8       0xac bin/uart/serial.o
                0x00000000080001c8                serial_init
 .text.usart1_isr
                0x0000000008000274       0x44 bin/uart/serial.o
                0x0000000008000274                usart1_isr
 .text.RTC_CalcTime
                0x00000000080002b8       0x38 bin/rtc/rtc.o
                0x00000000080002b8                RTC_CalcTime
 .text.rtc_isr  0x00000000080002f0       0x20 bin/rtc/rtc.o
                0x00000000080002f0                rtc_isr
 .text.vListInitialise
                0x0000000008000310       0x16 bin/rtos/list.o
                0x0000000008000310                vListInitialise
 .text.vListInitialiseItem
                0x0000000008000326        0x6 bin/rtos/list.o
                0x0000000008000326                vListInitialiseItem
 .text.vListInsertEnd
                0x000000000800032c       0x18 bin/rtos/list.o
                0x000000000800032c                vListInsertEnd
 .text.vListInsert
                0x0000000008000344       0x2e bin/rtos/list.o
                0x0000000008000344                vListInsert
 .text.uxListRemove
                0x0000000008000372       0x20 bin/rtos/list.o
                0x0000000008000372                uxListRemove
 *fill*         0x0000000008000392        0x2 
 .text.prvResetNextTaskUnblockTime
                0x0000000008000394       0x24 bin/rtos/tasks.o
 .text.prvAddCurrentTaskToDelayedList
                0x00000000080003b8       0x8c bin/rtos/tasks.o
 .text.prvIdleTask
                0x0000000008000444       0x6c bin/rtos/tasks.o
 .text.xTaskCreate
                0x00000000080004b0      0x1b8 bin/rtos/tasks.o
                0x00000000080004b0                xTaskCreate
 .text.vTaskStartScheduler
                0x0000000008000668       0x60 bin/rtos/tasks.o
                0x0000000008000668                vTaskStartScheduler
 .text.vTaskSuspendAll
                0x00000000080006c8       0x10 bin/rtos/tasks.o
                0x00000000080006c8                vTaskSuspendAll
 .text.xTaskGetTickCount
                0x00000000080006d8        0xc bin/rtos/tasks.o
                0x00000000080006d8                xTaskGetTickCount
 .text.xTaskIncrementTick
                0x00000000080006e4      0x10c bin/rtos/tasks.o
                0x00000000080006e4                xTaskIncrementTick
 .text.xTaskResumeAll
                0x00000000080007f0       0xd8 bin/rtos/tasks.o
                0x00000000080007f0                xTaskResumeAll
 .text.vTaskDelay
                0x00000000080008c8       0x30 bin/rtos/tasks.o
                0x00000000080008c8                vTaskDelay
 .text.vTaskSwitchContext
                0x00000000080008f8       0x60 bin/rtos/tasks.o
                0x00000000080008f8                vTaskSwitchContext
 .text.sv_call_handler
                0x0000000008000958        0x4 bin/rtos/opencm3.o
                0x0000000008000958                sv_call_handler
 .text.pend_sv_handler
                0x000000000800095c        0x4 bin/rtos/opencm3.o
                0x000000000800095c                pend_sv_handler
 .text.sys_tick_handler
                0x0000000008000960        0x4 bin/rtos/opencm3.o
                0x0000000008000960                sys_tick_handler
 .text.iwd_init
                0x0000000008000964       0x16 bin/watchdog/iwdg.o
                0x0000000008000964                iwd_init
 .text.prvTaskExitError
                0x000000000800097a       0x20 bin/rtos/portable/ARM_CM3/port.o
 *fill*         0x000000000800099a        0x2 
 .text.prvPortStartFirstTask
                0x000000000800099c       0x20 bin/rtos/portable/ARM_CM3/port.o
 .text.pxPortInitialiseStack
                0x00000000080009bc       0x24 bin/rtos/portable/ARM_CM3/port.o
                0x00000000080009bc                pxPortInitialiseStack
 .text.vPortSVCHandler
                0x00000000080009e0       0x24 bin/rtos/portable/ARM_CM3/port.o
                0x00000000080009e0                vPortSVCHandler
 .text.vPortEnterCritical
                0x0000000008000a04       0x20 bin/rtos/portable/ARM_CM3/port.o
                0x0000000008000a04                vPortEnterCritical
 .text.vPortExitCritical
                0x0000000008000a24       0x14 bin/rtos/portable/ARM_CM3/port.o
                0x0000000008000a24                vPortExitCritical
 *fill*         0x0000000008000a38        0x8 
 .text.xPortPendSVHandler
                0x0000000008000a40       0x44 bin/rtos/portable/ARM_CM3/port.o
                0x0000000008000a40                xPortPendSVHandler
 .text.xPortSysTickHandler
                0x0000000008000a84       0x2c bin/rtos/portable/ARM_CM3/port.o
                0x0000000008000a84                xPortSysTickHandler
 .text.vPortSetupTimerInterrupt
                0x0000000008000ab0       0x28 bin/rtos/portable/ARM_CM3/port.o
                0x0000000008000ab0                vPortSetupTimerInterrupt
 .text.xPortStartScheduler
                0x0000000008000ad8       0x38 bin/rtos/portable/ARM_CM3/port.o
                0x0000000008000ad8                xPortStartScheduler
 .text.prvInsertBlockIntoFreeList
                0x0000000008000b10       0x48 bin/rtos/portable/MemMang/heap_4.o
 .text.pvPortMalloc
                0x0000000008000b58       0xf4 bin/rtos/portable/MemMang/heap_4.o
                0x0000000008000b58                pvPortMalloc
 .text.vPortFree
                0x0000000008000c4c       0x58 bin/rtos/portable/MemMang/heap_4.o
                0x0000000008000c4c                vPortFree
 .text.vTaskFunction
                0x0000000008000ca4       0x44 bin/source/main.o
 .text.startup.main
                0x0000000008000ce8       0x78 bin/source/main.o
                0x0000000008000ce8                main
 .text.gpio_set_mode
                0x0000000008000d60       0x5e /opt/libopencm3/lib/libopencm3_stm32f1.a(gpio.o)
                0x0000000008000d60                gpio_set_mode
 *fill*         0x0000000008000dbe        0x2 
 .text.iwdg_start
                0x0000000008000dc0       0x10 /opt/libopencm3/lib/libopencm3_stm32f1.a(iwdg_common_all.o)
                0x0000000008000dc0                iwdg_start
 .text.iwdg_reload_busy
                0x0000000008000dd0       0x10 /opt/libopencm3/lib/libopencm3_stm32f1.a(iwdg_common_all.o)
                0x0000000008000dd0                iwdg_reload_busy
 .text.iwdg_set_period_ms
                0x0000000008000de0       0x64 /opt/libopencm3/lib/libopencm3_stm32f1.a(iwdg_common_all.o)
                0x0000000008000de0                iwdg_set_period_ms
 .text.iwdg_reset
                0x0000000008000e44       0x10 /opt/libopencm3/lib/libopencm3_stm32f1.a(iwdg_common_all.o)
                0x0000000008000e44                iwdg_reset
 .text.rcc_osc_on.part.0
                0x0000000008000e54       0x10 /opt/libopencm3/lib/libopencm3_stm32f1.a(rcc.o)
 .text.rcc_is_osc_ready
                0x0000000008000e64       0x5c /opt/libopencm3/lib/libopencm3_stm32f1.a(rcc.o)
                0x0000000008000e64                rcc_is_osc_ready
 .text.rcc_wait_for_osc_ready
                0x0000000008000ec0       0x10 /opt/libopencm3/lib/libopencm3_stm32f1.a(rcc.o)
                0x0000000008000ec0                rcc_wait_for_osc_ready
 .text.rcc_osc_on
                0x0000000008000ed0       0x54 /opt/libopencm3/lib/libopencm3_stm32f1.a(rcc.o)
                0x0000000008000ed0                rcc_osc_on
 .text.rcc_set_sysclk_source
                0x0000000008000f24       0x14 /opt/libopencm3/lib/libopencm3_stm32f1.a(rcc.o)
                0x0000000008000f24                rcc_set_sysclk_source
 .text.rcc_set_pll_multiplication_factor
                0x0000000008000f38       0x14 /opt/libopencm3/lib/libopencm3_stm32f1.a(rcc.o)
                0x0000000008000f38                rcc_set_pll_multiplication_factor
 .text.rcc_set_pll_source
                0x0000000008000f4c       0x14 /opt/libopencm3/lib/libopencm3_stm32f1.a(rcc.o)
                0x0000000008000f4c                rcc_set_pll_source
 .text.rcc_set_pllxtpre
                0x0000000008000f60       0x14 /opt/libopencm3/lib/libopencm3_stm32f1.a(rcc.o)
                0x0000000008000f60                rcc_set_pllxtpre
 .text.rcc_set_adcpre
                0x0000000008000f74       0x14 /opt/libopencm3/lib/libopencm3_stm32f1.a(rcc.o)
                0x0000000008000f74                rcc_set_adcpre
 .text.rcc_set_ppre2
                0x0000000008000f88       0x14 /opt/libopencm3/lib/libopencm3_stm32f1.a(rcc.o)
                0x0000000008000f88                rcc_set_ppre2
 .text.rcc_set_ppre1
                0x0000000008000f9c       0x14 /opt/libopencm3/lib/libopencm3_stm32f1.a(rcc.o)
                0x0000000008000f9c                rcc_set_ppre1
 .text.rcc_set_hpre
                0x0000000008000fb0       0x14 /opt/libopencm3/lib/libopencm3_stm32f1.a(rcc.o)
                0x0000000008000fb0                rcc_set_hpre
 .text.rcc_clock_setup_in_hse_8mhz_out_72mhz
                0x0000000008000fc4       0x8c /opt/libopencm3/lib/libopencm3_stm32f1.a(rcc.o)
                0x0000000008000fc4                rcc_clock_setup_in_hse_8mhz_out_72mhz
 .text.rcc_periph_clock_enable
                0x0000000008001050       0x1c /opt/libopencm3/lib/libopencm3_stm32f1.a(rcc_common_all.o)
                0x0000000008001050                rcc_periph_clock_enable
 .text.rtc_get_counter_val
                0x000000000800106c       0x14 /opt/libopencm3/lib/libopencm3_stm32f1.a(rtc.o)
                0x000000000800106c                rtc_get_counter_val
 .text.rtc_clear_flag
                0x0000000008001080       0x30 /opt/libopencm3/lib/libopencm3_stm32f1.a(rtc.o)
                0x0000000008001080                rtc_clear_flag
 .text.usart_set_baudrate
                0x00000000080010b0       0x28 /opt/libopencm3/lib/libopencm3_stm32f1.a(usart_common_all.o)
                0x00000000080010b0                usart_set_baudrate
 .text.usart_set_databits
                0x00000000080010d8       0x12 /opt/libopencm3/lib/libopencm3_stm32f1.a(usart_common_all.o)
                0x00000000080010d8                usart_set_databits
 .text.usart_set_stopbits
                0x00000000080010ea        0xc /opt/libopencm3/lib/libopencm3_stm32f1.a(usart_common_all.o)
                0x00000000080010ea                usart_set_stopbits
 .text.usart_set_parity
                0x00000000080010f6        0xc /opt/libopencm3/lib/libopencm3_stm32f1.a(usart_common_all.o)
                0x00000000080010f6                usart_set_parity
 .text.usart_set_mode
                0x0000000008001102        0xc /opt/libopencm3/lib/libopencm3_stm32f1.a(usart_common_all.o)
                0x0000000008001102                usart_set_mode
 .text.usart_set_flow_control
                0x000000000800110e        0xc /opt/libopencm3/lib/libopencm3_stm32f1.a(usart_common_all.o)
                0x000000000800110e                usart_set_flow_control
 .text.usart_enable
                0x000000000800111a        0xa /opt/libopencm3/lib/libopencm3_stm32f1.a(usart_common_all.o)
                0x000000000800111a                usart_enable
 .text.usart_send_blocking
                0x0000000008001124       0x16 /opt/libopencm3/lib/libopencm3_stm32f1.a(usart_common_all.o)
                0x0000000008001124                usart_send_blocking
 .text.usart_send
                0x000000000800113a        0x8 /opt/libopencm3/lib/libopencm3_stm32f1.a(usart_common_f124.o)
                0x000000000800113a                usart_send
 .text.usart_recv
                0x0000000008001142        0x8 /opt/libopencm3/lib/libopencm3_stm32f1.a(usart_common_f124.o)
                0x0000000008001142                usart_recv
 .text.usart_wait_send_ready
                0x000000000800114a        0x8 /opt/libopencm3/lib/libopencm3_stm32f1.a(usart_common_f124.o)
                0x000000000800114a                usart_wait_send_ready
 .text.blocking_handler
                0x0000000008001152        0x2 /opt/libopencm3/lib/libopencm3_stm32f1.a(vector.o)
                0x0000000008001152                usart3_isr
                0x0000000008001152                tim7_isr
                0x0000000008001152                adc1_2_isr
                0x0000000008001152                tim1_trg_com_isr
                0x0000000008001152                usb_hp_can_tx_isr
                0x0000000008001152                tim6_isr
                0x0000000008001152                usb_wakeup_isr
                0x0000000008001152                blocking_handler
                0x0000000008001152                tim5_isr
                0x0000000008001152                otg_fs_isr
                0x0000000008001152                spi1_isr
                0x0000000008001152                exti2_isr
                0x0000000008001152                dma1_channel6_isr
                0x0000000008001152                can_rx1_isr
                0x0000000008001152                dma1_channel5_isr
                0x0000000008001152                dma2_channel5_isr
                0x0000000008001152                usage_fault_handler
                0x0000000008001152                tim8_trg_com_isr
                0x0000000008001152                can2_rx0_isr
                0x0000000008001152                tim1_brk_isr
                0x0000000008001152                can2_rx1_isr
                0x0000000008001152                tim1_cc_isr
                0x0000000008001152                sdio_isr
                0x0000000008001152                eth_isr
                0x0000000008001152                dma1_channel4_isr
                0x0000000008001152                tim8_brk_isr
                0x0000000008001152                dma2_channel4_5_isr
                0x0000000008001152                pvd_isr
                0x0000000008001152                rcc_isr
                0x0000000008001152                flash_isr
                0x0000000008001152                uart4_isr
                0x0000000008001152                rtc_alarm_isr
                0x0000000008001152                exti15_10_isr
                0x0000000008001152                hard_fault_handler
                0x0000000008001152                exti1_isr
                0x0000000008001152                i2c1_ev_isr
                0x0000000008001152                dma2_channel1_isr
                0x0000000008001152                spi2_isr
                0x0000000008001152                tim8_up_isr
                0x0000000008001152                dma2_channel2_isr
                0x0000000008001152                exti3_isr
                0x0000000008001152                adc3_isr
                0x0000000008001152                tim3_isr
                0x0000000008001152                usart2_isr
                0x0000000008001152                usb_lp_can_rx0_isr
                0x0000000008001152                i2c2_er_isr
                0x0000000008001152                i2c2_ev_isr
                0x0000000008001152                uart5_isr
                0x0000000008001152                fsmc_isr
                0x0000000008001152                dma1_channel1_isr
                0x0000000008001152                exti4_isr
                0x0000000008001152                mem_manage_handler
                0x0000000008001152                can2_tx_isr
                0x0000000008001152                exti9_5_isr
                0x0000000008001152                dma2_channel3_isr
                0x0000000008001152                dma1_channel7_isr
                0x0000000008001152                tim1_up_isr
                0x0000000008001152                can2_sce_isr
                0x0000000008001152                tim4_isr
                0x0000000008001152                dma1_channel2_isr
                0x0000000008001152                i2c1_er_isr
                0x0000000008001152                can_sce_isr
                0x0000000008001152                tim8_cc_isr
                0x0000000008001152                tamper_isr
                0x0000000008001152                eth_wkup_isr
                0x0000000008001152                bus_fault_handler
                0x0000000008001152                wwdg_isr
                0x0000000008001152                dma1_channel3_isr
                0x0000000008001152                spi3_isr
                0x0000000008001152                tim2_isr
                0x0000000008001152                exti0_isr
 .text.null_handler
                0x0000000008001154        0x2 /opt/libopencm3/lib/libopencm3_stm32f1.a(vector.o)
                0x0000000008001154                null_handler
                0x0000000008001154                debug_monitor_handler
                0x0000000008001154                nmi_handler
 *fill*         0x0000000008001156        0x2 
 .text.reset_handler
                0x0000000008001158       0x90 /opt/libopencm3/lib/libopencm3_stm32f1.a(vector.o)
                0x0000000008001158                reset_handler
 .text.nvic_enable_irq
                0x00000000080011e8       0x1a /opt/libopencm3/lib/libopencm3_stm32f1.a(nvic.o)
                0x00000000080011e8                nvic_enable_irq
 *fill*         0x0000000008001202        0x2 
 .text.flash_set_ws
                0x0000000008001204       0x14 /opt/libopencm3/lib/libopencm3_stm32f1.a(flash_common_all.o)
                0x0000000008001204                flash_set_ws
 .text.__errno  0x0000000008001218        0xc /opt/gcc-arm/bin/../lib/gcc/arm-none-eabi/9.2.1/../../../../arm-none-eabi/lib/thumb/v7-m/nofp/libc_nano.a(lib_a-errno.o)
                0x0000000008001218                __errno
 .text.localtime
                0x0000000008001224       0x24 /opt/gcc-arm/bin/../lib/gcc/arm-none-eabi/9.2.1/../../../../arm-none-eabi/lib/thumb/v7-m/nofp/libc_nano.a(lib_a-lcltime.o)
                0x0000000008001224                localtime
 .text.localtime_r
                0x0000000008001248      0x1ec /opt/gcc-arm/bin/../lib/gcc/arm-none-eabi/9.2.1/../../../../arm-none-eabi/lib/thumb/v7-m/nofp/libc_nano.a(lib_a-lcltime_r.o)
                0x0000000008001248                localtime_r
 .text.malloc   0x0000000008001434       0x10 /opt/gcc-arm/bin/../lib/gcc/arm-none-eabi/9.2.1/../../../../arm-none-eabi/lib/thumb/v7-m/nofp/libc_nano.a(lib_a-malloc.o)
                0x0000000008001434                malloc
 .text.free     0x0000000008001444       0x10 /opt/gcc-arm/bin/../lib/gcc/arm-none-eabi/9.2.1/../../../../arm-none-eabi/lib/thumb/v7-m/nofp/libc_nano.a(lib_a-malloc.o)
                0x0000000008001444                free
 .text.memcpy   0x0000000008001454       0x1c /opt/gcc-arm/bin/../lib/gcc/arm-none-eabi/9.2.1/../../../../arm-none-eabi/lib/thumb/v7-m/nofp/libc_nano.a(lib_a-memcpy-stub.o)
                0x0000000008001454                memcpy
 .text.memset   0x0000000008001470       0x10 /opt/gcc-arm/bin/../lib/gcc/arm-none-eabi/9.2.1/../../../../arm-none-eabi/lib/thumb/v7-m/nofp/libc_nano.a(lib_a-memset.o)
                0x0000000008001470                memset
 .text._free_r  0x0000000008001480       0x98 /opt/gcc-arm/bin/../lib/gcc/arm-none-eabi/9.2.1/../../../../arm-none-eabi/lib/thumb/v7-m/nofp/libc_nano.a(lib_a-nano-freer.o)
                0x0000000008001480                _free_r
 .text._malloc_r
                0x0000000008001518       0xb4 /opt/gcc-arm/bin/../lib/gcc/arm-none-eabi/9.2.1/../../../../arm-none-eabi/lib/thumb/v7-m/nofp/libc_nano.a(lib_a-nano-mallocr.o)
                0x0000000008001518                _malloc_r
 .text.__cvt    0x00000000080015cc       0xbe /opt/gcc-arm/bin/../lib/gcc/arm-none-eabi/9.2.1/../../../../arm-none-eabi/lib/thumb/v7-m/nofp/libc_nano.a(lib_a-nano-vfprintf_float.o)
                0x00000000080015cc                __cvt
 .text.__exponent
                0x000000000800168a       0x7c /opt/gcc-arm/bin/../lib/gcc/arm-none-eabi/9.2.1/../../../../arm-none-eabi/lib/thumb/v7-m/nofp/libc_nano.a(lib_a-nano-vfprintf_float.o)
                0x000000000800168a                __exponent
 *fill*         0x0000000008001706        0x2 
 .text._printf_float
                0x0000000008001708      0x458 /opt/gcc-arm/bin/../lib/gcc/arm-none-eabi/9.2.1/../../../../arm-none-eabi/lib/thumb/v7-m/nofp/libc_nano.a(lib_a-nano-vfprintf_float.o)
                0x0000000008001708                _printf_float
 .text._printf_common
                0x0000000008001b60       0xde /opt/gcc-arm/bin/../lib/gcc/arm-none-eabi/9.2.1/../../../../arm-none-eabi/lib/thumb/v7-m/nofp/libc_nano.a(lib_a-nano-vfprintf_i.o)
                0x0000000008001b60                _printf_common
 *fill*         0x0000000008001c3e        0x2 
 .text._printf_i
                0x0000000008001c40      0x24c /opt/gcc-arm/bin/../lib/gcc/arm-none-eabi/9.2.1/../../../../arm-none-eabi/lib/thumb/v7-m/nofp/libc_nano.a(lib_a-nano-vfprintf_i.o)
                0x0000000008001c40                _printf_i
 .text.printf   0x0000000008001e8c       0x30 /opt/gcc-arm/bin/../lib/gcc/arm-none-eabi/9.2.1/../../../../arm-none-eabi/lib/thumb/v7-m/nofp/libc_nano.a(lib_a-printf.o)
                0x0000000008001e8c                printf
                0x0000000008001e8c                iprintf
 .text._sbrk_r  0x0000000008001ebc       0x20 /opt/gcc-arm/bin/../lib/gcc/arm-none-eabi/9.2.1/../../../../arm-none-eabi/lib/thumb/v7-m/nofp/libc_nano.a(lib_a-sbrkr.o)
                0x0000000008001ebc                _sbrk_r
 .text          0x0000000008001edc       0x10 /opt/gcc-arm/bin/../lib/gcc/arm-none-eabi/9.2.1/../../../../arm-none-eabi/lib/thumb/v7-m/nofp/libc_nano.a(lib_a-strlen.o)
                0x0000000008001edc                strlen
 .text.__tzcalc_limits
                0x0000000008001eec      0x150 /opt/gcc-arm/bin/../lib/gcc/arm-none-eabi/9.2.1/../../../../arm-none-eabi/lib/thumb/v7-m/nofp/libc_nano.a(lib_a-tzcalc_limits.o)
                0x0000000008001eec                __tzcalc_limits
 .text.__tz_lock
                0x000000000800203c        0xc /opt/gcc-arm/bin/../lib/gcc/arm-none-eabi/9.2.1/../../../../arm-none-eabi/lib/thumb/v7-m/nofp/libc_nano.a(lib_a-tzlock.o)
                0x000000000800203c                __tz_lock
 .text.__tz_unlock
                0x0000000008002048        0xc /opt/gcc-arm/bin/../lib/gcc/arm-none-eabi/9.2.1/../../../../arm-none-eabi/lib/thumb/v7-m/nofp/libc_nano.a(lib_a-tzlock.o)
                0x0000000008002048                __tz_unlock
 .text._tzset_unlocked
                0x0000000008002054        0xc /opt/gcc-arm/bin/../lib/gcc/arm-none-eabi/9.2.1/../../../../arm-none-eabi/lib/thumb/v7-m/nofp/libc_nano.a(lib_a-tzset.o)
                0x0000000008002054                _tzset_unlocked
 .text._tzset_unlocked_r
                0x0000000008002060      0x300 /opt/gcc-arm/bin/../lib/gcc/arm-none-eabi/9.2.1/../../../../arm-none-eabi/lib/thumb/v7-m/nofp/libc_nano.a(lib_a-tzset_r.o)
                0x0000000008002060                _tzset_unlocked_r
 .text.quorem   0x0000000008002360      0x11a /opt/gcc-arm/bin/../lib/gcc/arm-none-eabi/9.2.1/../../../../arm-none-eabi/lib/thumb/v7-m/nofp/libc_nano.a(lib_a-dtoa.o)
 *fill*         0x000000000800247a        0x6 
 .text._dtoa_r  0x0000000008002480      0xba4 /opt/gcc-arm/bin/../lib/gcc/arm-none-eabi/9.2.1/../../../../arm-none-eabi/lib/thumb/v7-m/nofp/libc_nano.a(lib_a-dtoa.o)
                0x0000000008002480                _dtoa_r
 .text.std      0x0000000008003024       0x48 /opt/gcc-arm/bin/../lib/gcc/arm-none-eabi/9.2.1/../../../../arm-none-eabi/lib/thumb/v7-m/nofp/libc_nano.a(lib_a-findfp.o)
 .text._cleanup_r
                0x000000000800306c        0xc /opt/gcc-arm/bin/../lib/gcc/arm-none-eabi/9.2.1/../../../../arm-none-eabi/lib/thumb/v7-m/nofp/libc_nano.a(lib_a-findfp.o)
                0x000000000800306c                _cleanup_r
 .text.__sfmoreglue
                0x0000000008003078       0x2c /opt/gcc-arm/bin/../lib/gcc/arm-none-eabi/9.2.1/../../../../arm-none-eabi/lib/thumb/v7-m/nofp/libc_nano.a(lib_a-findfp.o)
                0x0000000008003078                __sfmoreglue
 .text.__sfp_lock_acquire
                0x00000000080030a4        0xc /opt/gcc-arm/bin/../lib/gcc/arm-none-eabi/9.2.1/../../../../arm-none-eabi/lib/thumb/v7-m/nofp/libc_nano.a(lib_a-findfp.o)
                0x00000000080030a4                __sfp_lock_acquire
 .text.__sfp_lock_release
                0x00000000080030b0        0xc /opt/gcc-arm/bin/../lib/gcc/arm-none-eabi/9.2.1/../../../../arm-none-eabi/lib/thumb/v7-m/nofp/libc_nano.a(lib_a-findfp.o)
                0x00000000080030b0                __sfp_lock_release
 .text.__sinit_lock_acquire
                0x00000000080030bc        0xc /opt/gcc-arm/bin/../lib/gcc/arm-none-eabi/9.2.1/../../../../arm-none-eabi/lib/thumb/v7-m/nofp/libc_nano.a(lib_a-findfp.o)
                0x00000000080030bc                __sinit_lock_acquire
 .text.__sinit_lock_release
                0x00000000080030c8        0xc /opt/gcc-arm/bin/../lib/gcc/arm-none-eabi/9.2.1/../../../../arm-none-eabi/lib/thumb/v7-m/nofp/libc_nano.a(lib_a-findfp.o)
                0x00000000080030c8                __sinit_lock_release
 .text.__sinit  0x00000000080030d4       0x70 /opt/gcc-arm/bin/../lib/gcc/arm-none-eabi/9.2.1/../../../../arm-none-eabi/lib/thumb/v7-m/nofp/libc_nano.a(lib_a-findfp.o)
                0x00000000080030d4                __sinit
 .text.__sfp    0x0000000008003144       0x8c /opt/gcc-arm/bin/../lib/gcc/arm-none-eabi/9.2.1/../../../../arm-none-eabi/lib/thumb/v7-m/nofp/libc_nano.a(lib_a-findfp.o)
                0x0000000008003144                __sfp
 .text._fwalk_reent
                0x00000000080031d0       0x3e /opt/gcc-arm/bin/../lib/gcc/arm-none-eabi/9.2.1/../../../../arm-none-eabi/lib/thumb/v7-m/nofp/libc_nano.a(lib_a-fwalk.o)
                0x00000000080031d0                _fwalk_reent
 *fill*         0x000000000800320e        0x2 
 .text._findenv_r
                0x0000000008003210       0x74 /opt/gcc-arm/bin/../lib/gcc/arm-none-eabi/9.2.1/../../../../arm-none-eabi/lib/thumb/v7-m/nofp/libc_nano.a(lib_a-getenv_r.o)
                0x0000000008003210                _findenv_r
 .text._getenv_r
                0x0000000008003284        0xe /opt/gcc-arm/bin/../lib/gcc/arm-none-eabi/9.2.1/../../../../arm-none-eabi/lib/thumb/v7-m/nofp/libc_nano.a(lib_a-getenv_r.o)
                0x0000000008003284                _getenv_r
 *fill*         0x0000000008003292        0x2 
 .text.__gettzinfo
                0x0000000008003294        0x8 /opt/gcc-arm/bin/../lib/gcc/arm-none-eabi/9.2.1/../../../../arm-none-eabi/lib/thumb/v7-m/nofp/libc_nano.a(lib_a-gettzinfo.o)
                0x0000000008003294                __gettzinfo
 .text.gmtime_r
                0x000000000800329c      0x160 /opt/gcc-arm/bin/../lib/gcc/arm-none-eabi/9.2.1/../../../../arm-none-eabi/lib/thumb/v7-m/nofp/libc_nano.a(lib_a-gmtime_r.o)
                0x000000000800329c                gmtime_r
 .text._localeconv_r
                0x00000000080033fc        0x8 /opt/gcc-arm/bin/../lib/gcc/arm-none-eabi/9.2.1/../../../../arm-none-eabi/lib/thumb/v7-m/nofp/libc_nano.a(lib_a-localeconv.o)
                0x00000000080033fc                _localeconv_r
 .text.__retarget_lock_init_recursive
                0x0000000008003404        0x2 /opt/gcc-arm/bin/../lib/gcc/arm-none-eabi/9.2.1/../../../../arm-none-eabi/lib/thumb/v7-m/nofp/libc_nano.a(lib_a-lock.o)
                0x0000000008003404                __retarget_lock_init_recursive
 .text.__retarget_lock_acquire
                0x0000000008003406        0x2 /opt/gcc-arm/bin/../lib/gcc/arm-none-eabi/9.2.1/../../../../arm-none-eabi/lib/thumb/v7-m/nofp/libc_nano.a(lib_a-lock.o)
                0x0000000008003406                __retarget_lock_acquire
 .text.__retarget_lock_acquire_recursive
                0x0000000008003408        0x2 /opt/gcc-arm/bin/../lib/gcc/arm-none-eabi/9.2.1/../../../../arm-none-eabi/lib/thumb/v7-m/nofp/libc_nano.a(lib_a-lock.o)
                0x0000000008003408                __retarget_lock_acquire_recursive
 .text.__retarget_lock_release
                0x000000000800340a        0x2 /opt/gcc-arm/bin/../lib/gcc/arm-none-eabi/9.2.1/../../../../arm-none-eabi/lib/thumb/v7-m/nofp/libc_nano.a(lib_a-lock.o)
                0x000000000800340a                __retarget_lock_release
 .text.__retarget_lock_release_recursive
                0x000000000800340c        0x2 /opt/gcc-arm/bin/../lib/gcc/arm-none-eabi/9.2.1/../../../../arm-none-eabi/lib/thumb/v7-m/nofp/libc_nano.a(lib_a-lock.o)
                0x000000000800340c                __retarget_lock_release_recursive
 .text.memchr   0x000000000800340e       0x1c /opt/gcc-arm/bin/../lib/gcc/arm-none-eabi/9.2.1/../../../../arm-none-eabi/lib/thumb/v7-m/nofp/libc_nano.a(lib_a-memchr-stub.o)
                0x000000000800340e                memchr
 *fill*         0x000000000800342a        0x2 
 .text.__malloc_lock
                0x000000000800342c        0xc /opt/gcc-arm/bin/../lib/gcc/arm-none-eabi/9.2.1/../../../../arm-none-eabi/lib/thumb/v7-m/nofp/libc_nano.a(lib_a-mlock.o)
                0x000000000800342c                __malloc_lock
 .text.__malloc_unlock
                0x0000000008003438        0xc /opt/gcc-arm/bin/../lib/gcc/arm-none-eabi/9.2.1/../../../../arm-none-eabi/lib/thumb/v7-m/nofp/libc_nano.a(lib_a-mlock.o)
                0x0000000008003438                __malloc_unlock
 .text._Balloc  0x0000000008003444       0x68 /opt/gcc-arm/bin/../lib/gcc/arm-none-eabi/9.2.1/../../../../arm-none-eabi/lib/thumb/v7-m/nofp/libc_nano.a(lib_a-mprec.o)
                0x0000000008003444                _Balloc
 .text._Bfree   0x00000000080034ac       0x2e /opt/gcc-arm/bin/../lib/gcc/arm-none-eabi/9.2.1/../../../../arm-none-eabi/lib/thumb/v7-m/nofp/libc_nano.a(lib_a-mprec.o)
                0x00000000080034ac                _Bfree
 .text.__multadd
                0x00000000080034da       0x7c /opt/gcc-arm/bin/../lib/gcc/arm-none-eabi/9.2.1/../../../../arm-none-eabi/lib/thumb/v7-m/nofp/libc_nano.a(lib_a-mprec.o)
                0x00000000080034da                __multadd
 .text.__hi0bits
                0x0000000008003556       0x40 /opt/gcc-arm/bin/../lib/gcc/arm-none-eabi/9.2.1/../../../../arm-none-eabi/lib/thumb/v7-m/nofp/libc_nano.a(lib_a-mprec.o)
                0x0000000008003556                __hi0bits
 .text.__lo0bits
                0x0000000008003596       0x5c /opt/gcc-arm/bin/../lib/gcc/arm-none-eabi/9.2.1/../../../../arm-none-eabi/lib/thumb/v7-m/nofp/libc_nano.a(lib_a-mprec.o)
                0x0000000008003596                __lo0bits
 .text.__i2b    0x00000000080035f2       0x12 /opt/gcc-arm/bin/../lib/gcc/arm-none-eabi/9.2.1/../../../../arm-none-eabi/lib/thumb/v7-m/nofp/libc_nano.a(lib_a-mprec.o)
                0x00000000080035f2                __i2b
 .text.__multiply
                0x0000000008003604      0x136 /opt/gcc-arm/bin/../lib/gcc/arm-none-eabi/9.2.1/../../../../arm-none-eabi/lib/thumb/v7-m/nofp/libc_nano.a(lib_a-mprec.o)
                0x0000000008003604                __multiply
 *fill*         0x000000000800373a        0x2 
 .text.__pow5mult
                0x000000000800373c       0x9c /opt/gcc-arm/bin/../lib/gcc/arm-none-eabi/9.2.1/../../../../arm-none-eabi/lib/thumb/v7-m/nofp/libc_nano.a(lib_a-mprec.o)
                0x000000000800373c                __pow5mult
 .text.__lshift
                0x00000000080037d8       0xbe /opt/gcc-arm/bin/../lib/gcc/arm-none-eabi/9.2.1/../../../../arm-none-eabi/lib/thumb/v7-m/nofp/libc_nano.a(lib_a-mprec.o)
                0x00000000080037d8                __lshift
 .text.__mcmp   0x0000000008003896       0x36 /opt/gcc-arm/bin/../lib/gcc/arm-none-eabi/9.2.1/../../../../arm-none-eabi/lib/thumb/v7-m/nofp/libc_nano.a(lib_a-mprec.o)
                0x0000000008003896                __mcmp
 .text.__mdiff  0x00000000080038cc       0xf8 /opt/gcc-arm/bin/../lib/gcc/arm-none-eabi/9.2.1/../../../../arm-none-eabi/lib/thumb/v7-m/nofp/libc_nano.a(lib_a-mprec.o)
                0x00000000080038cc                __mdiff
 .text.__d2b    0x00000000080039c4       0x9e /opt/gcc-arm/bin/../lib/gcc/arm-none-eabi/9.2.1/../../../../arm-none-eabi/lib/thumb/v7-m/nofp/libc_nano.a(lib_a-mprec.o)
                0x00000000080039c4                __d2b
 .text._calloc_r
                0x0000000008003a62       0x1c /opt/gcc-arm/bin/../lib/gcc/arm-none-eabi/9.2.1/../../../../arm-none-eabi/lib/thumb/v7-m/nofp/libc_nano.a(lib_a-nano-callocr.o)
                0x0000000008003a62                _calloc_r
 .text.__sfputc_r
                0x0000000008003a7e       0x2a /opt/gcc-arm/bin/../lib/gcc/arm-none-eabi/9.2.1/../../../../arm-none-eabi/lib/thumb/v7-m/nofp/libc_nano.a(lib_a-nano-vfprintf.o)
 .text.__sfputs_r
                0x0000000008003aa8       0x24 /opt/gcc-arm/bin/../lib/gcc/arm-none-eabi/9.2.1/../../../../arm-none-eabi/lib/thumb/v7-m/nofp/libc_nano.a(lib_a-nano-vfprintf.o)
                0x0000000008003aa8                __sfputs_r
 .text._vfprintf_r
                0x0000000008003acc      0x260 /opt/gcc-arm/bin/../lib/gcc/arm-none-eabi/9.2.1/../../../../arm-none-eabi/lib/thumb/v7-m/nofp/libc_nano.a(lib_a-nano-vfprintf.o)
                0x0000000008003acc                _vfiprintf_r
                0x0000000008003acc                _vfprintf_r
 .text.sscanf   0x0000000008003d2c       0x54 /opt/gcc-arm/bin/../lib/gcc/arm-none-eabi/9.2.1/../../../../arm-none-eabi/lib/thumb/v7-m/nofp/libc_nano.a(lib_a-sscanf.o)
                0x0000000008003d2c                sscanf
                0x0000000008003d2c                siscanf
 .text.__sread  0x0000000008003d80       0x22 /opt/gcc-arm/bin/../lib/gcc/arm-none-eabi/9.2.1/../../../../arm-none-eabi/lib/thumb/v7-m/nofp/libc_nano.a(lib_a-stdio.o)
                0x0000000008003d80                __sread
 .text.__seofread
                0x0000000008003da2        0x4 /opt/gcc-arm/bin/../lib/gcc/arm-none-eabi/9.2.1/../../../../arm-none-eabi/lib/thumb/v7-m/nofp/libc_nano.a(lib_a-stdio.o)
                0x0000000008003da2                __seofread
 .text.__swrite
                0x0000000008003da6       0x38 /opt/gcc-arm/bin/../lib/gcc/arm-none-eabi/9.2.1/../../../../arm-none-eabi/lib/thumb/v7-m/nofp/libc_nano.a(lib_a-stdio.o)
                0x0000000008003da6                __swrite
 .text.__sseek  0x0000000008003dde       0x24 /opt/gcc-arm/bin/../lib/gcc/arm-none-eabi/9.2.1/../../../../arm-none-eabi/lib/thumb/v7-m/nofp/libc_nano.a(lib_a-stdio.o)
                0x0000000008003dde                __sseek
 .text.__sclose
                0x0000000008003e02        0x8 /opt/gcc-arm/bin/../lib/gcc/arm-none-eabi/9.2.1/../../../../arm-none-eabi/lib/thumb/v7-m/nofp/libc_nano.a(lib_a-stdio.o)
                0x0000000008003e02                __sclose
 .text          0x0000000008003e0a       0x14 /opt/gcc-arm/bin/../lib/gcc/arm-none-eabi/9.2.1/../../../../arm-none-eabi/lib/thumb/v7-m/nofp/libc_nano.a(lib_a-strcmp.o)
                0x0000000008003e0a                strcmp
 .text.strcpy   0x0000000008003e1e       0x10 /opt/gcc-arm/bin/../lib/gcc/arm-none-eabi/9.2.1/../../../../arm-none-eabi/lib/thumb/v7-m/nofp/libc_nano.a(lib_a-strcpy.o)
                0x0000000008003e1e                strcpy
 .text.strncmp  0x0000000008003e2e       0x24 /opt/gcc-arm/bin/../lib/gcc/arm-none-eabi/9.2.1/../../../../arm-none-eabi/lib/thumb/v7-m/nofp/libc_nano.a(lib_a-strncmp.o)
                0x0000000008003e2e                strncmp
 *fill*         0x0000000008003e52        0x2 
 .text._strtoul_l.isra.0
                0x0000000008003e54       0xf8 /opt/gcc-arm/bin/../lib/gcc/arm-none-eabi/9.2.1/../../../../arm-none-eabi/lib/thumb/v7-m/nofp/libc_nano.a(lib_a-strtoul.o)
 .text._strtoul_r
                0x0000000008003f4c        0x4 /opt/gcc-arm/bin/../lib/gcc/arm-none-eabi/9.2.1/../../../../arm-none-eabi/lib/thumb/v7-m/nofp/libc_nano.a(lib_a-strtoul.o)
                0x0000000008003f4c                _strtoul_r
 .text.strtoul  0x0000000008003f50       0x14 /opt/gcc-arm/bin/../lib/gcc/arm-none-eabi/9.2.1/../../../../arm-none-eabi/lib/thumb/v7-m/nofp/libc_nano.a(lib_a-strtoul.o)
                0x0000000008003f50                strtoul
 .text.__swbuf_r
                0x0000000008003f64       0xa4 /opt/gcc-arm/bin/../lib/gcc/arm-none-eabi/9.2.1/../../../../arm-none-eabi/lib/thumb/v7-m/nofp/libc_nano.a(lib_a-wbuf.o)
                0x0000000008003f64                __swbuf_r
 .text._write_r
                0x0000000008004008       0x24 /opt/gcc-arm/bin/../lib/gcc/arm-none-eabi/9.2.1/../../../../arm-none-eabi/lib/thumb/v7-m/nofp/libc_nano.a(lib_a-writer.o)
                0x0000000008004008                _write_r
 .text.__swsetup_r
                0x000000000800402c       0xdc /opt/gcc-arm/bin/../lib/gcc/arm-none-eabi/9.2.1/../../../../arm-none-eabi/lib/thumb/v7-m/nofp/libc_nano.a(lib_a-wsetup.o)
                0x000000000800402c                __swsetup_r
 .text._close_r
                0x0000000008004108       0x20 /opt/gcc-arm/bin/../lib/gcc/arm-none-eabi/9.2.1/../../../../arm-none-eabi/lib/thumb/v7-m/nofp/libc_nano.a(lib_a-closer.o)
                0x0000000008004108                _close_r
 .text.__env_lock
                0x0000000008004128        0xc /opt/gcc-arm/bin/../lib/gcc/arm-none-eabi/9.2.1/../../../../arm-none-eabi/lib/thumb/v7-m/nofp/libc_nano.a(lib_a-envlock.o)
                0x0000000008004128                __env_lock
 .text.__env_unlock
                0x0000000008004134        0xc /opt/gcc-arm/bin/../lib/gcc/arm-none-eabi/9.2.1/../../../../arm-none-eabi/lib/thumb/v7-m/nofp/libc_nano.a(lib_a-envlock.o)
                0x0000000008004134                __env_unlock
 .text.__sflush_r
                0x0000000008004140      0x10c /opt/gcc-arm/bin/../lib/gcc/arm-none-eabi/9.2.1/../../../../arm-none-eabi/lib/thumb/v7-m/nofp/libc_nano.a(lib_a-fflush.o)
                0x0000000008004140                __sflush_r
 .text._fflush_r
                0x000000000800424c       0x78 /opt/gcc-arm/bin/../lib/gcc/arm-none-eabi/9.2.1/../../../../arm-none-eabi/lib/thumb/v7-m/nofp/libc_nano.a(lib_a-fflush.o)
                0x000000000800424c                _fflush_r
 .text._lseek_r
                0x00000000080042c4       0x24 /opt/gcc-arm/bin/../lib/gcc/arm-none-eabi/9.2.1/../../../../arm-none-eabi/lib/thumb/v7-m/nofp/libc_nano.a(lib_a-lseekr.o)
                0x00000000080042c4                _lseek_r
 .text.__swhatbuf_r
                0x00000000080042e8       0x48 /opt/gcc-arm/bin/../lib/gcc/arm-none-eabi/9.2.1/../../../../arm-none-eabi/lib/thumb/v7-m/nofp/libc_nano.a(lib_a-makebuf.o)
                0x00000000080042e8                __swhatbuf_r
 .text.__smakebuf_r
                0x0000000008004330       0x80 /opt/gcc-arm/bin/../lib/gcc/arm-none-eabi/9.2.1/../../../../arm-none-eabi/lib/thumb/v7-m/nofp/libc_nano.a(lib_a-makebuf.o)
                0x0000000008004330                __smakebuf_r
 .text.__ascii_mbtowc
                0x00000000080043b0       0x24 /opt/gcc-arm/bin/../lib/gcc/arm-none-eabi/9.2.1/../../../../arm-none-eabi/lib/thumb/v7-m/nofp/libc_nano.a(lib_a-mbtowc_r.o)
                0x00000000080043b0                __ascii_mbtowc
 .text._realloc_r
                0x00000000080043d4       0x4c /opt/gcc-arm/bin/../lib/gcc/arm-none-eabi/9.2.1/../../../../arm-none-eabi/lib/thumb/v7-m/nofp/libc_nano.a(lib_a-nano-reallocr.o)
                0x00000000080043d4                _realloc_r
 .text._sungetc_r
                0x0000000008004420       0x7a /opt/gcc-arm/bin/../lib/gcc/arm-none-eabi/9.2.1/../../../../arm-none-eabi/lib/thumb/v7-m/nofp/libc_nano.a(lib_a-nano-svfscanf.o)
                0x0000000008004420                _sungetc_r
 .text.__ssrefill_r
                0x000000000800449a       0x3a /opt/gcc-arm/bin/../lib/gcc/arm-none-eabi/9.2.1/../../../../arm-none-eabi/lib/thumb/v7-m/nofp/libc_nano.a(lib_a-nano-svfscanf.o)
                0x000000000800449a                __ssrefill_r
 .text.__ssvfscanf_r
                0x00000000080044d4      0x2f4 /opt/gcc-arm/bin/../lib/gcc/arm-none-eabi/9.2.1/../../../../arm-none-eabi/lib/thumb/v7-m/nofp/libc_nano.a(lib_a-nano-svfscanf.o)
                0x00000000080044d4                __ssvfscanf_r
                0x00000000080044d4                __ssvfiscanf_r
 .text._scanf_chars
                0x00000000080047c8       0xb0 /opt/gcc-arm/bin/../lib/gcc/arm-none-eabi/9.2.1/../../../../arm-none-eabi/lib/thumb/v7-m/nofp/libc_nano.a(lib_a-nano-vfscanf_i.o)
                0x00000000080047c8                _scanf_chars
 .text._scanf_i
                0x0000000008004878      0x1e4 /opt/gcc-arm/bin/../lib/gcc/arm-none-eabi/9.2.1/../../../../arm-none-eabi/lib/thumb/v7-m/nofp/libc_nano.a(lib_a-nano-vfscanf_i.o)
                0x0000000008004878                _scanf_i
 .text._read_r  0x0000000008004a5c       0x24 /opt/gcc-arm/bin/../lib/gcc/arm-none-eabi/9.2.1/../../../../arm-none-eabi/lib/thumb/v7-m/nofp/libc_nano.a(lib_a-readr.o)
                0x0000000008004a5c                _read_r
 .text.__sccl   0x0000000008004a80       0x74 /opt/gcc-arm/bin/../lib/gcc/arm-none-eabi/9.2.1/../../../../arm-none-eabi/lib/thumb/v7-m/nofp/libc_nano.a(lib_a-sccl.o)
                0x0000000008004a80                __sccl
 .text._strtol_l.isra.0
                0x0000000008004af4       0xf4 /opt/gcc-arm/bin/../lib/gcc/arm-none-eabi/9.2.1/../../../../arm-none-eabi/lib/thumb/v7-m/nofp/libc_nano.a(lib_a-strtol.o)
 .text._strtol_r
                0x0000000008004be8        0x4 /opt/gcc-arm/bin/../lib/gcc/arm-none-eabi/9.2.1/../../../../arm-none-eabi/lib/thumb/v7-m/nofp/libc_nano.a(lib_a-strtol.o)
                0x0000000008004be8                _strtol_r
 .text.__submore
                0x0000000008004bec       0x70 /opt/gcc-arm/bin/../lib/gcc/arm-none-eabi/9.2.1/../../../../arm-none-eabi/lib/thumb/v7-m/nofp/libc_nano.a(lib_a-ungetc.o)
                0x0000000008004bec                __submore
 .text.__ascii_wctomb
                0x0000000008004c5c       0x1a /opt/gcc-arm/bin/../lib/gcc/arm-none-eabi/9.2.1/../../../../arm-none-eabi/lib/thumb/v7-m/nofp/libc_nano.a(lib_a-wctomb_r.o)
                0x0000000008004c5c                __ascii_wctomb
 *fill*         0x0000000008004c76        0x2 
 .text._fstat_r
                0x0000000008004c78       0x24 /opt/gcc-arm/bin/../lib/gcc/arm-none-eabi/9.2.1/../../../../arm-none-eabi/lib/thumb/v7-m/nofp/libc_nano.a(lib_a-fstatr.o)
                0x0000000008004c78                _fstat_r
 .text._isatty_r
                0x0000000008004c9c       0x20 /opt/gcc-arm/bin/../lib/gcc/arm-none-eabi/9.2.1/../../../../arm-none-eabi/lib/thumb/v7-m/nofp/libc_nano.a(lib_a-isattyr.o)
                0x0000000008004c9c                _isatty_r
 .text._malloc_usable_size_r
                0x0000000008004cbc       0x10 /opt/gcc-arm/bin/../lib/gcc/arm-none-eabi/9.2.1/../../../../arm-none-eabi/lib/thumb/v7-m/nofp/libc_nano.a(lib_a-nano-msizer.o)
                0x0000000008004cbc                _malloc_usable_size_r
 .text          0x0000000008004ccc      0x378 /opt/gcc-arm/bin/../lib/gcc/arm-none-eabi/9.2.1/thumb/v7-m/nofp/libgcc.a(_arm_addsubdf3.o)
                0x0000000008004ccc                __aeabi_drsub
                0x0000000008004cd4                __aeabi_dsub
                0x0000000008004cd4                __subdf3
                0x0000000008004cd8                __adddf3
                0x0000000008004cd8                __aeabi_dadd
                0x0000000008004f50                __aeabi_ui2d
                0x0000000008004f50                __floatunsidf
                0x0000000008004f70                __floatsidf
                0x0000000008004f70                __aeabi_i2d
                0x0000000008004f94                __extendsfdf2
                0x0000000008004f94                __aeabi_f2d
                0x0000000008004fd8                __aeabi_ul2d
                0x0000000008004fd8                __floatundidf
                0x0000000008004fe8                __floatdidf
                0x0000000008004fe8                __aeabi_l2d
 .text          0x0000000008005044      0x424 /opt/gcc-arm/bin/../lib/gcc/arm-none-eabi/9.2.1/thumb/v7-m/nofp/libgcc.a(_arm_muldivdf3.o)
                0x0000000008005044                __aeabi_dmul
                0x0000000008005044                __muldf3
                0x0000000008005298                __aeabi_ddiv
                0x0000000008005298                __divdf3
 .text          0x0000000008005468      0x110 /opt/gcc-arm/bin/../lib/gcc/arm-none-eabi/9.2.1/thumb/v7-m/nofp/libgcc.a(_arm_cmpdf2.o)
                0x0000000008005468                __gtdf2
                0x0000000008005468                __gedf2
                0x0000000008005470                __ltdf2
                0x0000000008005470                __ledf2
                0x0000000008005478                __cmpdf2
                0x0000000008005478                __eqdf2
                0x0000000008005478                __nedf2
                0x00000000080054f4                __aeabi_cdrcmple
                0x0000000008005504                __aeabi_cdcmple
                0x0000000008005504                __aeabi_cdcmpeq
                0x0000000008005514                __aeabi_dcmpeq
                0x0000000008005528                __aeabi_dcmplt
                0x000000000800553c                __aeabi_dcmple
                0x0000000008005550                __aeabi_dcmpge
                0x0000000008005564                __aeabi_dcmpgt
 .text          0x0000000008005578       0x2c /opt/gcc-arm/bin/../lib/gcc/arm-none-eabi/9.2.1/thumb/v7-m/nofp/libgcc.a(_arm_unorddf2.o)
                0x0000000008005578                __aeabi_dcmpun
                0x0000000008005578                __unorddf2
 .text          0x00000000080055a4       0x50 /opt/gcc-arm/bin/../lib/gcc/arm-none-eabi/9.2.1/thumb/v7-m/nofp/libgcc.a(_arm_fixdfsi.o)
                0x00000000080055a4                __fixdfsi
                0x00000000080055a4                __aeabi_d2iz
 .text          0x00000000080055f4       0xa0 /opt/gcc-arm/bin/../lib/gcc/arm-none-eabi/9.2.1/thumb/v7-m/nofp/libgcc.a(_aeabi_ldivmod.o)
                0x00000000080055f4                __aeabi_ldivmod
 .text          0x0000000008005694      0x2c4 /opt/gcc-arm/bin/../lib/gcc/arm-none-eabi/9.2.1/thumb/v7-m/nofp/libgcc.a(_udivmoddi4.o)
                0x0000000008005694                __udivmoddi4
 .text          0x0000000008005958        0x4 /opt/gcc-arm/bin/../lib/gcc/arm-none-eabi/9.2.1/thumb/v7-m/nofp/libgcc.a(_dvmd_tls.o)
                0x0000000008005958                __aeabi_ldiv0
                0x0000000008005958                __aeabi_idiv0
 .text._close   0x000000000800595c       0x10 /opt/gcc-arm/bin/../lib/gcc/arm-none-eabi/9.2.1/../../../../arm-none-eabi/lib/thumb/v7-m/nofp/libnosys.a(close.o)
                0x000000000800595c                _close
 .text._fstat   0x000000000800596c       0x10 /opt/gcc-arm/bin/../lib/gcc/arm-none-eabi/9.2.1/../../../../arm-none-eabi/lib/thumb/v7-m/nofp/libnosys.a(fstat.o)
                0x000000000800596c                _fstat
 .text._isatty  0x000000000800597c       0x10 /opt/gcc-arm/bin/../lib/gcc/arm-none-eabi/9.2.1/../../../../arm-none-eabi/lib/thumb/v7-m/nofp/libnosys.a(isatty.o)
                0x000000000800597c                _isatty
 .text._lseek   0x000000000800598c       0x10 /opt/gcc-arm/bin/../lib/gcc/arm-none-eabi/9.2.1/../../../../arm-none-eabi/lib/thumb/v7-m/nofp/libnosys.a(lseek.o)
                0x000000000800598c                _lseek
 .text._read    0x000000000800599c       0x10 /opt/gcc-arm/bin/../lib/gcc/arm-none-eabi/9.2.1/../../../../arm-none-eabi/lib/thumb/v7-m/nofp/libnosys.a(read.o)
                0x000000000800599c                _read
 .text._sbrk    0x00000000080059ac       0x1c /opt/gcc-arm/bin/../lib/gcc/arm-none-eabi/9.2.1/../../../../arm-none-eabi/lib/thumb/v7-m/nofp/libnosys.a(sbrk.o)
                0x00000000080059ac                _sbrk
                0x00000000080059c8                . = ALIGN (0x4)
 *(.rodata*)
 .rodata.vTaskStartScheduler.str1.1
                0x00000000080059c8        0x5 bin/rtos/tasks.o
 .rodata.vTaskFunction.str1.1
                0x00000000080059cd        0x3 bin/source/main.o
 .rodata.main.str1.1
                0x00000000080059d0       0x1b bin/source/main.o
 *fill*         0x00000000080059eb        0x1 
 .rodata._global_impure_ptr
                0x00000000080059ec        0x4 /opt/gcc-arm/bin/../lib/gcc/arm-none-eabi/9.2.1/../../../../arm-none-eabi/lib/thumb/v7-m/nofp/libc_nano.a(lib_a-impure.o)
                0x00000000080059ec                _global_impure_ptr
 .rodata.__month_lengths
                0x00000000080059f0       0x60 /opt/gcc-arm/bin/../lib/gcc/arm-none-eabi/9.2.1/../../../../arm-none-eabi/lib/thumb/v7-m/nofp/libc_nano.a(lib_a-month_lengths.o)
                0x00000000080059f0                __month_lengths
 .rodata._printf_float.str1.1
                0x0000000008005a50       0x10 /opt/gcc-arm/bin/../lib/gcc/arm-none-eabi/9.2.1/../../../../arm-none-eabi/lib/thumb/v7-m/nofp/libc_nano.a(lib_a-nano-vfprintf_float.o)
                                         0x12 (size before relaxing)
 .rodata._printf_i.str1.1
                0x0000000008005a60       0x22 /opt/gcc-arm/bin/../lib/gcc/arm-none-eabi/9.2.1/../../../../arm-none-eabi/lib/thumb/v7-m/nofp/libc_nano.a(lib_a-nano-vfprintf_i.o)
 .rodata._tzset_unlocked_r.str1.1
                0x0000000008005a82       0x3c /opt/gcc-arm/bin/../lib/gcc/arm-none-eabi/9.2.1/../../../../arm-none-eabi/lib/thumb/v7-m/nofp/libc_nano.a(lib_a-tzset_r.o)
                                         0x4e (size before relaxing)
 .rodata.str1.1
                0x0000000008005abe        0x4 /opt/gcc-arm/bin/../lib/gcc/arm-none-eabi/9.2.1/../../../../arm-none-eabi/lib/thumb/v7-m/nofp/libc_nano.a(lib_a-tzvars.o)
 .rodata._dtoa_r.str1.1
                0x0000000008005abe        0xd /opt/gcc-arm/bin/../lib/gcc/arm-none-eabi/9.2.1/../../../../arm-none-eabi/lib/thumb/v7-m/nofp/libc_nano.a(lib_a-dtoa.o)
                                          0xf (size before relaxing)
 *fill*         0x0000000008005acb        0x1 
 .rodata.__sf_fake_stderr
                0x0000000008005acc       0x20 /opt/gcc-arm/bin/../lib/gcc/arm-none-eabi/9.2.1/../../../../arm-none-eabi/lib/thumb/v7-m/nofp/libc_nano.a(lib_a-findfp.o)
                0x0000000008005acc                __sf_fake_stderr
 .rodata.__sf_fake_stdin
                0x0000000008005aec       0x20 /opt/gcc-arm/bin/../lib/gcc/arm-none-eabi/9.2.1/../../../../arm-none-eabi/lib/thumb/v7-m/nofp/libc_nano.a(lib_a-findfp.o)
                0x0000000008005aec                __sf_fake_stdin
 .rodata.__sf_fake_stdout
                0x0000000008005b0c       0x20 /opt/gcc-arm/bin/../lib/gcc/arm-none-eabi/9.2.1/../../../../arm-none-eabi/lib/thumb/v7-m/nofp/libc_nano.a(lib_a-findfp.o)
                0x0000000008005b0c                __sf_fake_stdout
 *fill*         0x0000000008005b2c        0x4 
 .rodata.__mprec_bigtens
                0x0000000008005b30       0x28 /opt/gcc-arm/bin/../lib/gcc/arm-none-eabi/9.2.1/../../../../arm-none-eabi/lib/thumb/v7-m/nofp/libc_nano.a(lib_a-mprec.o)
                0x0000000008005b30                __mprec_bigtens
 .rodata.__mprec_tens
                0x0000000008005b58       0xc8 /opt/gcc-arm/bin/../lib/gcc/arm-none-eabi/9.2.1/../../../../arm-none-eabi/lib/thumb/v7-m/nofp/libc_nano.a(lib_a-mprec.o)
                0x0000000008005b58                __mprec_tens
 .rodata.p05.6127
                0x0000000008005c20        0xc /opt/gcc-arm/bin/../lib/gcc/arm-none-eabi/9.2.1/../../../../arm-none-eabi/lib/thumb/v7-m/nofp/libc_nano.a(lib_a-mprec.o)
 .rodata._vfprintf_r.str1.1
                0x0000000008005c2c       0x11 /opt/gcc-arm/bin/../lib/gcc/arm-none-eabi/9.2.1/../../../../arm-none-eabi/lib/thumb/v7-m/nofp/libc_nano.a(lib_a-nano-vfprintf.o)
 .rodata._ctype_
                0x0000000008005c3d      0x101 /opt/gcc-arm/bin/../lib/gcc/arm-none-eabi/9.2.1/../../../../arm-none-eabi/lib/thumb/v7-m/nofp/libc_nano.a(lib_a-ctype_.o)
                0x0000000008005c3d                _ctype_
 .rodata._setlocale_r.str1.1
                0x0000000008005d3e        0x8 /opt/gcc-arm/bin/../lib/gcc/arm-none-eabi/9.2.1/../../../../arm-none-eabi/lib/thumb/v7-m/nofp/libc_nano.a(lib_a-locale.o)
                                          0x9 (size before relaxing)
 .rodata.str1.1
                0x0000000008005d46        0x2 /opt/gcc-arm/bin/../lib/gcc/arm-none-eabi/9.2.1/../../../../arm-none-eabi/lib/thumb/v7-m/nofp/libc_nano.a(lib_a-locale.o)
 .rodata.__ssvfscanf_r.str1.1
                0x0000000008005d48        0x4 /opt/gcc-arm/bin/../lib/gcc/arm-none-eabi/9.2.1/../../../../arm-none-eabi/lib/thumb/v7-m/nofp/libc_nano.a(lib_a-nano-svfscanf.o)
 .rodata.str1.1
                0x0000000008005d48        0x9 /opt/gcc-arm/bin/../lib/gcc/arm-none-eabi/9.2.1/../../../../arm-none-eabi/lib/thumb/v7-m/nofp/libc_nano.a(lib_a-nano-vfscanf_i.o)
 .rodata._scanf_i.str1.1
                0x0000000008005d51       0x12 /opt/gcc-arm/bin/../lib/gcc/arm-none-eabi/9.2.1/../../../../arm-none-eabi/lib/thumb/v7-m/nofp/libc_nano.a(lib_a-nano-vfscanf_i.o)
 *fill*         0x0000000008005d63        0x1 
 .rodata        0x0000000008005d64        0xc /opt/gcc-arm/bin/../lib/gcc/arm-none-eabi/9.2.1/../../../../arm-none-eabi/lib/thumb/v7-m/nofp/libc_nano.a(lib_a-nano-vfscanf_i.o)
                0x0000000008005d70                . = ALIGN (0x4)

.glue_7         0x0000000008005d70        0x0
 .glue_7        0x0000000008005d70        0x0 linker stubs

.glue_7t        0x0000000008005d70        0x0
 .glue_7t       0x0000000008005d70        0x0 linker stubs

.vfp11_veneer   0x0000000008005d70        0x0
 .vfp11_veneer  0x0000000008005d70        0x0 linker stubs

.v4_bx          0x0000000008005d70        0x0
 .v4_bx         0x0000000008005d70        0x0 linker stubs

.iplt           0x0000000008005d70        0x0
 .iplt          0x0000000008005d70        0x0 bin/uart/retarget.o

.preinit_array  0x0000000008005d70        0x0
                0x0000000008005d70                . = ALIGN (0x4)
                0x0000000008005d70                __preinit_array_start = .
 *(.preinit_array)
                0x0000000008005d70                __preinit_array_end = .

.init_array     0x0000000008005d70        0x0
                0x0000000008005d70                . = ALIGN (0x4)
                0x0000000008005d70                __init_array_start = .
 *(SORT_BY_NAME(.init_array.*))
 *(.init_array)
                0x0000000008005d70                __init_array_end = .

.fini_array     0x0000000008005d70        0x0
                0x0000000008005d70                . = ALIGN (0x4)
                0x0000000008005d70                __fini_array_start = .
 *(.fini_array)
 *(SORT_BY_NAME(.fini_array.*))
                0x0000000008005d70                __fini_array_end = .

.ARM.extab
 *(.ARM.extab*)

.ARM.exidx      0x0000000008005d70        0x8
                0x0000000008005d70                __exidx_start = .
 *(.ARM.exidx*)
 .ARM.exidx     0x0000000008005d70        0x8 /opt/gcc-arm/bin/../lib/gcc/arm-none-eabi/9.2.1/thumb/v7-m/nofp/libgcc.a(_udivmoddi4.o)
                0x0000000008005d78                __exidx_end = .

.rel.dyn        0x0000000008005d78        0x0
 .rel.iplt      0x0000000008005d78        0x0 bin/uart/retarget.o
                0x0000000008005d78                . = ALIGN (0x4)
                0x0000000008005d78                _etext = .

.data           0x0000000020000000      0x248 load address 0x0000000008005d78
                0x0000000020000000                _data = .
 *(.data*)
 .data.uxCriticalNesting
                0x0000000020000000        0x4 bin/rtos/portable/ARM_CM3/port.o
 .data.rcc_ahb_frequency
                0x0000000020000004        0x4 /opt/libopencm3/lib/libopencm3_stm32f1.a(rcc.o)
                0x0000000020000004                rcc_ahb_frequency
 .data.rcc_apb1_frequency
                0x0000000020000008        0x4 /opt/libopencm3/lib/libopencm3_stm32f1.a(rcc.o)
                0x0000000020000008                rcc_apb1_frequency
 .data.rcc_apb2_frequency
                0x000000002000000c        0x4 /opt/libopencm3/lib/libopencm3_stm32f1.a(rcc.o)
                0x000000002000000c                rcc_apb2_frequency
 .data._impure_ptr
                0x0000000020000010        0x4 /opt/gcc-arm/bin/../lib/gcc/arm-none-eabi/9.2.1/../../../../arm-none-eabi/lib/thumb/v7-m/nofp/libc_nano.a(lib_a-impure.o)
                0x0000000020000010                _impure_ptr
 .data.impure_data
                0x0000000020000014       0x60 /opt/gcc-arm/bin/../lib/gcc/arm-none-eabi/9.2.1/../../../../arm-none-eabi/lib/thumb/v7-m/nofp/libc_nano.a(lib_a-impure.o)
 .data._tzname  0x0000000020000074        0x8 /opt/gcc-arm/bin/../lib/gcc/arm-none-eabi/9.2.1/../../../../arm-none-eabi/lib/thumb/v7-m/nofp/libc_nano.a(lib_a-tzvars.o)
                0x0000000020000074                _tzname
 *fill*         0x000000002000007c        0x4 
 .data.tzinfo   0x0000000020000080       0x58 /opt/gcc-arm/bin/../lib/gcc/arm-none-eabi/9.2.1/../../../../arm-none-eabi/lib/thumb/v7-m/nofp/libc_nano.a(lib_a-gettzinfo.o)
 .data.environ  0x00000000200000d8        0x4 /opt/gcc-arm/bin/../lib/gcc/arm-none-eabi/9.2.1/../../../../arm-none-eabi/lib/thumb/v7-m/nofp/libc_nano.a(lib_a-environ.o)
                0x00000000200000d8                environ
 .data.__global_locale
                0x00000000200000dc      0x16c /opt/gcc-arm/bin/../lib/gcc/arm-none-eabi/9.2.1/../../../../arm-none-eabi/lib/thumb/v7-m/nofp/libc_nano.a(lib_a-locale.o)
                0x00000000200000dc                __global_locale
                0x0000000020000248                . = ALIGN (0x4)
                0x0000000020000248                _edata = .
                0x0000000008005d78                _data_loadaddr = LOADADDR (.data)

.igot.plt       0x0000000020000248        0x0 load address 0x0000000008005fc0
 .igot.plt      0x0000000020000248        0x0 bin/uart/retarget.o

.bss            0x0000000020000248     0x478c load address 0x0000000008005fc0
 *(.bss*)
 .bss.ringSerial
                0x0000000020000248       0x10 bin/uart/serial.o
                0x0000000020000248                ringSerial
 .bss.serialBuf
                0x0000000020000258      0x200 bin/uart/serial.o
                0x0000000020000258                serialBuf
 .bss.serialFlag
                0x0000000020000458        0x1 bin/uart/serial.o
                0x0000000020000458                serialFlag
 *fill*         0x0000000020000459        0x3 
 .bss.serialTick
                0x000000002000045c        0x4 bin/uart/serial.o
                0x000000002000045c                serialTick
 .bss.localTime
                0x0000000020000460        0x8 bin/rtc/rtc.o
                0x0000000020000460                localTime
 .bss.pxCurrentTCB
                0x0000000020000468        0x4 bin/rtos/tasks.o
                0x0000000020000468                pxCurrentTCB
 .bss.pxDelayedTaskList
                0x000000002000046c        0x4 bin/rtos/tasks.o
 .bss.pxOverflowDelayedTaskList
                0x0000000020000470        0x4 bin/rtos/tasks.o
 .bss.pxReadyTasksLists
                0x0000000020000474       0x64 bin/rtos/tasks.o
 .bss.uxCurrentNumberOfTasks
                0x00000000200004d8        0x4 bin/rtos/tasks.o
 .bss.uxDeletedTasksWaitingCleanUp
                0x00000000200004dc        0x4 bin/rtos/tasks.o
 .bss.uxSchedulerSuspended
                0x00000000200004e0        0x4 bin/rtos/tasks.o
 .bss.uxTaskNumber
                0x00000000200004e4        0x4 bin/rtos/tasks.o
 .bss.uxTopReadyPriority
                0x00000000200004e8        0x4 bin/rtos/tasks.o
 .bss.xDelayedTaskList1
                0x00000000200004ec       0x14 bin/rtos/tasks.o
 .bss.xDelayedTaskList2
                0x0000000020000500       0x14 bin/rtos/tasks.o
 .bss.xIdleTaskHandle
                0x0000000020000514        0x4 bin/rtos/tasks.o
 .bss.xNextTaskUnblockTime
                0x0000000020000518        0x4 bin/rtos/tasks.o
 .bss.xNumOfOverflows
                0x000000002000051c        0x4 bin/rtos/tasks.o
 .bss.xPendedTicks
                0x0000000020000520        0x4 bin/rtos/tasks.o
 .bss.xPendingReadyList
                0x0000000020000524       0x14 bin/rtos/tasks.o
 .bss.xSchedulerRunning
                0x0000000020000538        0x4 bin/rtos/tasks.o
 .bss.xSuspendedTaskList
                0x000000002000053c       0x14 bin/rtos/tasks.o
 .bss.xTasksWaitingTermination
                0x0000000020000550       0x14 bin/rtos/tasks.o
 .bss.xTickCount
                0x0000000020000564        0x4 bin/rtos/tasks.o
 .bss.xYieldPending
                0x0000000020000568        0x4 bin/rtos/tasks.o
 .bss.pxEnd     0x000000002000056c        0x4 bin/rtos/portable/MemMang/heap_4.o
 .bss.ucHeap    0x0000000020000570     0x4400 bin/rtos/portable/MemMang/heap_4.o
 .bss.xBlockAllocatedBit
                0x0000000020004970        0x4 bin/rtos/portable/MemMang/heap_4.o
 .bss.xFreeBytesRemaining
                0x0000000020004974        0x4 bin/rtos/portable/MemMang/heap_4.o
 .bss.xMinimumEverFreeBytesRemaining
                0x0000000020004978        0x4 bin/rtos/portable/MemMang/heap_4.o
 .bss.xNumberOfSuccessfulAllocations
                0x000000002000497c        0x4 bin/rtos/portable/MemMang/heap_4.o
 .bss.xNumberOfSuccessfulFrees
                0x0000000020004980        0x4 bin/rtos/portable/MemMang/heap_4.o
 .bss.xStart    0x0000000020004984        0x8 bin/rtos/portable/MemMang/heap_4.o
 .bss.test      0x000000002000498c        0x1 bin/source/main.o
                0x000000002000498c                test
 *fill*         0x000000002000498d        0x3 
 .bss.__malloc_free_list
                0x0000000020004990        0x4 /opt/gcc-arm/bin/../lib/gcc/arm-none-eabi/9.2.1/../../../../arm-none-eabi/lib/thumb/v7-m/nofp/libc_nano.a(lib_a-nano-mallocr.o)
                0x0000000020004990                __malloc_free_list
 .bss.__malloc_sbrk_start
                0x0000000020004994        0x4 /opt/gcc-arm/bin/../lib/gcc/arm-none-eabi/9.2.1/../../../../arm-none-eabi/lib/thumb/v7-m/nofp/libc_nano.a(lib_a-nano-mallocr.o)
                0x0000000020004994                __malloc_sbrk_start
 .bss.__tzname_dst
                0x0000000020004998        0xb /opt/gcc-arm/bin/../lib/gcc/arm-none-eabi/9.2.1/../../../../arm-none-eabi/lib/thumb/v7-m/nofp/libc_nano.a(lib_a-tzset_r.o)
 .bss.__tzname_std
                0x00000000200049a3        0xb /opt/gcc-arm/bin/../lib/gcc/arm-none-eabi/9.2.1/../../../../arm-none-eabi/lib/thumb/v7-m/nofp/libc_nano.a(lib_a-tzset_r.o)
 *fill*         0x00000000200049ae        0x2 
 .bss.prev_tzenv
                0x00000000200049b0        0x4 /opt/gcc-arm/bin/../lib/gcc/arm-none-eabi/9.2.1/../../../../arm-none-eabi/lib/thumb/v7-m/nofp/libc_nano.a(lib_a-tzset_r.o)
 .bss._daylight
                0x00000000200049b4        0x4 /opt/gcc-arm/bin/../lib/gcc/arm-none-eabi/9.2.1/../../../../arm-none-eabi/lib/thumb/v7-m/nofp/libc_nano.a(lib_a-tzvars.o)
                0x00000000200049b4                _daylight
 .bss._timezone
                0x00000000200049b8        0x4 /opt/gcc-arm/bin/../lib/gcc/arm-none-eabi/9.2.1/../../../../arm-none-eabi/lib/thumb/v7-m/nofp/libc_nano.a(lib_a-tzvars.o)
                0x00000000200049b8                _timezone
 .bss.initial_env
                0x00000000200049bc        0x4 /opt/gcc-arm/bin/../lib/gcc/arm-none-eabi/9.2.1/../../../../arm-none-eabi/lib/thumb/v7-m/nofp/libc_nano.a(lib_a-environ.o)
 .bss.heap_end.4144
                0x00000000200049c0        0x4 /opt/gcc-arm/bin/../lib/gcc/arm-none-eabi/9.2.1/../../../../arm-none-eabi/lib/thumb/v7-m/nofp/libnosys.a(sbrk.o)
 *(COMMON)
 COMMON         0x00000000200049c4        0x9 /opt/gcc-arm/bin/../lib/gcc/arm-none-eabi/9.2.1/../../../../arm-none-eabi/lib/thumb/v7-m/nofp/libc_nano.a(lib_a-lock.o)
                0x00000000200049c4                __lock___atexit_recursive_mutex
                0x00000000200049c5                __lock___arc4random_mutex
                0x00000000200049c6                __lock___env_recursive_mutex
                0x00000000200049c7                __lock___sinit_recursive_mutex
                0x00000000200049c8                __lock___malloc_recursive_mutex
                0x00000000200049c9                __lock___at_quick_exit_mutex
                0x00000000200049ca                __lock___dd_hash_mutex
                0x00000000200049cb                __lock___tz_mutex
                0x00000000200049cc                __lock___sfp_recursive_mutex
 *fill*         0x00000000200049cd        0x3 
 COMMON         0x00000000200049d0        0x4 /opt/gcc-arm/bin/../lib/gcc/arm-none-eabi/9.2.1/../../../../arm-none-eabi/lib/thumb/v7-m/nofp/libc_nano.a(lib_a-reent.o)
                0x00000000200049d0                errno
                0x00000000200049d4                . = ALIGN (0x4)
                0x00000000200049d4                _ebss = .

/DISCARD/
 *(.eh_frame)
                0x00000000200049d4                . = ALIGN (0x4)
                0x00000000200049d4                end = .
                0x0000000020005000                PROVIDE (_stack = (ORIGIN (ram) + LENGTH (ram)))
OUTPUT(uart-test.elf elf32-littlearm)

.debug_info     0x0000000000000000     0xb754
 .debug_info    0x0000000000000000      0xa83 bin/uart/retarget.o
 .debug_info    0x0000000000000a83      0x1c2 bin/uart/ringbuf.o
 .debug_info    0x0000000000000c45      0xfaf bin/uart/serial.o
 .debug_info    0x0000000000001bf4      0xfc6 bin/rtc/rtc.o
 .debug_info    0x0000000000002bba      0xb76 bin/rtos/list.o
 .debug_info    0x0000000000003730     0x2cb9 bin/rtos/tasks.o
 .debug_info    0x00000000000063e9      0x13a bin/rtos/opencm3.o
 .debug_info    0x0000000000006523       0xd2 bin/watchdog/iwdg.o
 .debug_info    0x00000000000065f5      0x353 bin/rtos/portable/ARM_CM3/port.o
 .debug_info    0x0000000000006948      0xe28 bin/rtos/portable/MemMang/heap_4.o
 .debug_info    0x0000000000007770      0xf8c bin/source/main.o
 .debug_info    0x00000000000086fc      0x20a /opt/libopencm3/lib/libopencm3_stm32f1.a(gpio.o)
 .debug_info    0x0000000000008906      0x17c /opt/libopencm3/lib/libopencm3_stm32f1.a(iwdg_common_all.o)
 .debug_info    0x0000000000008a82     0x128f /opt/libopencm3/lib/libopencm3_stm32f1.a(rcc.o)
 .debug_info    0x0000000000009d11      0x603 /opt/libopencm3/lib/libopencm3_stm32f1.a(rcc_common_all.o)
 .debug_info    0x000000000000a314      0x73c /opt/libopencm3/lib/libopencm3_stm32f1.a(rtc.o)
 .debug_info    0x000000000000aa50      0x51b /opt/libopencm3/lib/libopencm3_stm32f1.a(usart_common_all.o)
 .debug_info    0x000000000000af6b      0x1c5 /opt/libopencm3/lib/libopencm3_stm32f1.a(usart_common_f124.o)
 .debug_info    0x000000000000b130      0x2dd /opt/libopencm3/lib/libopencm3_stm32f1.a(vector.o)
 .debug_info    0x000000000000b40d      0x251 /opt/libopencm3/lib/libopencm3_stm32f1.a(nvic.o)
 .debug_info    0x000000000000b65e       0xf6 /opt/libopencm3/lib/libopencm3_stm32f1.a(flash_common_all.o)

.debug_abbrev   0x0000000000000000     0x271d
 .debug_abbrev  0x0000000000000000      0x24e bin/uart/retarget.o
 .debug_abbrev  0x000000000000024e      0x10c bin/uart/ringbuf.o
 .debug_abbrev  0x000000000000035a      0x304 bin/uart/serial.o
 .debug_abbrev  0x000000000000065e      0x350 bin/rtc/rtc.o
 .debug_abbrev  0x00000000000009ae      0x239 bin/rtos/list.o
 .debug_abbrev  0x0000000000000be7      0x50a bin/rtos/tasks.o
 .debug_abbrev  0x00000000000010f1       0x8c bin/rtos/opencm3.o
 .debug_abbrev  0x000000000000117d       0x8e bin/watchdog/iwdg.o
 .debug_abbrev  0x000000000000120b      0x21a bin/rtos/portable/ARM_CM3/port.o
 .debug_abbrev  0x0000000000001425      0x377 bin/rtos/portable/MemMang/heap_4.o
 .debug_abbrev  0x000000000000179c      0x31d bin/source/main.o
 .debug_abbrev  0x0000000000001ab9       0xd0 /opt/libopencm3/lib/libopencm3_stm32f1.a(gpio.o)
 .debug_abbrev  0x0000000000001b89      0x112 /opt/libopencm3/lib/libopencm3_stm32f1.a(iwdg_common_all.o)
 .debug_abbrev  0x0000000000001c9b      0x2e1 /opt/libopencm3/lib/libopencm3_stm32f1.a(rcc.o)
 .debug_abbrev  0x0000000000001f7c      0x15d /opt/libopencm3/lib/libopencm3_stm32f1.a(rcc_common_all.o)
 .debug_abbrev  0x00000000000020d9      0x1c2 /opt/libopencm3/lib/libopencm3_stm32f1.a(rtc.o)
 .debug_abbrev  0x000000000000229b      0x129 /opt/libopencm3/lib/libopencm3_stm32f1.a(usart_common_all.o)
 .debug_abbrev  0x00000000000023c4       0xc8 /opt/libopencm3/lib/libopencm3_stm32f1.a(usart_common_f124.o)
 .debug_abbrev  0x000000000000248c      0x145 /opt/libopencm3/lib/libopencm3_stm32f1.a(vector.o)
 .debug_abbrev  0x00000000000025d1       0xb5 /opt/libopencm3/lib/libopencm3_stm32f1.a(nvic.o)
 .debug_abbrev  0x0000000000002686       0x97 /opt/libopencm3/lib/libopencm3_stm32f1.a(flash_common_all.o)

.debug_loc      0x0000000000000000     0x332b
 .debug_loc     0x0000000000000000      0x12e bin/uart/retarget.o
 .debug_loc     0x000000000000012e       0xae bin/uart/ringbuf.o
 .debug_loc     0x00000000000001dc      0x117 bin/uart/serial.o
 .debug_loc     0x00000000000002f3      0x28c bin/rtc/rtc.o
 .debug_loc     0x000000000000057f       0xaf bin/rtos/list.o
 .debug_loc     0x000000000000062e     0x1a82 bin/rtos/tasks.o
 .debug_loc     0x00000000000020b0       0xbe bin/rtos/portable/ARM_CM3/port.o
 .debug_loc     0x000000000000216e      0x47e bin/rtos/portable/MemMang/heap_4.o
 .debug_loc     0x00000000000025ec       0x44 bin/source/main.o
 .debug_loc     0x0000000000002630      0x134 /opt/libopencm3/lib/libopencm3_stm32f1.a(gpio.o)
 .debug_loc     0x0000000000002764       0xbf /opt/libopencm3/lib/libopencm3_stm32f1.a(iwdg_common_all.o)
 .debug_loc     0x0000000000002823      0x39c /opt/libopencm3/lib/libopencm3_stm32f1.a(rcc.o)
 .debug_loc     0x0000000000002bbf       0x6f /opt/libopencm3/lib/libopencm3_stm32f1.a(rcc_common_all.o)
 .debug_loc     0x0000000000002c2e      0x268 /opt/libopencm3/lib/libopencm3_stm32f1.a(rtc.o)
 .debug_loc     0x0000000000002e96      0x172 /opt/libopencm3/lib/libopencm3_stm32f1.a(usart_common_all.o)
 .debug_loc     0x0000000000003008       0x99 /opt/libopencm3/lib/libopencm3_stm32f1.a(usart_common_f124.o)
 .debug_loc     0x00000000000030a1      0x128 /opt/libopencm3/lib/libopencm3_stm32f1.a(vector.o)
 .debug_loc     0x00000000000031c9      0x14d /opt/libopencm3/lib/libopencm3_stm32f1.a(nvic.o)
 .debug_loc     0x0000000000003316       0x15 /opt/libopencm3/lib/libopencm3_stm32f1.a(flash_common_all.o)

.debug_aranges  0x0000000000000000      0x860
 .debug_aranges
                0x0000000000000000       0x20 bin/uart/retarget.o
 .debug_aranges
                0x0000000000000020       0x30 bin/uart/ringbuf.o
 .debug_aranges
                0x0000000000000050       0x38 bin/uart/serial.o
 .debug_aranges
                0x0000000000000088       0x60 bin/rtc/rtc.o
 .debug_aranges
                0x00000000000000e8       0x40 bin/rtos/list.o
 .debug_aranges
                0x0000000000000128      0x178 bin/rtos/tasks.o
 .debug_aranges
                0x00000000000002a0       0x30 bin/rtos/opencm3.o
 .debug_aranges
                0x00000000000002d0       0x20 bin/watchdog/iwdg.o
 .debug_aranges
                0x00000000000002f0       0x70 bin/rtos/portable/ARM_CM3/port.o
 .debug_aranges
                0x0000000000000360       0x50 bin/rtos/portable/MemMang/heap_4.o
 .debug_aranges
                0x00000000000003b0       0x28 bin/source/main.o
 .debug_aranges
                0x00000000000003d8       0x38 /opt/libopencm3/lib/libopencm3_stm32f1.a(gpio.o)
 .debug_aranges
                0x0000000000000410       0x40 /opt/libopencm3/lib/libopencm3_stm32f1.a(iwdg_common_all.o)
 .debug_aranges
                0x0000000000000450      0x158 /opt/libopencm3/lib/libopencm3_stm32f1.a(rcc.o)
 .debug_aranges
                0x00000000000005a8       0x58 /opt/libopencm3/lib/libopencm3_stm32f1.a(rcc_common_all.o)
 .debug_aranges
                0x0000000000000600       0xa0 /opt/libopencm3/lib/libopencm3_stm32f1.a(rtc.o)
 .debug_aranges
                0x00000000000006a0       0xb8 /opt/libopencm3/lib/libopencm3_stm32f1.a(usart_common_all.o)
 .debug_aranges
                0x0000000000000758       0x40 /opt/libopencm3/lib/libopencm3_stm32f1.a(usart_common_f124.o)
 .debug_aranges
                0x0000000000000798       0x30 /opt/libopencm3/lib/libopencm3_stm32f1.a(vector.o)
 .debug_aranges
                0x00000000000007c8       0x60 /opt/libopencm3/lib/libopencm3_stm32f1.a(nvic.o)
 .debug_aranges
                0x0000000000000828       0x38 /opt/libopencm3/lib/libopencm3_stm32f1.a(flash_common_all.o)

.debug_ranges   0x0000000000000000      0x988
 .debug_ranges  0x0000000000000000       0x10 bin/uart/retarget.o
 .debug_ranges  0x0000000000000010       0x20 bin/uart/ringbuf.o
 .debug_ranges  0x0000000000000030       0x28 bin/uart/serial.o
 .debug_ranges  0x0000000000000058       0x50 bin/rtc/rtc.o
 .debug_ranges  0x00000000000000a8       0x30 bin/rtos/list.o
 .debug_ranges  0x00000000000000d8      0x328 bin/rtos/tasks.o
 .debug_ranges  0x0000000000000400       0x20 bin/rtos/opencm3.o
 .debug_ranges  0x0000000000000420       0x10 bin/watchdog/iwdg.o
 .debug_ranges  0x0000000000000430       0x78 bin/rtos/portable/ARM_CM3/port.o
 .debug_ranges  0x00000000000004a8       0x40 bin/rtos/portable/MemMang/heap_4.o
 .debug_ranges  0x00000000000004e8       0x30 bin/source/main.o
 .debug_ranges  0x0000000000000518       0x28 /opt/libopencm3/lib/libopencm3_stm32f1.a(gpio.o)
 .debug_ranges  0x0000000000000540       0x48 /opt/libopencm3/lib/libopencm3_stm32f1.a(iwdg_common_all.o)
 .debug_ranges  0x0000000000000588      0x1b8 /opt/libopencm3/lib/libopencm3_stm32f1.a(rcc.o)
 .debug_ranges  0x0000000000000740       0x48 /opt/libopencm3/lib/libopencm3_stm32f1.a(rcc_common_all.o)
 .debug_ranges  0x0000000000000788       0x90 /opt/libopencm3/lib/libopencm3_stm32f1.a(rtc.o)
 .debug_ranges  0x0000000000000818       0xa8 /opt/libopencm3/lib/libopencm3_stm32f1.a(usart_common_all.o)
 .debug_ranges  0x00000000000008c0       0x30 /opt/libopencm3/lib/libopencm3_stm32f1.a(usart_common_f124.o)
 .debug_ranges  0x00000000000008f0       0x20 /opt/libopencm3/lib/libopencm3_stm32f1.a(vector.o)
 .debug_ranges  0x0000000000000910       0x50 /opt/libopencm3/lib/libopencm3_stm32f1.a(nvic.o)
 .debug_ranges  0x0000000000000960       0x28 /opt/libopencm3/lib/libopencm3_stm32f1.a(flash_common_all.o)

.debug_macro    0x0000000000000000     0x93d0
 .debug_macro   0x0000000000000000      0x259 bin/uart/retarget.o
 .debug_macro   0x0000000000000259      0xa96 bin/uart/retarget.o
 .debug_macro   0x0000000000000cef       0x1c bin/uart/retarget.o
 .debug_macro   0x0000000000000d0b       0x22 bin/uart/retarget.o
 .debug_macro   0x0000000000000d2d       0x56 bin/uart/retarget.o
 .debug_macro   0x0000000000000d83       0x51 bin/uart/retarget.o
 .debug_macro   0x0000000000000dd4       0xef bin/uart/retarget.o
 .debug_macro   0x0000000000000ec3       0x6a bin/uart/retarget.o
 .debug_macro   0x0000000000000f2d      0x1df bin/uart/retarget.o
 .debug_macro   0x000000000000110c       0x22 bin/uart/retarget.o
 .debug_macro   0x000000000000112e       0xe8 bin/uart/retarget.o
 .debug_macro   0x0000000000001216       0x76 bin/uart/retarget.o
 .debug_macro   0x000000000000128c      0x1b4 bin/uart/retarget.o
 .debug_macro   0x0000000000001440      0x82c bin/uart/retarget.o
 .debug_macro   0x0000000000001c6c       0x76 bin/uart/retarget.o
 .debug_macro   0x0000000000001ce2      0xe04 bin/uart/retarget.o
 .debug_macro   0x0000000000002ae6       0x94 bin/uart/retarget.o
 .debug_macro   0x0000000000002b7a      0x29e bin/uart/retarget.o
 .debug_macro   0x0000000000002e18       0x18 bin/uart/retarget.o
 .debug_macro   0x0000000000002e30       0x5e bin/uart/retarget.o
 .debug_macro   0x0000000000002e8e       0x35 bin/uart/retarget.o
 .debug_macro   0x0000000000002ec3       0x34 bin/uart/retarget.o
 .debug_macro   0x0000000000002ef7       0x16 bin/uart/retarget.o
 .debug_macro   0x0000000000002f0d      0x10e bin/uart/retarget.o
 .debug_macro   0x000000000000301b       0x86 bin/uart/retarget.o
 .debug_macro   0x00000000000030a1       0x58 bin/uart/retarget.o
 .debug_macro   0x00000000000030f9       0x1f bin/uart/retarget.o
 .debug_macro   0x0000000000003118       0x43 bin/uart/retarget.o
 .debug_macro   0x000000000000315b       0x20 bin/uart/retarget.o
 .debug_macro   0x000000000000317b      0x18e bin/uart/retarget.o
 .debug_macro   0x0000000000003309      0x35c bin/uart/retarget.o
 .debug_macro   0x0000000000003665       0x22 bin/uart/retarget.o
 .debug_macro   0x0000000000003687       0x16 bin/uart/retarget.o
 .debug_macro   0x000000000000369d       0x35 bin/uart/retarget.o
 .debug_macro   0x00000000000036d2       0x10 bin/uart/retarget.o
 .debug_macro   0x00000000000036e2      0x241 bin/uart/retarget.o
 .debug_macro   0x0000000000003923       0x1c bin/uart/retarget.o
 .debug_macro   0x000000000000393f       0x10 bin/uart/retarget.o
 .debug_macro   0x000000000000394f       0x10 bin/uart/retarget.o
 .debug_macro   0x000000000000395f       0xb6 bin/uart/retarget.o
 .debug_macro   0x0000000000003a15       0x16 bin/uart/retarget.o
 .debug_macro   0x0000000000003a2b      0x129 bin/uart/retarget.o
 .debug_macro   0x0000000000003b54       0x16 bin/uart/retarget.o
 .debug_macro   0x0000000000003b6a      0x4fe bin/uart/retarget.o
 .debug_macro   0x0000000000004068       0x6d bin/uart/ringbuf.o
 .debug_macro   0x00000000000040d5      0x2aa bin/uart/serial.o
 .debug_macro   0x000000000000437f       0x6e bin/uart/serial.o
 .debug_macro   0x00000000000043ed      0x1a2 bin/uart/serial.o
 .debug_macro   0x000000000000458f       0x70 bin/uart/serial.o
 .debug_macro   0x00000000000045ff      0x16d bin/uart/serial.o
 .debug_macro   0x000000000000476c       0xb2 bin/uart/serial.o
 .debug_macro   0x000000000000481e      0x15a bin/uart/serial.o
 .debug_macro   0x0000000000004978       0xd7 bin/uart/serial.o
 .debug_macro   0x0000000000004a4f       0x1c bin/uart/serial.o
 .debug_macro   0x0000000000004a6b       0x26 bin/uart/serial.o
 .debug_macro   0x0000000000004a91      0x54a bin/uart/serial.o
 .debug_macro   0x0000000000004fdb       0xb5 bin/uart/serial.o
 .debug_macro   0x0000000000005090       0xaa bin/uart/serial.o
 .debug_macro   0x000000000000513a       0x16 bin/uart/serial.o
 .debug_macro   0x0000000000005150      0x29c bin/rtc/rtc.o
 .debug_macro   0x00000000000053ec      0x4f5 bin/rtc/rtc.o
 .debug_macro   0x00000000000058e1      0xf9a bin/rtc/rtc.o
 .debug_macro   0x000000000000687b       0x8e bin/rtc/rtc.o
 .debug_macro   0x0000000000006909       0x76 bin/rtc/rtc.o
 .debug_macro   0x000000000000697f       0x1f bin/rtc/rtc.o
 .debug_macro   0x000000000000699e      0x171 bin/rtc/rtc.o
 .debug_macro   0x0000000000006b0f       0x10 bin/rtc/rtc.o
 .debug_macro   0x0000000000006b1f       0x10 bin/rtc/rtc.o
 .debug_macro   0x0000000000006b2f       0x10 bin/rtc/rtc.o
 .debug_macro   0x0000000000006b3f       0x2e bin/rtc/rtc.o
 .debug_macro   0x0000000000006b6d      0x171 bin/rtos/list.o
 .debug_macro   0x0000000000006cde      0x24a bin/rtos/tasks.o
 .debug_macro   0x0000000000006f28       0x10 bin/rtos/tasks.o
 .debug_macro   0x0000000000006f38      0x15e bin/rtos/opencm3.o
 .debug_macro   0x0000000000007096       0xc9 bin/watchdog/iwdg.o
 .debug_macro   0x000000000000715f      0x172 bin/rtos/portable/ARM_CM3/port.o
 .debug_macro   0x00000000000072d1      0x198 bin/rtos/portable/MemMang/heap_4.o
 .debug_macro   0x0000000000007469      0x3ab bin/source/main.o
 .debug_macro   0x0000000000007814       0xb8 /opt/libopencm3/lib/libopencm3_stm32f1.a(gpio.o)
 .debug_macro   0x00000000000078cc      0xa90 /opt/libopencm3/lib/libopencm3_stm32f1.a(gpio.o)
 .debug_macro   0x000000000000835c       0xc5 /opt/libopencm3/lib/libopencm3_stm32f1.a(iwdg_common_all.o)
 .debug_macro   0x0000000000008421       0xe7 /opt/libopencm3/lib/libopencm3_stm32f1.a(rcc.o)
 .debug_macro   0x0000000000008508       0x16 /opt/libopencm3/lib/libopencm3_stm32f1.a(rcc.o)
 .debug_macro   0x000000000000851e       0xee /opt/libopencm3/lib/libopencm3_stm32f1.a(rcc.o)
 .debug_macro   0x000000000000860c       0x82 /opt/libopencm3/lib/libopencm3_stm32f1.a(rcc.o)
 .debug_macro   0x000000000000868e       0xce /opt/libopencm3/lib/libopencm3_stm32f1.a(rcc_common_all.o)
 .debug_macro   0x000000000000875c       0xe6 /opt/libopencm3/lib/libopencm3_stm32f1.a(rtc.o)
 .debug_macro   0x0000000000008842       0xda /opt/libopencm3/lib/libopencm3_stm32f1.a(usart_common_all.o)
 .debug_macro   0x000000000000891c       0xda /opt/libopencm3/lib/libopencm3_stm32f1.a(usart_common_f124.o)
 .debug_macro   0x00000000000089f6       0xcf /opt/libopencm3/lib/libopencm3_stm32f1.a(vector.o)
 .debug_macro   0x0000000000008ac5      0x395 /opt/libopencm3/lib/libopencm3_stm32f1.a(vector.o)
 .debug_macro   0x0000000000008e5a       0xb3 /opt/libopencm3/lib/libopencm3_stm32f1.a(nvic.o)
 .debug_macro   0x0000000000008f0d       0x68 /opt/libopencm3/lib/libopencm3_stm32f1.a(nvic.o)
 .debug_macro   0x0000000000008f75      0x39b /opt/libopencm3/lib/libopencm3_stm32f1.a(nvic.o)
 .debug_macro   0x0000000000009310       0xc0 /opt/libopencm3/lib/libopencm3_stm32f1.a(flash_common_all.o)

.debug_line     0x0000000000000000     0x7c33
 .debug_line    0x0000000000000000      0x44f bin/uart/retarget.o
 .debug_line    0x000000000000044f      0x203 bin/uart/ringbuf.o
 .debug_line    0x0000000000000652      0x617 bin/uart/serial.o
 .debug_line    0x0000000000000c69      0x798 bin/rtc/rtc.o
 .debug_line    0x0000000000001401      0x412 bin/rtos/list.o
 .debug_line    0x0000000000001813     0x1ba2 bin/rtos/tasks.o
 .debug_line    0x00000000000033b5      0x3c3 bin/rtos/opencm3.o
 .debug_line    0x0000000000003778      0x287 bin/watchdog/iwdg.o
 .debug_line    0x00000000000039ff      0x460 bin/rtos/portable/ARM_CM3/port.o
 .debug_line    0x0000000000003e5f      0x69a bin/rtos/portable/MemMang/heap_4.o
 .debug_line    0x00000000000044f9      0x6b2 bin/source/main.o
 .debug_line    0x0000000000004bab      0x33e /opt/libopencm3/lib/libopencm3_stm32f1.a(gpio.o)
 .debug_line    0x0000000000004ee9      0x384 /opt/libopencm3/lib/libopencm3_stm32f1.a(iwdg_common_all.o)
 .debug_line    0x000000000000526d      0xc89 /opt/libopencm3/lib/libopencm3_stm32f1.a(rcc.o)
 .debug_line    0x0000000000005ef6      0x37e /opt/libopencm3/lib/libopencm3_stm32f1.a(rcc_common_all.o)
 .debug_line    0x0000000000006274      0x6c5 /opt/libopencm3/lib/libopencm3_stm32f1.a(rtc.o)
 .debug_line    0x0000000000006939      0x557 /opt/libopencm3/lib/libopencm3_stm32f1.a(usart_common_all.o)
 .debug_line    0x0000000000006e90      0x349 /opt/libopencm3/lib/libopencm3_stm32f1.a(usart_common_f124.o)
 .debug_line    0x00000000000071d9      0x3df /opt/libopencm3/lib/libopencm3_stm32f1.a(vector.o)
 .debug_line    0x00000000000075b8      0x376 /opt/libopencm3/lib/libopencm3_stm32f1.a(nvic.o)
 .debug_line    0x000000000000792e      0x305 /opt/libopencm3/lib/libopencm3_stm32f1.a(flash_common_all.o)

.debug_str      0x0000000000000000    0x21d50
 .debug_str     0x0000000000000000    0x10059 bin/uart/retarget.o
                                      0x10420 (size before relaxing)
 .debug_str     0x0000000000010059       0x5a bin/uart/ringbuf.o
                                       0x3c8b (size before relaxing)
 .debug_str     0x00000000000100b3     0x4b02 bin/uart/serial.o
                                      0x13abc (size before relaxing)
 .debug_str     0x0000000000014bb5     0x6dc8 bin/rtc/rtc.o
                                      0x1561e (size before relaxing)
 .debug_str     0x000000000001b97d      0x122 bin/rtos/list.o
                                       0xa45b (size before relaxing)
 .debug_str     0x000000000001ba9f     0x1ac8 bin/rtos/tasks.o
                                       0xc61b (size before relaxing)
 .debug_str     0x000000000001d567       0x77 bin/rtos/opencm3.o
                                       0xf265 (size before relaxing)
 .debug_str     0x000000000001d5de       0x4e bin/watchdog/iwdg.o
                                       0x4f48 (size before relaxing)
 .debug_str     0x000000000001d62c      0x597 bin/rtos/portable/ARM_CM3/port.o
                                       0x839d (size before relaxing)
 .debug_str     0x000000000001dbc3      0x307 bin/rtos/portable/MemMang/heap_4.o
                                       0xad73 (size before relaxing)
 .debug_str     0x000000000001deca      0xd4d bin/source/main.o
                                      0x1b1e3 (size before relaxing)
 .debug_str     0x000000000001ec17       0x96 /opt/libopencm3/lib/libopencm3_stm32f1.a(gpio.o)
                                       0x859b (size before relaxing)
 .debug_str     0x000000000001ecad       0xa6 /opt/libopencm3/lib/libopencm3_stm32f1.a(iwdg_common_all.o)
                                       0x4fd2 (size before relaxing)
 .debug_str     0x000000000001ed53      0xc4a /opt/libopencm3/lib/libopencm3_stm32f1.a(rcc.o)
                                       0x7e8e (size before relaxing)
 .debug_str     0x000000000001f99d      0x35b /opt/libopencm3/lib/libopencm3_stm32f1.a(rcc_common_all.o)
                                       0x77a4 (size before relaxing)
 .debug_str     0x000000000001fcf8       0xed /opt/libopencm3/lib/libopencm3_stm32f1.a(rtc.o)
                                       0x7b39 (size before relaxing)
 .debug_str     0x000000000001fde5      0x184 /opt/libopencm3/lib/libopencm3_stm32f1.a(usart_common_all.o)
                                       0x8363 (size before relaxing)
 .debug_str     0x000000000001ff69       0x2d /opt/libopencm3/lib/libopencm3_stm32f1.a(usart_common_f124.o)
                                       0x819d (size before relaxing)
 .debug_str     0x000000000001ff96     0x1c92 /opt/libopencm3/lib/libopencm3_stm32f1.a(vector.o)
                                       0x6664 (size before relaxing)
 .debug_str     0x0000000000021c28       0xc4 /opt/libopencm3/lib/libopencm3_stm32f1.a(nvic.o)
                                       0x5c46 (size before relaxing)
 .debug_str     0x0000000000021cec       0x64 /opt/libopencm3/lib/libopencm3_stm32f1.a(flash_common_all.o)
                                       0x5567 (size before relaxing)

.comment        0x0000000000000000       0x79
 .comment       0x0000000000000000       0x79 bin/uart/retarget.o
                                         0x7a (size before relaxing)
 .comment       0x0000000000000079       0x7a bin/uart/ringbuf.o
 .comment       0x0000000000000079       0x7a bin/uart/serial.o
 .comment       0x0000000000000079       0x7a bin/rtc/rtc.o
 .comment       0x0000000000000079       0x7a bin/rtos/list.o
 .comment       0x0000000000000079       0x7a bin/rtos/tasks.o
 .comment       0x0000000000000079       0x7a bin/rtos/opencm3.o
 .comment       0x0000000000000079       0x7a bin/watchdog/iwdg.o
 .comment       0x0000000000000079       0x7a bin/rtos/portable/ARM_CM3/port.o
 .comment       0x0000000000000079       0x7a bin/rtos/portable/MemMang/heap_4.o
 .comment       0x0000000000000079       0x7a bin/source/main.o
 .comment       0x0000000000000079       0x7a /opt/libopencm3/lib/libopencm3_stm32f1.a(gpio.o)
 .comment       0x0000000000000079       0x7a /opt/libopencm3/lib/libopencm3_stm32f1.a(iwdg_common_all.o)
 .comment       0x0000000000000079       0x7a /opt/libopencm3/lib/libopencm3_stm32f1.a(rcc.o)
 .comment       0x0000000000000079       0x7a /opt/libopencm3/lib/libopencm3_stm32f1.a(rcc_common_all.o)
 .comment       0x0000000000000079       0x7a /opt/libopencm3/lib/libopencm3_stm32f1.a(rtc.o)
 .comment       0x0000000000000079       0x7a /opt/libopencm3/lib/libopencm3_stm32f1.a(usart_common_all.o)
 .comment       0x0000000000000079       0x7a /opt/libopencm3/lib/libopencm3_stm32f1.a(usart_common_f124.o)
 .comment       0x0000000000000079       0x7a /opt/libopencm3/lib/libopencm3_stm32f1.a(vector.o)
 .comment       0x0000000000000079       0x7a /opt/libopencm3/lib/libopencm3_stm32f1.a(nvic.o)
 .comment       0x0000000000000079       0x7a /opt/libopencm3/lib/libopencm3_stm32f1.a(flash_common_all.o)

.ARM.attributes
                0x0000000000000000       0x2b
 .ARM.attributes
                0x0000000000000000       0x2d bin/uart/retarget.o
 .ARM.attributes
                0x000000000000002d       0x2d bin/uart/ringbuf.o
 .ARM.attributes
                0x000000000000005a       0x2d bin/uart/serial.o
 .ARM.attributes
                0x0000000000000087       0x2d bin/rtc/rtc.o
 .ARM.attributes
                0x00000000000000b4       0x2d bin/rtos/list.o
 .ARM.attributes
                0x00000000000000e1       0x2d bin/rtos/tasks.o
 .ARM.attributes
                0x000000000000010e       0x2d bin/rtos/opencm3.o
 .ARM.attributes
                0x000000000000013b       0x2d bin/watchdog/iwdg.o
 .ARM.attributes
                0x0000000000000168       0x2d bin/rtos/portable/ARM_CM3/port.o
 .ARM.attributes
                0x0000000000000195       0x2d bin/rtos/portable/MemMang/heap_4.o
 .ARM.attributes
                0x00000000000001c2       0x2d bin/source/main.o
 .ARM.attributes
                0x00000000000001ef       0x2d /opt/libopencm3/lib/libopencm3_stm32f1.a(gpio.o)
 .ARM.attributes
                0x000000000000021c       0x2d /opt/libopencm3/lib/libopencm3_stm32f1.a(iwdg_common_all.o)
 .ARM.attributes
                0x0000000000000249       0x2d /opt/libopencm3/lib/libopencm3_stm32f1.a(rcc.o)
 .ARM.attributes
                0x0000000000000276       0x2d /opt/libopencm3/lib/libopencm3_stm32f1.a(rcc_common_all.o)
 .ARM.attributes
                0x00000000000002a3       0x2d /opt/libopencm3/lib/libopencm3_stm32f1.a(rtc.o)
 .ARM.attributes
                0x00000000000002d0       0x2d /opt/libopencm3/lib/libopencm3_stm32f1.a(usart_common_all.o)
 .ARM.attributes
                0x00000000000002fd       0x2d /opt/libopencm3/lib/libopencm3_stm32f1.a(usart_common_f124.o)
 .ARM.attributes
                0x000000000000032a       0x2d /opt/libopencm3/lib/libopencm3_stm32f1.a(vector.o)
 .ARM.attributes
                0x0000000000000357       0x2d /opt/libopencm3/lib/libopencm3_stm32f1.a(nvic.o)
 .ARM.attributes
                0x0000000000000384       0x2d /opt/libopencm3/lib/libopencm3_stm32f1.a(flash_common_all.o)
 .ARM.attributes
                0x00000000000003b1       0x2d /opt/gcc-arm/bin/../lib/gcc/arm-none-eabi/9.2.1/../../../../arm-none-eabi/lib/thumb/v7-m/nofp/libc_nano.a(lib_a-errno.o)
 .ARM.attributes
                0x00000000000003de       0x2d /opt/gcc-arm/bin/../lib/gcc/arm-none-eabi/9.2.1/../../../../arm-none-eabi/lib/thumb/v7-m/nofp/libc_nano.a(lib_a-impure.o)
 .ARM.attributes
                0x000000000000040b       0x2d /opt/gcc-arm/bin/../lib/gcc/arm-none-eabi/9.2.1/../../../../arm-none-eabi/lib/thumb/v7-m/nofp/libc_nano.a(lib_a-lcltime.o)
 .ARM.attributes
                0x0000000000000438       0x2d /opt/gcc-arm/bin/../lib/gcc/arm-none-eabi/9.2.1/../../../../arm-none-eabi/lib/thumb/v7-m/nofp/libc_nano.a(lib_a-lcltime_r.o)
 .ARM.attributes
                0x0000000000000465       0x2d /opt/gcc-arm/bin/../lib/gcc/arm-none-eabi/9.2.1/../../../../arm-none-eabi/lib/thumb/v7-m/nofp/libc_nano.a(lib_a-malloc.o)
 .ARM.attributes
                0x0000000000000492       0x2d /opt/gcc-arm/bin/../lib/gcc/arm-none-eabi/9.2.1/../../../../arm-none-eabi/lib/thumb/v7-m/nofp/libc_nano.a(lib_a-memcpy-stub.o)
 .ARM.attributes
                0x00000000000004bf       0x2d /opt/gcc-arm/bin/../lib/gcc/arm-none-eabi/9.2.1/../../../../arm-none-eabi/lib/thumb/v7-m/nofp/libc_nano.a(lib_a-memset.o)
 .ARM.attributes
                0x00000000000004ec       0x2d /opt/gcc-arm/bin/../lib/gcc/arm-none-eabi/9.2.1/../../../../arm-none-eabi/lib/thumb/v7-m/nofp/libc_nano.a(lib_a-month_lengths.o)
 .ARM.attributes
                0x0000000000000519       0x2d /opt/gcc-arm/bin/../lib/gcc/arm-none-eabi/9.2.1/../../../../arm-none-eabi/lib/thumb/v7-m/nofp/libc_nano.a(lib_a-nano-freer.o)
 .ARM.attributes
                0x0000000000000546       0x2d /opt/gcc-arm/bin/../lib/gcc/arm-none-eabi/9.2.1/../../../../arm-none-eabi/lib/thumb/v7-m/nofp/libc_nano.a(lib_a-nano-mallocr.o)
 .ARM.attributes
                0x0000000000000573       0x2d /opt/gcc-arm/bin/../lib/gcc/arm-none-eabi/9.2.1/../../../../arm-none-eabi/lib/thumb/v7-m/nofp/libc_nano.a(lib_a-nano-vfprintf_float.o)
 .ARM.attributes
                0x00000000000005a0       0x2d /opt/gcc-arm/bin/../lib/gcc/arm-none-eabi/9.2.1/../../../../arm-none-eabi/lib/thumb/v7-m/nofp/libc_nano.a(lib_a-nano-vfprintf_i.o)
 .ARM.attributes
                0x00000000000005cd       0x2d /opt/gcc-arm/bin/../lib/gcc/arm-none-eabi/9.2.1/../../../../arm-none-eabi/lib/thumb/v7-m/nofp/libc_nano.a(lib_a-printf.o)
 .ARM.attributes